CRITICAL - 2026-03-10 12:52:55 --> ErrorException: Array to string conversion
[Method: GET, Route: company/main/all/category]
in APPPATH\Views\company\by_var.php on line 21.
 1 APPPATH\Views\company\by_var.php(21): CodeIgniter\Debug\Exceptions->errorHandler(2, 'Array to string conversion', 'C:\\xampp\\htdocs\\iitm\\central\\app\\Views\\company\\by_var.php', 21)
 2 SYSTEMPATH\View\View.php(226): include('C:\\xampp\\htdocs\\iitm\\central\\app\\Views\\company\\by_var.php')
 3 SYSTEMPATH\View\View.php(229): CodeIgniter\View\View->CodeIgniter\View\{closure}()
 4 SYSTEMPATH\Common.php(1199): CodeIgniter\View\View->render('company/by_var', [], true)
 5 APPPATH\Controllers\Company.php(270): view('company/by_var', [...])
 6 SYSTEMPATH\CodeIgniter.php(933): App\Controllers\Company->byvar('main', 'all', 'category')
 7 SYSTEMPATH\CodeIgniter.php(507): CodeIgniter\CodeIgniter->runController(Object(App\Controllers\Company))
 8 SYSTEMPATH\CodeIgniter.php(354): CodeIgniter\CodeIgniter->handleRequest(null, Object(Config\Cache), false)
 9 SYSTEMPATH\Boot.php(363): CodeIgniter\CodeIgniter->run()
10 SYSTEMPATH\Boot.php(68): CodeIgniter\Boot::runCodeIgniter(Object(CodeIgniter\CodeIgniter))
11 FCPATH\index.php(59): CodeIgniter\Boot::bootWeb(Object(Config\Paths))
CRITICAL - 2026-03-10 12:53:47 --> ErrorException: Array to string conversion
[Method: GET, Route: company/main/all/category]
in APPPATH\Views\company\by_var.php on line 22.
 1 APPPATH\Views\company\by_var.php(22): CodeIgniter\Debug\Exceptions->errorHandler(2, 'Array to string conversion', 'C:\\xampp\\htdocs\\iitm\\central\\app\\Views\\company\\by_var.php', 22)
 2 SYSTEMPATH\View\View.php(226): include('C:\\xampp\\htdocs\\iitm\\central\\app\\Views\\company\\by_var.php')
 3 SYSTEMPATH\View\View.php(229): CodeIgniter\View\View->CodeIgniter\View\{closure}()
 4 SYSTEMPATH\Common.php(1199): CodeIgniter\View\View->render('company/by_var', [], true)
 5 APPPATH\Controllers\Company.php(270): view('company/by_var', [...])
 6 SYSTEMPATH\CodeIgniter.php(933): App\Controllers\Company->byvar('main', 'all', 'category')
 7 SYSTEMPATH\CodeIgniter.php(507): CodeIgniter\CodeIgniter->runController(Object(App\Controllers\Company))
 8 SYSTEMPATH\CodeIgniter.php(354): CodeIgniter\CodeIgniter->handleRequest(null, Object(Config\Cache), false)
 9 SYSTEMPATH\Boot.php(363): CodeIgniter\CodeIgniter->run()
10 SYSTEMPATH\Boot.php(68): CodeIgniter\Boot::runCodeIgniter(Object(CodeIgniter\CodeIgniter))
11 FCPATH\index.php(59): CodeIgniter\Boot::bootWeb(Object(Config\Paths))
CRITICAL - 2026-03-10 15:14:37 --> Exception: Invalid column
[Method: GET, Route: company/participant/overview]
in APPPATH\Controllers\Company.php on line 176.
 1 APPPATH\Controllers\Company.php(164): App\Controllers\Company->overviewDynamic('participant', 'all')
 2 APPPATH\Controllers\Company.php(239): App\Controllers\Company->overview('participant', 'all')
 3 SYSTEMPATH\CodeIgniter.php(933): App\Controllers\Company->byvar('participant', 'overview')
 4 SYSTEMPATH\CodeIgniter.php(507): CodeIgniter\CodeIgniter->runController(Object(App\Controllers\Company))
 5 SYSTEMPATH\CodeIgniter.php(354): CodeIgniter\CodeIgniter->handleRequest(null, Object(Config\Cache), false)
 6 SYSTEMPATH\Boot.php(363): CodeIgniter\CodeIgniter->run()
 7 SYSTEMPATH\Boot.php(68): CodeIgniter\Boot::runCodeIgniter(Object(CodeIgniter\CodeIgniter))
 8 FCPATH\index.php(59): CodeIgniter\Boot::bootWeb(Object(Config\Paths))
CRITICAL - 2026-03-10 15:16:14 --> Exception: Invalid column
[Method: GET, Route: company/main/overview]
in APPPATH\Controllers\Company.php on line 176.
 1 APPPATH\Controllers\Company.php(164): App\Controllers\Company->overviewDynamic('main', 'all')
 2 APPPATH\Controllers\Company.php(239): App\Controllers\Company->overview('main', 'all')
 3 SYSTEMPATH\CodeIgniter.php(933): App\Controllers\Company->byvar('main', 'overview')
 4 SYSTEMPATH\CodeIgniter.php(507): CodeIgniter\CodeIgniter->runController(Object(App\Controllers\Company))
 5 SYSTEMPATH\CodeIgniter.php(354): CodeIgniter\CodeIgniter->handleRequest(null, Object(Config\Cache), false)
 6 SYSTEMPATH\Boot.php(363): CodeIgniter\CodeIgniter->run()
 7 SYSTEMPATH\Boot.php(68): CodeIgniter\Boot::runCodeIgniter(Object(CodeIgniter\CodeIgniter))
 8 FCPATH\index.php(59): CodeIgniter\Boot::bootWeb(Object(Config\Paths))
CRITICAL - 2026-03-10 16:31:52 --> Exception: Invalid column
[Method: GET, Route: company/main/overview]
in APPPATH\Controllers\Company.php on line 176.
 1 APPPATH\Controllers\Company.php(164): App\Controllers\Company->overviewDynamic('main', 'all')
 2 APPPATH\Controllers\Company.php(239): App\Controllers\Company->overview('main', 'all')
 3 SYSTEMPATH\CodeIgniter.php(933): App\Controllers\Company->byvar('main', 'overview')
 4 SYSTEMPATH\CodeIgniter.php(507): CodeIgniter\CodeIgniter->runController(Object(App\Controllers\Company))
 5 SYSTEMPATH\CodeIgniter.php(354): CodeIgniter\CodeIgniter->handleRequest(null, Object(Config\Cache), false)
 6 SYSTEMPATH\Boot.php(363): CodeIgniter\CodeIgniter->run()
 7 SYSTEMPATH\Boot.php(68): CodeIgniter\Boot::runCodeIgniter(Object(CodeIgniter\CodeIgniter))
 8 FCPATH\index.php(59): CodeIgniter\Boot::bootWeb(Object(Config\Paths))
CRITICAL - 2026-03-10 16:41:07 --> ErrorException: Maximum execution time of 120 seconds exceeded
[Method: GET, Route: company/Main]
in SYSTEMPATH\Database\MySQLi\Connection.php on line 327.
 1 [internal function]: CodeIgniter\Debug\Exceptions->shutdownHandler()
CRITICAL - 2026-03-10 17:08:01 --> CodeIgniter\HTTP\Exceptions\BadRequestException: The URI you submitted has disallowed characters: "A&N"
[Method: GET, Route: company/main/all/all/all/A&N]
in SYSTEMPATH\Router\Router.php on line 741.
 1 SYSTEMPATH\Router\Router.php(207): CodeIgniter\Router\Router->checkDisallowedChars('company/main/all/all/all/A&N')
 2 SYSTEMPATH\CodeIgniter.php(832): CodeIgniter\Router\Router->handle('company/main/all/all/all/A&N')
 3 SYSTEMPATH\CodeIgniter.php(455): CodeIgniter\CodeIgniter->tryToRouteIt(Object(CodeIgniter\Router\RouteCollection))
 4 SYSTEMPATH\CodeIgniter.php(354): CodeIgniter\CodeIgniter->handleRequest(null, Object(Config\Cache), false)
 5 SYSTEMPATH\Boot.php(363): CodeIgniter\CodeIgniter->run()
 6 SYSTEMPATH\Boot.php(68): CodeIgniter\Boot::runCodeIgniter(Object(CodeIgniter\CodeIgniter))
 7 FCPATH\index.php(59): CodeIgniter\Boot::bootWeb(Object(Config\Paths))
CRITICAL - 2026-03-10 17:13:14 --> CodeIgniter\HTTP\Exceptions\BadRequestException: The URI you submitted has disallowed characters: "Andaman & Nicobar Islands"
[Method: GET, Route: company/main/all/all/all/Andaman%20&%20Nicobar%20Islands]
in SYSTEMPATH\Router\Router.php on line 741.
 1 SYSTEMPATH\Router\Router.php(207): CodeIgniter\Router\Router->checkDisallowedChars('company/main/all/all/all/Andaman & Nicobar Islands')
 2 SYSTEMPATH\CodeIgniter.php(832): CodeIgniter\Router\Router->handle('company/main/all/all/all/Andaman & Nicobar Islands')
 3 SYSTEMPATH\CodeIgniter.php(455): CodeIgniter\CodeIgniter->tryToRouteIt(Object(CodeIgniter\Router\RouteCollection))
 4 SYSTEMPATH\CodeIgniter.php(354): CodeIgniter\CodeIgniter->handleRequest(null, Object(Config\Cache), false)
 5 SYSTEMPATH\Boot.php(363): CodeIgniter\CodeIgniter->run()
 6 SYSTEMPATH\Boot.php(68): CodeIgniter\Boot::runCodeIgniter(Object(CodeIgniter\CodeIgniter))
 7 FCPATH\index.php(59): CodeIgniter\Boot::bootWeb(Object(Config\Paths))
CRITICAL - 2026-03-10 17:19:22 --> Exception: Invalid column
[Method: GET, Route: company/main/overview]
in APPPATH\Controllers\Company.php on line 176.
 1 APPPATH\Controllers\Company.php(164): App\Controllers\Company->overviewDynamic('main', 'all')
 2 APPPATH\Controllers\Company.php(239): App\Controllers\Company->overview('main', 'all')
 3 SYSTEMPATH\CodeIgniter.php(933): App\Controllers\Company->byvar('main', 'overview')
 4 SYSTEMPATH\CodeIgniter.php(507): CodeIgniter\CodeIgniter->runController(Object(App\Controllers\Company))
 5 SYSTEMPATH\CodeIgniter.php(354): CodeIgniter\CodeIgniter->handleRequest(null, Object(Config\Cache), false)
 6 SYSTEMPATH\Boot.php(363): CodeIgniter\CodeIgniter->run()
 7 SYSTEMPATH\Boot.php(68): CodeIgniter\Boot::runCodeIgniter(Object(CodeIgniter\CodeIgniter))
 8 FCPATH\index.php(59): CodeIgniter\Boot::bootWeb(Object(Config\Paths))
CRITICAL - 2026-03-10 17:19:48 --> Exception: Invalid column
[Method: GET, Route: company/main/overview]
in APPPATH\Controllers\Company.php on line 176.
 1 APPPATH\Controllers\Company.php(164): App\Controllers\Company->overviewDynamic('main', 'all')
 2 APPPATH\Controllers\Company.php(239): App\Controllers\Company->overview('main', 'all')
 3 SYSTEMPATH\CodeIgniter.php(933): App\Controllers\Company->byvar('main', 'overview')
 4 SYSTEMPATH\CodeIgniter.php(507): CodeIgniter\CodeIgniter->runController(Object(App\Controllers\Company))
 5 SYSTEMPATH\CodeIgniter.php(354): CodeIgniter\CodeIgniter->handleRequest(null, Object(Config\Cache), false)
 6 SYSTEMPATH\Boot.php(363): CodeIgniter\CodeIgniter->run()
 7 SYSTEMPATH\Boot.php(68): CodeIgniter\Boot::runCodeIgniter(Object(CodeIgniter\CodeIgniter))
 8 FCPATH\index.php(59): CodeIgniter\Boot::bootWeb(Object(Config\Paths))
ERROR - 2026-03-10 17:21:36 --> mysqli_sql_exception: Unknown column 'main' in 'field list' in C:\xampp\htdocs\iitm\central\vendor\codeigniter4\framework\system\Database\MySQLi\Connection.php:327
Stack trace:
#0 C:\xampp\htdocs\iitm\central\vendor\codeigniter4\framework\system\Database\MySQLi\Connection.php(327): mysqli->query('    select coun...', 0)
#1 C:\xampp\htdocs\iitm\central\vendor\codeigniter4\framework\system\Database\BaseConnection.php(729): CodeIgniter\Database\MySQLi\Connection->execute('    select coun...')
#2 C:\xampp\htdocs\iitm\central\vendor\codeigniter4\framework\system\Database\BaseConnection.php(646): CodeIgniter\Database\BaseConnection->simpleQuery('    select coun...')
#3 C:\xampp\htdocs\iitm\central\app\Controllers\Backend.php(60): CodeIgniter\Database\BaseConnection->query('    select coun...')
#4 C:\xampp\htdocs\iitm\central\vendor\codeigniter4\framework\system\CodeIgniter.php(933): App\Controllers\Backend->runSql()
#5 C:\xampp\htdocs\iitm\central\vendor\codeigniter4\framework\system\CodeIgniter.php(507): CodeIgniter\CodeIgniter->runController(Object(App\Controllers\Backend))
#6 C:\xampp\htdocs\iitm\central\vendor\codeigniter4\framework\system\CodeIgniter.php(354): CodeIgniter\CodeIgniter->handleRequest(NULL, Object(Config\Cache), false)
#7 C:\xampp\htdocs\iitm\central\vendor\codeigniter4\framework\system\Boot.php(363): CodeIgniter\CodeIgniter->run()
#8 C:\xampp\htdocs\iitm\central\vendor\codeigniter4\framework\system\Boot.php(68): CodeIgniter\Boot::runCodeIgniter(Object(CodeIgniter\CodeIgniter))
#9 C:\xampp\htdocs\iitm\central\index.php(59): CodeIgniter\Boot::bootWeb(Object(Config\Paths))
#10 {main}
CRITICAL - 2026-03-10 17:21:54 --> ErrorException: Maximum execution time of 120 seconds exceeded
[Method: GET, Route: home]
in SYSTEMPATH\Database\MySQLi\Connection.php on line 327.
 1 [internal function]: CodeIgniter\Debug\Exceptions->shutdownHandler()
CRITICAL - 2026-03-10 17:22:54 --> ErrorException: Maximum execution time of 120 seconds exceeded
[Method: POST, Route: company/getDynamicFilters]
in SYSTEMPATH\Database\MySQLi\Connection.php on line 327.
 1 [internal function]: CodeIgniter\Debug\Exceptions->shutdownHandler()
CRITICAL - 2026-03-10 17:30:15 --> ErrorException: Maximum execution time of 120 seconds exceeded
[Method: POST, Route: company/getDynamicFilters]
in SYSTEMPATH\Database\MySQLi\Connection.php on line 327.
 1 [internal function]: CodeIgniter\Debug\Exceptions->shutdownHandler()
CRITICAL - 2026-03-10 18:44:45 --> ErrorException: Maximum execution time of 120 seconds exceeded
[Method: GET, Route: company/overview]
in SYSTEMPATH\Database\MySQLi\Connection.php on line 327.
 1 [internal function]: CodeIgniter\Debug\Exceptions->shutdownHandler()
CRITICAL - 2026-03-10 18:47:29 --> ErrorException: Maximum execution time of 120 seconds exceeded
[Method: POST, Route: company/getDynamicFilters]
in SYSTEMPATH\Database\MySQLi\Connection.php on line 327.
 1 [internal function]: CodeIgniter\Debug\Exceptions->shutdownHandler()
CRITICAL - 2026-03-10 18:48:16 --> ParseError: Unclosed '{' on line 2
[Method: GET, Route: company/overview]
in APPPATH\Views\company\overview.php on line 35.
 1 SYSTEMPATH\View\View.php(229): CodeIgniter\View\View->CodeIgniter\View\{closure}()
 2 SYSTEMPATH\Common.php(1199): CodeIgniter\View\View->render('company/overview', [], true)
 3 APPPATH\Controllers\Company.php(327): view('company/overview', [...])
 4 APPPATH\Controllers\Company.php(344): App\Controllers\Company->fulloverview()
 5 SYSTEMPATH\CodeIgniter.php(933): App\Controllers\Company->byvar('overview')
 6 SYSTEMPATH\CodeIgniter.php(507): CodeIgniter\CodeIgniter->runController(Object(App\Controllers\Company))
 7 SYSTEMPATH\CodeIgniter.php(354): CodeIgniter\CodeIgniter->handleRequest(null, Object(Config\Cache), false)
 8 SYSTEMPATH\Boot.php(363): CodeIgniter\CodeIgniter->run()
 9 SYSTEMPATH\Boot.php(68): CodeIgniter\Boot::runCodeIgniter(Object(CodeIgniter\CodeIgniter))
10 FCPATH\index.php(59): CodeIgniter\Boot::bootWeb(Object(Config\Paths))
CRITICAL - 2026-03-10 18:48:44 --> ErrorException: Maximum execution time of 120 seconds exceeded
[Method: GET, Route: company/overview]
in SYSTEMPATH\Database\MySQLi\Connection.php on line 327.
 1 [internal function]: CodeIgniter\Debug\Exceptions->shutdownHandler()
CRITICAL - 2026-03-10 18:48:59 --> ErrorException: Maximum execution time of 120 seconds exceeded
[Method: GET, Route: company/overview]
in SYSTEMPATH\Database\MySQLi\Connection.php on line 327.
 1 [internal function]: CodeIgniter\Debug\Exceptions->shutdownHandler()
CRITICAL - 2026-03-10 18:51:21 --> ErrorException: Maximum execution time of 120 seconds exceeded
[Method: POST, Route: company/getDynamicFilters]
in SYSTEMPATH\Database\MySQLi\Connection.php on line 327.
 1 [internal function]: CodeIgniter\Debug\Exceptions->shutdownHandler()
ERROR - 2026-03-10 18:52:00 --> mysqli_sql_exception: Unknown column 'city_name' in 'field list' in C:\xampp\htdocs\iitm\central\vendor\codeigniter4\framework\system\Database\MySQLi\Connection.php:327
Stack trace:
#0 C:\xampp\htdocs\iitm\central\vendor\codeigniter4\framework\system\Database\MySQLi\Connection.php(327): mysqli->query('    SELECT\r\n   ...', 0)
#1 C:\xampp\htdocs\iitm\central\vendor\codeigniter4\framework\system\Database\BaseConnection.php(729): CodeIgniter\Database\MySQLi\Connection->execute('    SELECT\r\n   ...')
#2 C:\xampp\htdocs\iitm\central\vendor\codeigniter4\framework\system\Database\BaseConnection.php(646): CodeIgniter\Database\BaseConnection->simpleQuery('    SELECT\r\n   ...')
#3 C:\xampp\htdocs\iitm\central\app\Controllers\Backend.php(60): CodeIgniter\Database\BaseConnection->query('    SELECT\r\n   ...')
#4 C:\xampp\htdocs\iitm\central\vendor\codeigniter4\framework\system\CodeIgniter.php(933): App\Controllers\Backend->runSql()
#5 C:\xampp\htdocs\iitm\central\vendor\codeigniter4\framework\system\CodeIgniter.php(507): CodeIgniter\CodeIgniter->runController(Object(App\Controllers\Backend))
#6 C:\xampp\htdocs\iitm\central\vendor\codeigniter4\framework\system\CodeIgniter.php(354): CodeIgniter\CodeIgniter->handleRequest(NULL, Object(Config\Cache), false)
#7 C:\xampp\htdocs\iitm\central\vendor\codeigniter4\framework\system\Boot.php(363): CodeIgniter\CodeIgniter->run()
#8 C:\xampp\htdocs\iitm\central\vendor\codeigniter4\framework\system\Boot.php(68): CodeIgniter\Boot::runCodeIgniter(Object(CodeIgniter\CodeIgniter))
#9 C:\xampp\htdocs\iitm\central\index.php(59): CodeIgniter\Boot::bootWeb(Object(Config\Paths))
#10 {main}
ERROR - 2026-03-10 18:52:40 --> mysqli_sql_exception: Column 'city' in field list is ambiguous in C:\xampp\htdocs\iitm\central\vendor\codeigniter4\framework\system\Database\MySQLi\Connection.php:327
Stack trace:
#0 C:\xampp\htdocs\iitm\central\vendor\codeigniter4\framework\system\Database\MySQLi\Connection.php(327): mysqli->query('    SELECT\r\n   ...', 0)
#1 C:\xampp\htdocs\iitm\central\vendor\codeigniter4\framework\system\Database\BaseConnection.php(729): CodeIgniter\Database\MySQLi\Connection->execute('    SELECT\r\n   ...')
#2 C:\xampp\htdocs\iitm\central\vendor\codeigniter4\framework\system\Database\BaseConnection.php(646): CodeIgniter\Database\BaseConnection->simpleQuery('    SELECT\r\n   ...')
#3 C:\xampp\htdocs\iitm\central\app\Controllers\Backend.php(60): CodeIgniter\Database\BaseConnection->query('    SELECT\r\n   ...')
#4 C:\xampp\htdocs\iitm\central\vendor\codeigniter4\framework\system\CodeIgniter.php(933): App\Controllers\Backend->runSql()
#5 C:\xampp\htdocs\iitm\central\vendor\codeigniter4\framework\system\CodeIgniter.php(507): CodeIgniter\CodeIgniter->runController(Object(App\Controllers\Backend))
#6 C:\xampp\htdocs\iitm\central\vendor\codeigniter4\framework\system\CodeIgniter.php(354): CodeIgniter\CodeIgniter->handleRequest(NULL, Object(Config\Cache), false)
#7 C:\xampp\htdocs\iitm\central\vendor\codeigniter4\framework\system\Boot.php(363): CodeIgniter\CodeIgniter->run()
#8 C:\xampp\htdocs\iitm\central\vendor\codeigniter4\framework\system\Boot.php(68): CodeIgniter\Boot::runCodeIgniter(Object(CodeIgniter\CodeIgniter))
#9 C:\xampp\htdocs\iitm\central\index.php(59): CodeIgniter\Boot::bootWeb(Object(Config\Paths))
#10 {main}
CRITICAL - 2026-03-10 18:54:29 --> ErrorException: Maximum execution time of 120 seconds exceeded
[Method: POST, Route: company/getDynamicFilters]
in SYSTEMPATH\Database\MySQLi\Connection.php on line 327.
 1 [internal function]: CodeIgniter\Debug\Exceptions->shutdownHandler()
CRITICAL - 2026-03-10 19:14:19 --> ErrorException: Maximum execution time of 120 seconds exceeded
[Method: GET, Route: search]
in SYSTEMPATH\Database\MySQLi\Connection.php on line 328.
 1 [internal function]: CodeIgniter\Debug\Exceptions->shutdownHandler()
CRITICAL - 2026-03-10 19:14:19 --> ErrorException: Maximum execution time of 120 seconds exceeded
[Method: GET, Route: events]
in SYSTEMPATH\Database\MySQLi\Connection.php on line 328.
 1 [internal function]: CodeIgniter\Debug\Exceptions->shutdownHandler()
ERROR - 2026-03-10 19:14:50 --> Error connecting to the database: mysqli_sql_exception: No connection could be made because the target machine actively refused it in C:\xampp\htdocs\iitm\central\vendor\codeigniter4\framework\system\Database\MySQLi\Connection.php:201
Stack trace:
#0 C:\xampp\htdocs\iitm\central\vendor\codeigniter4\framework\system\Database\MySQLi\Connection.php(201): mysqli->real_connect('localhost', 'root', Object(SensitiveParameterValue), 'testing_server', 3306, '', 0)
#1 C:\xampp\htdocs\iitm\central\vendor\codeigniter4\framework\system\Database\BaseConnection.php(419): CodeIgniter\Database\MySQLi\Connection->connect(false)
#2 C:\xampp\htdocs\iitm\central\vendor\codeigniter4\framework\system\Database\BaseConnection.php(614): CodeIgniter\Database\BaseConnection->initialize()
#3 C:\xampp\htdocs\iitm\central\vendor\codeigniter4\framework\system\Database\BaseBuilder.php(1649): CodeIgniter\Database\BaseConnection->query('SELECT `c`.`com...', Array, false)
#4 C:\xampp\htdocs\iitm\central\app\Models\AlldetailsModel.php(84): CodeIgniter\Database\BaseBuilder->get()
#5 C:\xampp\htdocs\iitm\central\app\Controllers\Search.php(24): App\Models\AlldetailsModel->search('super')
#6 C:\xampp\htdocs\iitm\central\vendor\codeigniter4\framework\system\CodeIgniter.php(933): App\Controllers\Search->index()
#7 C:\xampp\htdocs\iitm\central\vendor\codeigniter4\framework\system\CodeIgniter.php(507): CodeIgniter\CodeIgniter->runController(Object(App\Controllers\Search))
#8 C:\xampp\htdocs\iitm\central\vendor\codeigniter4\framework\system\CodeIgniter.php(354): CodeIgniter\CodeIgniter->handleRequest(NULL, Object(Config\Cache), false)
#9 C:\xampp\htdocs\iitm\central\vendor\codeigniter4\framework\system\Boot.php(363): CodeIgniter\CodeIgniter->run()
#10 C:\xampp\htdocs\iitm\central\vendor\codeigniter4\framework\system\Boot.php(68): CodeIgniter\Boot::runCodeIgniter(Object(CodeIgniter\CodeIgniter))
#11 C:\xampp\htdocs\iitm\central\index.php(59): CodeIgniter\Boot::bootWeb(Object(Config\Paths))
#12 {main}

Next CodeIgniter\Database\Exceptions\DatabaseException: No connection could be made because the target machine actively refused it in C:\xampp\htdocs\iitm\central\vendor\codeigniter4\framework\system\Database\MySQLi\Connection.php:246
Stack trace:
#0 C:\xampp\htdocs\iitm\central\vendor\codeigniter4\framework\system\Database\BaseConnection.php(419): CodeIgniter\Database\MySQLi\Connection->connect(false)
#1 C:\xampp\htdocs\iitm\central\vendor\codeigniter4\framework\system\Database\BaseConnection.php(614): CodeIgniter\Database\BaseConnection->initialize()
#2 C:\xampp\htdocs\iitm\central\vendor\codeigniter4\framework\system\Database\BaseBuilder.php(1649): CodeIgniter\Database\BaseConnection->query('SELECT `c`.`com...', Array, false)
#3 C:\xampp\htdocs\iitm\central\app\Models\AlldetailsModel.php(84): CodeIgniter\Database\BaseBuilder->get()
#4 C:\xampp\htdocs\iitm\central\app\Controllers\Search.php(24): App\Models\AlldetailsModel->search('super')
#5 C:\xampp\htdocs\iitm\central\vendor\codeigniter4\framework\system\CodeIgniter.php(933): App\Controllers\Search->index()
#6 C:\xampp\htdocs\iitm\central\vendor\codeigniter4\framework\system\CodeIgniter.php(507): CodeIgniter\CodeIgniter->runController(Object(App\Controllers\Search))
#7 C:\xampp\htdocs\iitm\central\vendor\codeigniter4\framework\system\CodeIgniter.php(354): CodeIgniter\CodeIgniter->handleRequest(NULL, Object(Config\Cache), false)
#8 C:\xampp\htdocs\iitm\central\vendor\codeigniter4\framework\system\Boot.php(363): CodeIgniter\CodeIgniter->run()
#9 C:\xampp\htdocs\iitm\central\vendor\codeigniter4\framework\system\Boot.php(68): CodeIgniter\Boot::runCodeIgniter(Object(CodeIgniter\CodeIgniter))
#10 C:\xampp\htdocs\iitm\central\index.php(59): CodeIgniter\Boot::bootWeb(Object(Config\Paths))
#11 {main}
CRITICAL - 2026-03-10 19:14:50 --> CodeIgniter\Database\Exceptions\DatabaseException: Unable to connect to the database.
Main connection [MySQLi]: No connection could be made because the target machine actively refused it
[Method: GET, Route: search]
in SYSTEMPATH\Database\BaseConnection.php on line 465.
 1 SYSTEMPATH\Database\BaseConnection.php(614): CodeIgniter\Database\BaseConnection->initialize()
 2 SYSTEMPATH\Database\BaseBuilder.php(1649): CodeIgniter\Database\BaseConnection->query('SELECT `c`.`company_id`, `c`.`company_name`, `c`.`category`, `c`.`city`, `c`.`state`, GROUP_CONCAT(
                DISTINCT CONCAT(
                    co.name, \' (\', `co`.`designation`, \') - \', IFNULL(cm.mobile, \'N/A\'), \' / \', IFNULL(ce.email, \'N/A\')
                )
                SEPARATOR \'\\n\'
            ) AS contacts
FROM `company_data` `c`
LEFT JOIN `contact` `co` ON `co`.`company_id` = `c`.`company_id`
LEFT JOIN `contact_mobile` `cm` ON `cm`.`contact_id` = `co`.`contact_id` AND `cm`.`is_primary` = 1
LEFT JOIN `contact_email` `ce` ON `ce`.`contact_id` = `co`.`contact_id` AND `ce`.`is_primary` = 1
WHERE   (
`c`.`company_name` LIKE :c.company_name: ESCAPE \'!\'
OR  `c`.`category` LIKE :c.category: ESCAPE \'!\'
OR  `c`.`company_id` LIKE :c.company_id: ESCAPE \'!\'
OR  `c`.`city` LIKE :c.city: ESCAPE \'!\'
OR  `c`.`state` LIKE :c.state: ESCAPE \'!\'
OR  `co`.`name` LIKE :co.name: ESCAPE \'!\'
OR  `co`.`designation` LIKE :co.designation: ESCAPE \'!\'
OR  `ce`.`email` LIKE :ce.email: ESCAPE \'!\'
OR  `cm`.`mobile` LIKE :cm.mobile: ESCAPE \'!\'
 )
GROUP BY `c`.`company_id`
ORDER BY `c`.`company_name` ASC', [...], false)
 3 APPPATH\Models\AlldetailsModel.php(84): CodeIgniter\Database\BaseBuilder->get()
 4 APPPATH\Controllers\Search.php(24): App\Models\AlldetailsModel->search('super')
 5 SYSTEMPATH\CodeIgniter.php(933): App\Controllers\Search->index()
 6 SYSTEMPATH\CodeIgniter.php(507): CodeIgniter\CodeIgniter->runController(Object(App\Controllers\Search))
 7 SYSTEMPATH\CodeIgniter.php(354): CodeIgniter\CodeIgniter->handleRequest(null, Object(Config\Cache), false)
 8 SYSTEMPATH\Boot.php(363): CodeIgniter\CodeIgniter->run()
 9 SYSTEMPATH\Boot.php(68): CodeIgniter\Boot::runCodeIgniter(Object(CodeIgniter\CodeIgniter))
10 FCPATH\index.php(59): CodeIgniter\Boot::bootWeb(Object(Config\Paths))
CRITICAL - 2026-03-10 19:19:06 --> ErrorException: Maximum execution time of 120 seconds exceeded
[Method: GET, Route: home]
in SYSTEMPATH\Database\MySQLi\Connection.php on line 327.
 1 [internal function]: CodeIgniter\Debug\Exceptions->shutdownHandler()
