CRITICAL - 2026-03-13 05:59:39 --> TypeError: view(): Argument #2 ($data) must be of type array, CodeIgniter\Session\Session given, called in C:\xampp\htdocs\iitm\app\app\Controllers\Authentication.php on line 125
[Method: POST, Route: login]
in SYSTEMPATH\Common.php on line 1187.
 1 APPPATH\Controllers\Authentication.php(125): view('mainmenu/index', Object(CodeIgniter\Session\Session))
 2 SYSTEMPATH\CodeIgniter.php(933): App\Controllers\Authentication->login()
 3 SYSTEMPATH\CodeIgniter.php(507): CodeIgniter\CodeIgniter->runController(Object(App\Controllers\Authentication))
 4 SYSTEMPATH\CodeIgniter.php(354): CodeIgniter\CodeIgniter->handleRequest(null, Object(Config\Cache), false)
 5 SYSTEMPATH\Boot.php(363): CodeIgniter\CodeIgniter->run()
 6 SYSTEMPATH\Boot.php(68): CodeIgniter\Boot::runCodeIgniter(Object(CodeIgniter\CodeIgniter))
 7 FCPATH\index.php(59): CodeIgniter\Boot::bootWeb(Object(Config\Paths))
CRITICAL - 2026-03-13 07:39:19 --> ErrorException: Undefined variable $data
[Method: GET, Route: profile]
in APPPATH\Views\profile\index.php on line 158.
 1 APPPATH\Views\profile\index.php(158): CodeIgniter\Debug\Exceptions->errorHandler(2, 'Undefined variable $data', 'C:\\xampp\\htdocs\\iitm\\app\\app\\Views\\profile\\index.php', 158)
 2 APPPATH\Views\app.php(196): include('C:\\xampp\\htdocs\\iitm\\app\\app\\Views\\profile\\index.php')
 3 SYSTEMPATH\View\View.php(226): include('C:\\xampp\\htdocs\\iitm\\app\\app\\Views\\app.php')
 4 SYSTEMPATH\View\View.php(229): CodeIgniter\View\View->CodeIgniter\View\{closure}()
 5 SYSTEMPATH\Common.php(1199): CodeIgniter\View\View->render('app', [], true)
 6 APPPATH\Controllers\Mainmenu.php(14): view('app')
 7 SYSTEMPATH\CodeIgniter.php(933): App\Controllers\Mainmenu->index()
 8 SYSTEMPATH\CodeIgniter.php(507): CodeIgniter\CodeIgniter->runController(Object(App\Controllers\Mainmenu))
 9 SYSTEMPATH\CodeIgniter.php(354): CodeIgniter\CodeIgniter->handleRequest(null, Object(Config\Cache), false)
10 SYSTEMPATH\Boot.php(363): CodeIgniter\CodeIgniter->run()
11 SYSTEMPATH\Boot.php(68): CodeIgniter\Boot::runCodeIgniter(Object(CodeIgniter\CodeIgniter))
12 FCPATH\index.php(59): CodeIgniter\Boot::bootWeb(Object(Config\Paths))
