CRITICAL - 2026-02-28 10:27:17 --> ErrorException: Undefined array key 0
[Method: GET, Route: registration/regitersuccess/onlinetradevisitor-KOLKATA/7909075195]
in APPPATH\Views\registration\success.php on line 243.
 1 APPPATH\Views\registration\success.php(243): CodeIgniter\Debug\Exceptions->errorHandler(2, 'Undefined array key 0', 'C:\\xampp\\htdocs\\iitm\\central\\app\\Views\\registration\\success.php', 243)
 2 SYSTEMPATH\View\View.php(226): include('C:\\xampp\\htdocs\\iitm\\central\\app\\Views\\registration\\success.php')
 3 SYSTEMPATH\View\View.php(229): CodeIgniter\View\View->CodeIgniter\View\{closure}()
 4 SYSTEMPATH\Common.php(1199): CodeIgniter\View\View->render('registration/success', [], true)
 5 APPPATH\Controllers\Registration.php(137): view('registration/success', [...])
 6 SYSTEMPATH\CodeIgniter.php(933): App\Controllers\Registration->regitersuccess('onlinetradevisitor-KOLKATA', '7909075195')
 7 SYSTEMPATH\CodeIgniter.php(507): CodeIgniter\CodeIgniter->runController(Object(App\Controllers\Registration))
 8 SYSTEMPATH\CodeIgniter.php(354): CodeIgniter\CodeIgniter->handleRequest(null, Object(Config\Cache), false)
 9 SYSTEMPATH\Boot.php(363): CodeIgniter\CodeIgniter->run()
10 SYSTEMPATH\Boot.php(68): CodeIgniter\Boot::runCodeIgniter(Object(CodeIgniter\CodeIgniter))
11 FCPATH\index.php(59): CodeIgniter\Boot::bootWeb(Object(Config\Paths))
CRITICAL - 2026-02-28 12:19:31 --> ErrorException: Undefined variable $quote
[Method: GET, Route: registration/regitersuccess/onlinetradevisitor-pune/9876543210]
in APPPATH\Views\registration\success.php on line 187.
 1 APPPATH\Views\registration\success.php(187): CodeIgniter\Debug\Exceptions->errorHandler(2, 'Undefined variable $quote', 'C:\\xampp\\htdocs\\iitm\\central\\app\\Views\\registration\\success.php', 187)
 2 SYSTEMPATH\View\View.php(226): include('C:\\xampp\\htdocs\\iitm\\central\\app\\Views\\registration\\success.php')
 3 SYSTEMPATH\View\View.php(229): CodeIgniter\View\View->CodeIgniter\View\{closure}()
 4 SYSTEMPATH\Common.php(1199): CodeIgniter\View\View->render('registration/success', [], true)
 5 APPPATH\Controllers\Registration.php(139): view('registration/success', [...])
 6 SYSTEMPATH\CodeIgniter.php(933): App\Controllers\Registration->regitersuccess('onlinetradevisitor-pune', '9876543210')
 7 SYSTEMPATH\CodeIgniter.php(507): CodeIgniter\CodeIgniter->runController(Object(App\Controllers\Registration))
 8 SYSTEMPATH\CodeIgniter.php(354): CodeIgniter\CodeIgniter->handleRequest(null, Object(Config\Cache), false)
 9 SYSTEMPATH\Boot.php(363): CodeIgniter\CodeIgniter->run()
10 SYSTEMPATH\Boot.php(68): CodeIgniter\Boot::runCodeIgniter(Object(CodeIgniter\CodeIgniter))
11 FCPATH\index.php(59): CodeIgniter\Boot::bootWeb(Object(Config\Paths))
CRITICAL - 2026-02-28 12:19:47 --> ErrorException: Undefined variable $quote
[Method: GET, Route: registration/regitersuccess/onlinetradevisitor-pune/9876543210]
in APPPATH\Views\registration\success.php on line 186.
 1 APPPATH\Views\registration\success.php(186): CodeIgniter\Debug\Exceptions->errorHandler(2, 'Undefined variable $quote', 'C:\\xampp\\htdocs\\iitm\\central\\app\\Views\\registration\\success.php', 186)
 2 SYSTEMPATH\View\View.php(226): include('C:\\xampp\\htdocs\\iitm\\central\\app\\Views\\registration\\success.php')
 3 SYSTEMPATH\View\View.php(229): CodeIgniter\View\View->CodeIgniter\View\{closure}()
 4 SYSTEMPATH\Common.php(1199): CodeIgniter\View\View->render('registration/success', [], true)
 5 APPPATH\Controllers\Registration.php(139): view('registration/success', [...])
 6 SYSTEMPATH\CodeIgniter.php(933): App\Controllers\Registration->regitersuccess('onlinetradevisitor-pune', '9876543210')
 7 SYSTEMPATH\CodeIgniter.php(507): CodeIgniter\CodeIgniter->runController(Object(App\Controllers\Registration))
 8 SYSTEMPATH\CodeIgniter.php(354): CodeIgniter\CodeIgniter->handleRequest(null, Object(Config\Cache), false)
 9 SYSTEMPATH\Boot.php(363): CodeIgniter\CodeIgniter->run()
10 SYSTEMPATH\Boot.php(68): CodeIgniter\Boot::runCodeIgniter(Object(CodeIgniter\CodeIgniter))
11 FCPATH\index.php(59): CodeIgniter\Boot::bootWeb(Object(Config\Paths))
CRITICAL - 2026-02-28 12:20:05 --> ErrorException: Undefined variable $quote
[Method: GET, Route: registration/regitersuccess/onlinetradevisitor-pune/9876543210]
in APPPATH\Views\registration\success.php on line 175.
 1 APPPATH\Views\registration\success.php(175): CodeIgniter\Debug\Exceptions->errorHandler(2, 'Undefined variable $quote', 'C:\\xampp\\htdocs\\iitm\\central\\app\\Views\\registration\\success.php', 175)
 2 SYSTEMPATH\View\View.php(226): include('C:\\xampp\\htdocs\\iitm\\central\\app\\Views\\registration\\success.php')
 3 SYSTEMPATH\View\View.php(229): CodeIgniter\View\View->CodeIgniter\View\{closure}()
 4 SYSTEMPATH\Common.php(1199): CodeIgniter\View\View->render('registration/success', [], true)
 5 APPPATH\Controllers\Registration.php(139): view('registration/success', [...])
 6 SYSTEMPATH\CodeIgniter.php(933): App\Controllers\Registration->regitersuccess('onlinetradevisitor-pune', '9876543210')
 7 SYSTEMPATH\CodeIgniter.php(507): CodeIgniter\CodeIgniter->runController(Object(App\Controllers\Registration))
 8 SYSTEMPATH\CodeIgniter.php(354): CodeIgniter\CodeIgniter->handleRequest(null, Object(Config\Cache), false)
 9 SYSTEMPATH\Boot.php(363): CodeIgniter\CodeIgniter->run()
10 SYSTEMPATH\Boot.php(68): CodeIgniter\Boot::runCodeIgniter(Object(CodeIgniter\CodeIgniter))
11 FCPATH\index.php(59): CodeIgniter\Boot::bootWeb(Object(Config\Paths))
CRITICAL - 2026-02-28 12:20:32 --> ErrorException: Undefined variable $quote
[Method: GET, Route: registration/regitersuccess/onlinetradevisitor-pune/9876543210]
in APPPATH\Views\registration\success.php on line 178.
 1 APPPATH\Views\registration\success.php(178): CodeIgniter\Debug\Exceptions->errorHandler(2, 'Undefined variable $quote', 'C:\\xampp\\htdocs\\iitm\\central\\app\\Views\\registration\\success.php', 178)
 2 SYSTEMPATH\View\View.php(226): include('C:\\xampp\\htdocs\\iitm\\central\\app\\Views\\registration\\success.php')
 3 SYSTEMPATH\View\View.php(229): CodeIgniter\View\View->CodeIgniter\View\{closure}()
 4 SYSTEMPATH\Common.php(1199): CodeIgniter\View\View->render('registration/success', [], true)
 5 APPPATH\Controllers\Registration.php(139): view('registration/success', [...])
 6 SYSTEMPATH\CodeIgniter.php(933): App\Controllers\Registration->regitersuccess('onlinetradevisitor-pune', '9876543210')
 7 SYSTEMPATH\CodeIgniter.php(507): CodeIgniter\CodeIgniter->runController(Object(App\Controllers\Registration))
 8 SYSTEMPATH\CodeIgniter.php(354): CodeIgniter\CodeIgniter->handleRequest(null, Object(Config\Cache), false)
 9 SYSTEMPATH\Boot.php(363): CodeIgniter\CodeIgniter->run()
10 SYSTEMPATH\Boot.php(68): CodeIgniter\Boot::runCodeIgniter(Object(CodeIgniter\CodeIgniter))
11 FCPATH\index.php(59): CodeIgniter\Boot::bootWeb(Object(Config\Paths))
CRITICAL - 2026-02-28 12:21:30 --> ErrorException: Undefined variable $quote
[Method: GET, Route: registration/regitersuccess/onlinetradevisitor-pune/9876543210]
in APPPATH\Views\registration\success.php on line 175.
 1 APPPATH\Views\registration\success.php(175): CodeIgniter\Debug\Exceptions->errorHandler(2, 'Undefined variable $quote', 'C:\\xampp\\htdocs\\iitm\\central\\app\\Views\\registration\\success.php', 175)
 2 SYSTEMPATH\View\View.php(226): include('C:\\xampp\\htdocs\\iitm\\central\\app\\Views\\registration\\success.php')
 3 SYSTEMPATH\View\View.php(229): CodeIgniter\View\View->CodeIgniter\View\{closure}()
 4 SYSTEMPATH\Common.php(1199): CodeIgniter\View\View->render('registration/success', [], true)
 5 APPPATH\Controllers\Registration.php(139): view('registration/success', [...])
 6 SYSTEMPATH\CodeIgniter.php(933): App\Controllers\Registration->regitersuccess('onlinetradevisitor-pune', '9876543210')
 7 SYSTEMPATH\CodeIgniter.php(507): CodeIgniter\CodeIgniter->runController(Object(App\Controllers\Registration))
 8 SYSTEMPATH\CodeIgniter.php(354): CodeIgniter\CodeIgniter->handleRequest(null, Object(Config\Cache), false)
 9 SYSTEMPATH\Boot.php(363): CodeIgniter\CodeIgniter->run()
10 SYSTEMPATH\Boot.php(68): CodeIgniter\Boot::runCodeIgniter(Object(CodeIgniter\CodeIgniter))
11 FCPATH\index.php(59): CodeIgniter\Boot::bootWeb(Object(Config\Paths))
