CRITICAL - 2026-03-14 05:54:13 --> Error: Undefined constant "App\Controllers\DIRECTORY_SOURCE"
[Method: GET, Route: test-image]
in APPPATH\Controllers\Events.php on line 47.
 1 SYSTEMPATH\CodeIgniter.php(933): App\Controllers\Events->testImage()
 2 SYSTEMPATH\CodeIgniter.php(507): CodeIgniter\CodeIgniter->runController(Object(App\Controllers\Events))
 3 SYSTEMPATH\CodeIgniter.php(354): CodeIgniter\CodeIgniter->handleRequest(null, Object(Config\Cache), false)
 4 SYSTEMPATH\Boot.php(363): CodeIgniter\CodeIgniter->run()
 5 SYSTEMPATH\Boot.php(68): CodeIgniter\Boot::runCodeIgniter(Object(CodeIgniter\CodeIgniter))
 6 FCPATH\index.php(59): CodeIgniter\Boot::bootWeb(Object(Config\Paths))
CRITICAL - 2026-03-14 06:00:42 --> ErrorException: Undefined variable $events
[Method: GET, Route: layout]
in APPPATH\Views\layout\index.php on line 193.
 1 APPPATH\Views\layout\index.php(193): CodeIgniter\Debug\Exceptions->errorHandler(2, 'Undefined variable $events', 'C:\\xampp\\htdocs\\iitm\\app\\app\\Views\\layout\\index.php', 193)
 2 APPPATH\Views\app.php(189): include('C:\\xampp\\htdocs\\iitm\\app\\app\\Views\\layout\\index.php')
 3 SYSTEMPATH\View\View.php(226): include('C:\\xampp\\htdocs\\iitm\\app\\app\\Views\\app.php')
 4 SYSTEMPATH\View\View.php(229): CodeIgniter\View\View->CodeIgniter\View\{closure}()
 5 SYSTEMPATH\Common.php(1199): CodeIgniter\View\View->render('app', [], true)
 6 APPPATH\Controllers\Mainmenu.php(14): view('app')
 7 SYSTEMPATH\CodeIgniter.php(933): App\Controllers\Mainmenu->index()
 8 SYSTEMPATH\CodeIgniter.php(507): CodeIgniter\CodeIgniter->runController(Object(App\Controllers\Mainmenu))
 9 SYSTEMPATH\CodeIgniter.php(354): CodeIgniter\CodeIgniter->handleRequest(null, Object(Config\Cache), false)
10 SYSTEMPATH\Boot.php(363): CodeIgniter\CodeIgniter->run()
11 SYSTEMPATH\Boot.php(68): CodeIgniter\Boot::runCodeIgniter(Object(CodeIgniter\CodeIgniter))
12 FCPATH\index.php(59): CodeIgniter\Boot::bootWeb(Object(Config\Paths))
CRITICAL - 2026-03-14 06:01:58 --> ErrorException: Undefined variable $events
[Method: GET, Route: layout]
in APPPATH\Views\layout\index.php on line 193.
 1 APPPATH\Views\layout\index.php(193): CodeIgniter\Debug\Exceptions->errorHandler(2, 'Undefined variable $events', 'C:\\xampp\\htdocs\\iitm\\app\\app\\Views\\layout\\index.php', 193)
 2 APPPATH\Views\app.php(189): include('C:\\xampp\\htdocs\\iitm\\app\\app\\Views\\layout\\index.php')
 3 SYSTEMPATH\View\View.php(226): include('C:\\xampp\\htdocs\\iitm\\app\\app\\Views\\app.php')
 4 SYSTEMPATH\View\View.php(229): CodeIgniter\View\View->CodeIgniter\View\{closure}()
 5 SYSTEMPATH\Common.php(1199): CodeIgniter\View\View->render('app', [], true)
 6 APPPATH\Controllers\Mainmenu.php(14): view('app')
 7 SYSTEMPATH\CodeIgniter.php(933): App\Controllers\Mainmenu->index()
 8 SYSTEMPATH\CodeIgniter.php(507): CodeIgniter\CodeIgniter->runController(Object(App\Controllers\Mainmenu))
 9 SYSTEMPATH\CodeIgniter.php(354): CodeIgniter\CodeIgniter->handleRequest(null, Object(Config\Cache), false)
10 SYSTEMPATH\Boot.php(363): CodeIgniter\CodeIgniter->run()
11 SYSTEMPATH\Boot.php(68): CodeIgniter\Boot::runCodeIgniter(Object(CodeIgniter\CodeIgniter))
12 FCPATH\index.php(59): CodeIgniter\Boot::bootWeb(Object(Config\Paths))
CRITICAL - 2026-03-14 06:08:35 --> ErrorException: Allowed memory size of 536870912 bytes exhausted (tried to allocate 188760064 bytes)
[Method: GET, Route: home]
in APPPATH\Views\mainmenu\index.php on line 38.
 1 [internal function]: CodeIgniter\Debug\Exceptions->shutdownHandler()
CRITICAL - 2026-03-14 06:08:35 --> ErrorException: Allowed memory size of 536870912 bytes exhausted (tried to allocate 199245824 bytes)
[Method: GET, Route: home]
in APPPATH\Views\mainmenu\index.php on line 8.
 1 [internal function]: CodeIgniter\Debug\Exceptions->shutdownHandler()
CRITICAL - 2026-03-14 06:29:29 --> ErrorException: include(C:\xampp\htdocs\iitm\app\app\Views/calander/index.php): Failed to open stream: No such file or directory
[Method: GET, Route: calendar]
in APPPATH\Views\app.php on line 189.
 1 APPPATH\Views\app.php(189): CodeIgniter\Debug\Exceptions->errorHandler(2, 'include(C:\\xampp\\htdocs\\iitm\\app\\app\\Views/calander/index.php): Failed to open stream: No such file or directory', 'C:\\xampp\\htdocs\\iitm\\app\\app\\Views\\app.php', 189)
 2 APPPATH\Views\app.php(189): include()
 3 SYSTEMPATH\View\View.php(226): include('C:\\xampp\\htdocs\\iitm\\app\\app\\Views\\app.php')
 4 SYSTEMPATH\View\View.php(229): CodeIgniter\View\View->CodeIgniter\View\{closure}()
 5 SYSTEMPATH\Common.php(1199): CodeIgniter\View\View->render('app', [], true)
 6 APPPATH\Controllers\Mainmenu.php(19): view('app', [...])
 7 SYSTEMPATH\CodeIgniter.php(933): App\Controllers\Mainmenu->index()
 8 SYSTEMPATH\CodeIgniter.php(507): CodeIgniter\CodeIgniter->runController(Object(App\Controllers\Mainmenu))
 9 SYSTEMPATH\CodeIgniter.php(354): CodeIgniter\CodeIgniter->handleRequest(null, Object(Config\Cache), false)
10 SYSTEMPATH\Boot.php(363): CodeIgniter\CodeIgniter->run()
11 SYSTEMPATH\Boot.php(68): CodeIgniter\Boot::runCodeIgniter(Object(CodeIgniter\CodeIgniter))
12 FCPATH\index.php(59): CodeIgniter\Boot::bootWeb(Object(Config\Paths))
CRITICAL - 2026-03-14 12:16:12 --> ErrorException: Undefined variable $event
[Method: GET, Route: events/upcoming/all]
in APPPATH\Controllers\Events.php on line 34.
 1 APPPATH\Controllers\Events.php(34): CodeIgniter\Debug\Exceptions->errorHandler(2, 'Undefined variable $event', 'C:\\xampp\\htdocs\\iitm\\app\\app\\Controllers\\Events.php', 34)
 2 SYSTEMPATH\CodeIgniter.php(933): App\Controllers\Events->upcoming('all')
 3 SYSTEMPATH\CodeIgniter.php(507): CodeIgniter\CodeIgniter->runController(Object(App\Controllers\Events))
 4 SYSTEMPATH\CodeIgniter.php(354): CodeIgniter\CodeIgniter->handleRequest(null, Object(Config\Cache), false)
 5 SYSTEMPATH\Boot.php(363): CodeIgniter\CodeIgniter->run()
 6 SYSTEMPATH\Boot.php(68): CodeIgniter\Boot::runCodeIgniter(Object(CodeIgniter\CodeIgniter))
 7 FCPATH\index.php(59): CodeIgniter\Boot::bootWeb(Object(Config\Paths))
CRITICAL - 2026-03-14 12:16:19 --> ErrorException: Undefined variable $event
[Method: GET, Route: events/upcoming/all]
in APPPATH\Controllers\Events.php on line 34.
 1 APPPATH\Controllers\Events.php(34): CodeIgniter\Debug\Exceptions->errorHandler(2, 'Undefined variable $event', 'C:\\xampp\\htdocs\\iitm\\app\\app\\Controllers\\Events.php', 34)
 2 SYSTEMPATH\CodeIgniter.php(933): App\Controllers\Events->upcoming('all')
 3 SYSTEMPATH\CodeIgniter.php(507): CodeIgniter\CodeIgniter->runController(Object(App\Controllers\Events))
 4 SYSTEMPATH\CodeIgniter.php(354): CodeIgniter\CodeIgniter->handleRequest(null, Object(Config\Cache), false)
 5 SYSTEMPATH\Boot.php(363): CodeIgniter\CodeIgniter->run()
 6 SYSTEMPATH\Boot.php(68): CodeIgniter\Boot::runCodeIgniter(Object(CodeIgniter\CodeIgniter))
 7 FCPATH\index.php(59): CodeIgniter\Boot::bootWeb(Object(Config\Paths))
