CRITICAL - 2026-03-12 05:08:27 --> TypeError: CodeIgniter\Database\BaseConnection::query(): Argument #1 ($sql) must be of type string, null given, called in C:\xampp\htdocs\iitm\central\app\Controllers\Backend.php on line 37
[Method: GET, Route: backend/sql]
in SYSTEMPATH\Database\BaseConnection.php on line 609.
 1 APPPATH\Controllers\Backend.php(37): CodeIgniter\Database\BaseConnection->query(null)
 2 SYSTEMPATH\CodeIgniter.php(933): App\Controllers\Backend->sql()
 3 SYSTEMPATH\CodeIgniter.php(507): CodeIgniter\CodeIgniter->runController(Object(App\Controllers\Backend))
 4 SYSTEMPATH\CodeIgniter.php(354): CodeIgniter\CodeIgniter->handleRequest(null, Object(Config\Cache), false)
 5 SYSTEMPATH\Boot.php(363): CodeIgniter\CodeIgniter->run()
 6 SYSTEMPATH\Boot.php(68): CodeIgniter\Boot::runCodeIgniter(Object(CodeIgniter\CodeIgniter))
 7 FCPATH\index.php(59): CodeIgniter\Boot::bootWeb(Object(Config\Paths))
CRITICAL - 2026-03-12 05:10:32 --> ParseError: syntax error, unexpected single-quoted string ") ?>", expecting ")"
[Method: GET, Route: backend/sql]
in APPPATH\Views\backend\sql.php on line 25.
 1 SYSTEMPATH\View\View.php(229): CodeIgniter\View\View->CodeIgniter\View\{closure}()
 2 SYSTEMPATH\Common.php(1199): CodeIgniter\View\View->render('backend/sql', [], true)
 3 APPPATH\Controllers\Backend.php(71): view('backend/sql', [...])
 4 SYSTEMPATH\CodeIgniter.php(933): App\Controllers\Backend->sql()
 5 SYSTEMPATH\CodeIgniter.php(507): CodeIgniter\CodeIgniter->runController(Object(App\Controllers\Backend))
 6 SYSTEMPATH\CodeIgniter.php(354): CodeIgniter\CodeIgniter->handleRequest(null, Object(Config\Cache), false)
 7 SYSTEMPATH\Boot.php(363): CodeIgniter\CodeIgniter->run()
 8 SYSTEMPATH\Boot.php(68): CodeIgniter\Boot::runCodeIgniter(Object(CodeIgniter\CodeIgniter))
 9 FCPATH\index.php(59): CodeIgniter\Boot::bootWeb(Object(Config\Paths))
CRITICAL - 2026-03-12 05:11:04 --> ParseError: syntax error, unexpected single-quoted string ") ?>", expecting ")"
[Method: GET, Route: backend/sql]
in APPPATH\Views\backend\sql.php on line 25.
 1 SYSTEMPATH\View\View.php(229): CodeIgniter\View\View->CodeIgniter\View\{closure}()
 2 SYSTEMPATH\Common.php(1199): CodeIgniter\View\View->render('backend/sql', [], true)
 3 APPPATH\Controllers\Backend.php(71): view('backend/sql', [...])
 4 SYSTEMPATH\CodeIgniter.php(933): App\Controllers\Backend->sql()
 5 SYSTEMPATH\CodeIgniter.php(507): CodeIgniter\CodeIgniter->runController(Object(App\Controllers\Backend))
 6 SYSTEMPATH\CodeIgniter.php(354): CodeIgniter\CodeIgniter->handleRequest(null, Object(Config\Cache), false)
 7 SYSTEMPATH\Boot.php(363): CodeIgniter\CodeIgniter->run()
 8 SYSTEMPATH\Boot.php(68): CodeIgniter\Boot::runCodeIgniter(Object(CodeIgniter\CodeIgniter))
 9 FCPATH\index.php(59): CodeIgniter\Boot::bootWeb(Object(Config\Paths))
ERROR - 2026-03-12 05:15:02 --> mysqli_sql_exception: You have an error in your SQL syntax; check the manual that corresponds to your MariaDB server version for the right syntax to use near '* from company_data' at line 1 in C:\xampp\htdocs\iitm\central\vendor\codeigniter4\framework\system\Database\MySQLi\Connection.php:327
Stack trace:
#0 C:\xampp\htdocs\iitm\central\vendor\codeigniter4\framework\system\Database\MySQLi\Connection.php(327): mysqli->query('delete * from c...', 0)
#1 C:\xampp\htdocs\iitm\central\vendor\codeigniter4\framework\system\Database\BaseConnection.php(729): CodeIgniter\Database\MySQLi\Connection->execute('delete * from c...')
#2 C:\xampp\htdocs\iitm\central\vendor\codeigniter4\framework\system\Database\BaseConnection.php(646): CodeIgniter\Database\BaseConnection->simpleQuery('delete * from c...')
#3 C:\xampp\htdocs\iitm\central\app\Controllers\Backend.php(66): CodeIgniter\Database\BaseConnection->query('delete * from c...')
#4 C:\xampp\htdocs\iitm\central\vendor\codeigniter4\framework\system\CodeIgniter.php(933): App\Controllers\Backend->sql()
#5 C:\xampp\htdocs\iitm\central\vendor\codeigniter4\framework\system\CodeIgniter.php(507): CodeIgniter\CodeIgniter->runController(Object(App\Controllers\Backend))
#6 C:\xampp\htdocs\iitm\central\vendor\codeigniter4\framework\system\CodeIgniter.php(354): CodeIgniter\CodeIgniter->handleRequest(NULL, Object(Config\Cache), false)
#7 C:\xampp\htdocs\iitm\central\vendor\codeigniter4\framework\system\Boot.php(363): CodeIgniter\CodeIgniter->run()
#8 C:\xampp\htdocs\iitm\central\vendor\codeigniter4\framework\system\Boot.php(68): CodeIgniter\Boot::runCodeIgniter(Object(CodeIgniter\CodeIgniter))
#9 C:\xampp\htdocs\iitm\central\index.php(59): CodeIgniter\Boot::bootWeb(Object(Config\Paths))
#10 {main}
ERROR - 2026-03-12 06:33:03 --> mysqli_sql_exception: You have an error in your SQL syntax; check the manual that corresponds to your MariaDB server version for the right syntax to use near 'super' at line 1 in C:\xampp\htdocs\iitm\central\vendor\codeigniter4\framework\system\Database\MySQLi\Connection.php:327
Stack trace:
#0 C:\xampp\htdocs\iitm\central\vendor\codeigniter4\framework\system\Database\MySQLi\Connection.php(327): mysqli->query('super', 0)
#1 C:\xampp\htdocs\iitm\central\vendor\codeigniter4\framework\system\Database\BaseConnection.php(729): CodeIgniter\Database\MySQLi\Connection->execute('super')
#2 C:\xampp\htdocs\iitm\central\vendor\codeigniter4\framework\system\Database\BaseConnection.php(646): CodeIgniter\Database\BaseConnection->simpleQuery('super')
#3 C:\xampp\htdocs\iitm\central\app\Controllers\Backend.php(66): CodeIgniter\Database\BaseConnection->query('super')
#4 C:\xampp\htdocs\iitm\central\vendor\codeigniter4\framework\system\CodeIgniter.php(933): App\Controllers\Backend->sql()
#5 C:\xampp\htdocs\iitm\central\vendor\codeigniter4\framework\system\CodeIgniter.php(507): CodeIgniter\CodeIgniter->runController(Object(App\Controllers\Backend))
#6 C:\xampp\htdocs\iitm\central\vendor\codeigniter4\framework\system\CodeIgniter.php(354): CodeIgniter\CodeIgniter->handleRequest(NULL, Object(Config\Cache), false)
#7 C:\xampp\htdocs\iitm\central\vendor\codeigniter4\framework\system\Boot.php(363): CodeIgniter\CodeIgniter->run()
#8 C:\xampp\htdocs\iitm\central\vendor\codeigniter4\framework\system\Boot.php(68): CodeIgniter\Boot::runCodeIgniter(Object(CodeIgniter\CodeIgniter))
#9 C:\xampp\htdocs\iitm\central\index.php(59): CodeIgniter\Boot::bootWeb(Object(Config\Paths))
#10 {main}
ERROR - 2026-03-12 06:33:37 --> mysqli_sql_exception: FUNCTION spottesting.disctint does not exist in C:\xampp\htdocs\iitm\central\vendor\codeigniter4\framework\system\Database\MySQLi\Connection.php:327
Stack trace:
#0 C:\xampp\htdocs\iitm\central\vendor\codeigniter4\framework\system\Database\MySQLi\Connection.php(327): mysqli->query('select disctint...', 0)
#1 C:\xampp\htdocs\iitm\central\vendor\codeigniter4\framework\system\Database\BaseConnection.php(729): CodeIgniter\Database\MySQLi\Connection->execute('select disctint...')
#2 C:\xampp\htdocs\iitm\central\vendor\codeigniter4\framework\system\Database\BaseConnection.php(646): CodeIgniter\Database\BaseConnection->simpleQuery('select disctint...')
#3 C:\xampp\htdocs\iitm\central\app\Controllers\Backend.php(56): CodeIgniter\Database\BaseConnection->query('select disctint...')
#4 C:\xampp\htdocs\iitm\central\vendor\codeigniter4\framework\system\CodeIgniter.php(933): App\Controllers\Backend->sql()
#5 C:\xampp\htdocs\iitm\central\vendor\codeigniter4\framework\system\CodeIgniter.php(507): CodeIgniter\CodeIgniter->runController(Object(App\Controllers\Backend))
#6 C:\xampp\htdocs\iitm\central\vendor\codeigniter4\framework\system\CodeIgniter.php(354): CodeIgniter\CodeIgniter->handleRequest(NULL, Object(Config\Cache), false)
#7 C:\xampp\htdocs\iitm\central\vendor\codeigniter4\framework\system\Boot.php(363): CodeIgniter\CodeIgniter->run()
#8 C:\xampp\htdocs\iitm\central\vendor\codeigniter4\framework\system\Boot.php(68): CodeIgniter\Boot::runCodeIgniter(Object(CodeIgniter\CodeIgniter))
#9 C:\xampp\htdocs\iitm\central\index.php(59): CodeIgniter\Boot::bootWeb(Object(Config\Paths))
#10 {main}
ERROR - 2026-03-12 06:40:40 --> mysqli_sql_exception: Unknown column 'type' in 'where clause' in C:\xampp\htdocs\iitm\central\vendor\codeigniter4\framework\system\Database\MySQLi\Connection.php:327
Stack trace:
#0 C:\xampp\htdocs\iitm\central\vendor\codeigniter4\framework\system\Database\MySQLi\Connection.php(327): mysqli->query('select * from t...', 0)
#1 C:\xampp\htdocs\iitm\central\vendor\codeigniter4\framework\system\Database\BaseConnection.php(729): CodeIgniter\Database\MySQLi\Connection->execute('select * from t...')
#2 C:\xampp\htdocs\iitm\central\vendor\codeigniter4\framework\system\Database\BaseConnection.php(646): CodeIgniter\Database\BaseConnection->simpleQuery('select * from t...')
#3 C:\xampp\htdocs\iitm\central\app\Controllers\Backend.php(56): CodeIgniter\Database\BaseConnection->query('select * from t...')
#4 C:\xampp\htdocs\iitm\central\vendor\codeigniter4\framework\system\CodeIgniter.php(933): App\Controllers\Backend->sql()
#5 C:\xampp\htdocs\iitm\central\vendor\codeigniter4\framework\system\CodeIgniter.php(507): CodeIgniter\CodeIgniter->runController(Object(App\Controllers\Backend))
#6 C:\xampp\htdocs\iitm\central\vendor\codeigniter4\framework\system\CodeIgniter.php(354): CodeIgniter\CodeIgniter->handleRequest(NULL, Object(Config\Cache), false)
#7 C:\xampp\htdocs\iitm\central\vendor\codeigniter4\framework\system\Boot.php(363): CodeIgniter\CodeIgniter->run()
#8 C:\xampp\htdocs\iitm\central\vendor\codeigniter4\framework\system\Boot.php(68): CodeIgniter\Boot::runCodeIgniter(Object(CodeIgniter\CodeIgniter))
#9 C:\xampp\htdocs\iitm\central\index.php(59): CodeIgniter\Boot::bootWeb(Object(Config\Paths))
#10 {main}
ERROR - 2026-03-12 09:09:23 --> mysqli_sql_exception: Unknown column 'count' in 'field list' in C:\xampp\htdocs\iitm\central\vendor\codeigniter4\framework\system\Database\MySQLi\Connection.php:327
Stack trace:
#0 C:\xampp\htdocs\iitm\central\vendor\codeigniter4\framework\system\Database\MySQLi\Connection.php(327): mysqli->query('select count da...', 0)
#1 C:\xampp\htdocs\iitm\central\vendor\codeigniter4\framework\system\Database\BaseConnection.php(729): CodeIgniter\Database\MySQLi\Connection->execute('select count da...')
#2 C:\xampp\htdocs\iitm\central\vendor\codeigniter4\framework\system\Database\BaseConnection.php(646): CodeIgniter\Database\BaseConnection->simpleQuery('select count da...')
#3 C:\xampp\htdocs\iitm\central\app\Controllers\Backend.php(58): CodeIgniter\Database\BaseConnection->query('select count da...')
#4 C:\xampp\htdocs\iitm\central\vendor\codeigniter4\framework\system\CodeIgniter.php(933): App\Controllers\Backend->sql()
#5 C:\xampp\htdocs\iitm\central\vendor\codeigniter4\framework\system\CodeIgniter.php(507): CodeIgniter\CodeIgniter->runController(Object(App\Controllers\Backend))
#6 C:\xampp\htdocs\iitm\central\vendor\codeigniter4\framework\system\CodeIgniter.php(354): CodeIgniter\CodeIgniter->handleRequest(NULL, Object(Config\Cache), false)
#7 C:\xampp\htdocs\iitm\central\vendor\codeigniter4\framework\system\Boot.php(363): CodeIgniter\CodeIgniter->run()
#8 C:\xampp\htdocs\iitm\central\vendor\codeigniter4\framework\system\Boot.php(68): CodeIgniter\Boot::runCodeIgniter(Object(CodeIgniter\CodeIgniter))
#9 C:\xampp\htdocs\iitm\central\index.php(59): CodeIgniter\Boot::bootWeb(Object(Config\Paths))
#10 {main}
ERROR - 2026-03-12 09:10:54 --> mysqli_sql_exception: You have an error in your SQL syntax; check the manual that corresponds to your MariaDB server version for the right syntax to use near 'is Null' at line 1 in C:\xampp\htdocs\iitm\central\vendor\codeigniter4\framework\system\Database\MySQLi\Connection.php:327
Stack trace:
#0 C:\xampp\htdocs\iitm\central\vendor\codeigniter4\framework\system\Database\MySQLi\Connection.php(327): mysqli->query('select * from c...', 0)
#1 C:\xampp\htdocs\iitm\central\vendor\codeigniter4\framework\system\Database\BaseConnection.php(729): CodeIgniter\Database\MySQLi\Connection->execute('select * from c...')
#2 C:\xampp\htdocs\iitm\central\vendor\codeigniter4\framework\system\Database\BaseConnection.php(646): CodeIgniter\Database\BaseConnection->simpleQuery('select * from c...')
#3 C:\xampp\htdocs\iitm\central\app\Controllers\Backend.php(58): CodeIgniter\Database\BaseConnection->query('select * from c...')
#4 C:\xampp\htdocs\iitm\central\vendor\codeigniter4\framework\system\CodeIgniter.php(933): App\Controllers\Backend->sql()
#5 C:\xampp\htdocs\iitm\central\vendor\codeigniter4\framework\system\CodeIgniter.php(507): CodeIgniter\CodeIgniter->runController(Object(App\Controllers\Backend))
#6 C:\xampp\htdocs\iitm\central\vendor\codeigniter4\framework\system\CodeIgniter.php(354): CodeIgniter\CodeIgniter->handleRequest(NULL, Object(Config\Cache), false)
#7 C:\xampp\htdocs\iitm\central\vendor\codeigniter4\framework\system\Boot.php(363): CodeIgniter\CodeIgniter->run()
#8 C:\xampp\htdocs\iitm\central\vendor\codeigniter4\framework\system\Boot.php(68): CodeIgniter\Boot::runCodeIgniter(Object(CodeIgniter\CodeIgniter))
#9 C:\xampp\htdocs\iitm\central\index.php(59): CodeIgniter\Boot::bootWeb(Object(Config\Paths))
#10 {main}
