CRITICAL - 2026-03-11 09:20:33 --> ErrorException: Undefined variable $usertype
[Method: GET, Route: company/overview]
in APPPATH\Views\company\side.php on line 111.
 1 APPPATH\Views\company\side.php(111): CodeIgniter\Debug\Exceptions->errorHandler(2, 'Undefined variable $usertype', 'C:\\xampp\\htdocs\\iitm\\central\\app\\Views\\company\\side.php', 111)
 2 APPPATH\Views\company\overview.php(1): include('C:\\xampp\\htdocs\\iitm\\central\\app\\Views\\company\\side.php')
 3 SYSTEMPATH\View\View.php(226): include('C:\\xampp\\htdocs\\iitm\\central\\app\\Views\\company\\overview.php')
 4 SYSTEMPATH\View\View.php(229): CodeIgniter\View\View->CodeIgniter\View\{closure}()
 5 SYSTEMPATH\Common.php(1199): CodeIgniter\View\View->render('company/overview', [], true)
 6 APPPATH\Controllers\Company.php(396): view('company/overview', [...])
 7 APPPATH\Controllers\Company.php(517): App\Controllers\Company->fulloverview()
 8 SYSTEMPATH\CodeIgniter.php(933): App\Controllers\Company->byvar('overview')
 9 SYSTEMPATH\CodeIgniter.php(507): CodeIgniter\CodeIgniter->runController(Object(App\Controllers\Company))
10 SYSTEMPATH\CodeIgniter.php(354): CodeIgniter\CodeIgniter->handleRequest(null, Object(Config\Cache), false)
11 SYSTEMPATH\Boot.php(363): CodeIgniter\CodeIgniter->run()
12 SYSTEMPATH\Boot.php(68): CodeIgniter\Boot::runCodeIgniter(Object(CodeIgniter\CodeIgniter))
13 FCPATH\index.php(59): CodeIgniter\Boot::bootWeb(Object(Config\Paths))
CRITICAL - 2026-03-11 09:21:46 --> ErrorException: Undefined variable $user_type
[Method: GET, Route: user]
in APPPATH\Views\user\side.php on line 11.
 1 APPPATH\Views\user\side.php(11): CodeIgniter\Debug\Exceptions->errorHandler(2, 'Undefined variable $user_type', 'C:\\xampp\\htdocs\\iitm\\central\\app\\Views\\user\\side.php', 11)
 2 SYSTEMPATH\View\View.php(226): include('C:\\xampp\\htdocs\\iitm\\central\\app\\Views\\user\\side.php')
 3 SYSTEMPATH\View\View.php(229): CodeIgniter\View\View->CodeIgniter\View\{closure}()
 4 SYSTEMPATH\Common.php(1199): CodeIgniter\View\View->render('user/side', [], true)
 5 APPPATH\Views\user\index.php(2): view('user/side')
 6 SYSTEMPATH\View\View.php(226): include('C:\\xampp\\htdocs\\iitm\\central\\app\\Views\\user\\index.php')
 7 SYSTEMPATH\View\View.php(229): CodeIgniter\View\View->CodeIgniter\View\{closure}()
 8 SYSTEMPATH\Common.php(1199): CodeIgniter\View\View->render('user/index', [], true)
 9 APPPATH\Controllers\User.php(21): view('user/index', [...])
10 SYSTEMPATH\CodeIgniter.php(933): App\Controllers\User->index()
11 SYSTEMPATH\CodeIgniter.php(507): CodeIgniter\CodeIgniter->runController(Object(App\Controllers\User))
12 SYSTEMPATH\CodeIgniter.php(354): CodeIgniter\CodeIgniter->handleRequest(null, Object(Config\Cache), false)
13 SYSTEMPATH\Boot.php(363): CodeIgniter\CodeIgniter->run()
14 SYSTEMPATH\Boot.php(68): CodeIgniter\Boot::runCodeIgniter(Object(CodeIgniter\CodeIgniter))
15 FCPATH\index.php(59): CodeIgniter\Boot::bootWeb(Object(Config\Paths))
CRITICAL - 2026-03-11 09:22:14 --> ErrorException: Undefined variable $user_type
[Method: GET, Route: user]
in APPPATH\Views\user\side.php on line 11.
 1 APPPATH\Views\user\side.php(11): CodeIgniter\Debug\Exceptions->errorHandler(2, 'Undefined variable $user_type', 'C:\\xampp\\htdocs\\iitm\\central\\app\\Views\\user\\side.php', 11)
 2 SYSTEMPATH\View\View.php(226): include('C:\\xampp\\htdocs\\iitm\\central\\app\\Views\\user\\side.php')
 3 SYSTEMPATH\View\View.php(229): CodeIgniter\View\View->CodeIgniter\View\{closure}()
 4 SYSTEMPATH\Common.php(1199): CodeIgniter\View\View->render('user/side', [], true)
 5 APPPATH\Views\user\index.php(2): view('user/side')
 6 SYSTEMPATH\View\View.php(226): include('C:\\xampp\\htdocs\\iitm\\central\\app\\Views\\user\\index.php')
 7 SYSTEMPATH\View\View.php(229): CodeIgniter\View\View->CodeIgniter\View\{closure}()
 8 SYSTEMPATH\Common.php(1199): CodeIgniter\View\View->render('user/index', [], true)
 9 APPPATH\Controllers\User.php(21): view('user/index', [...])
10 SYSTEMPATH\CodeIgniter.php(933): App\Controllers\User->index()
11 SYSTEMPATH\CodeIgniter.php(507): CodeIgniter\CodeIgniter->runController(Object(App\Controllers\User))
12 SYSTEMPATH\CodeIgniter.php(354): CodeIgniter\CodeIgniter->handleRequest(null, Object(Config\Cache), false)
13 SYSTEMPATH\Boot.php(363): CodeIgniter\CodeIgniter->run()
14 SYSTEMPATH\Boot.php(68): CodeIgniter\Boot::runCodeIgniter(Object(CodeIgniter\CodeIgniter))
15 FCPATH\index.php(59): CodeIgniter\Boot::bootWeb(Object(Config\Paths))
CRITICAL - 2026-03-11 09:25:21 --> ErrorException: Maximum execution time of 120 seconds exceeded
[Method: GET, Route: home]
in SYSTEMPATH\Database\MySQLi\Connection.php on line 327.
 1 [internal function]: CodeIgniter\Debug\Exceptions->shutdownHandler()
CRITICAL - 2026-03-11 09:26:42 --> ErrorException: Maximum execution time of 120 seconds exceeded
[Method: GET, Route: home]
in SYSTEMPATH\Database\MySQLi\Connection.php on line 327.
 1 [internal function]: CodeIgniter\Debug\Exceptions->shutdownHandler()
CRITICAL - 2026-03-11 09:31:06 --> Exception: Invalid column
[Method: GET, Route: company/main/overview/country]
in APPPATH\Controllers\Company.php on line 183.
 1 APPPATH\Controllers\Company.php(171): App\Controllers\Company->overviewDynamic('main', 'country')
 2 APPPATH\Controllers\Company.php(528): App\Controllers\Company->overview('main', 'country')
 3 SYSTEMPATH\CodeIgniter.php(933): App\Controllers\Company->byvar('main', 'overview', 'country')
 4 SYSTEMPATH\CodeIgniter.php(507): CodeIgniter\CodeIgniter->runController(Object(App\Controllers\Company))
 5 SYSTEMPATH\CodeIgniter.php(354): CodeIgniter\CodeIgniter->handleRequest(null, Object(Config\Cache), false)
 6 SYSTEMPATH\Boot.php(363): CodeIgniter\CodeIgniter->run()
 7 SYSTEMPATH\Boot.php(68): CodeIgniter\Boot::runCodeIgniter(Object(CodeIgniter\CodeIgniter))
 8 FCPATH\index.php(59): CodeIgniter\Boot::bootWeb(Object(Config\Paths))
CRITICAL - 2026-03-11 09:32:19 --> ErrorException: Maximum execution time of 120 seconds exceeded
[Method: POST, Route: company/getDynamicFilters]
in SYSTEMPATH\Database\MySQLi\Connection.php on line 327.
 1 [internal function]: CodeIgniter\Debug\Exceptions->shutdownHandler()
CRITICAL - 2026-03-11 09:32:19 --> ErrorException: Maximum execution time of 120 seconds exceeded
[Method: POST, Route: company/getDynamicFilters]
in SYSTEMPATH\Database\MySQLi\Connection.php on line 327.
 1 [internal function]: CodeIgniter\Debug\Exceptions->shutdownHandler()
CRITICAL - 2026-03-11 09:32:23 --> ErrorException: Maximum execution time of 120 seconds exceeded
[Method: POST, Route: company/getDynamicFilters]
in SYSTEMPATH\Database\MySQLi\Connection.php on line 327.
 1 [internal function]: CodeIgniter\Debug\Exceptions->shutdownHandler()
CRITICAL - 2026-03-11 09:34:03 --> TypeError: CodeIgniter\Database\BaseConnection::query(): Argument #1 ($sql) must be of type string, null given, called in C:\xampp\htdocs\iitm\central\app\Controllers\Backend.php on line 37
[Method: GET, Route: backend/sql]
in SYSTEMPATH\Database\BaseConnection.php on line 609.
 1 APPPATH\Controllers\Backend.php(37): CodeIgniter\Database\BaseConnection->query(null)
 2 SYSTEMPATH\CodeIgniter.php(933): App\Controllers\Backend->sql()
 3 SYSTEMPATH\CodeIgniter.php(507): CodeIgniter\CodeIgniter->runController(Object(App\Controllers\Backend))
 4 SYSTEMPATH\CodeIgniter.php(354): CodeIgniter\CodeIgniter->handleRequest(null, Object(Config\Cache), false)
 5 SYSTEMPATH\Boot.php(363): CodeIgniter\CodeIgniter->run()
 6 SYSTEMPATH\Boot.php(68): CodeIgniter\Boot::runCodeIgniter(Object(CodeIgniter\CodeIgniter))
 7 FCPATH\index.php(59): CodeIgniter\Boot::bootWeb(Object(Config\Paths))
CRITICAL - 2026-03-11 09:34:05 --> TypeError: CodeIgniter\Database\BaseConnection::query(): Argument #1 ($sql) must be of type string, null given, called in C:\xampp\htdocs\iitm\central\app\Controllers\Backend.php on line 37
[Method: GET, Route: backend/sql]
in SYSTEMPATH\Database\BaseConnection.php on line 609.
 1 APPPATH\Controllers\Backend.php(37): CodeIgniter\Database\BaseConnection->query(null)
 2 SYSTEMPATH\CodeIgniter.php(933): App\Controllers\Backend->sql()
 3 SYSTEMPATH\CodeIgniter.php(507): CodeIgniter\CodeIgniter->runController(Object(App\Controllers\Backend))
 4 SYSTEMPATH\CodeIgniter.php(354): CodeIgniter\CodeIgniter->handleRequest(null, Object(Config\Cache), false)
 5 SYSTEMPATH\Boot.php(363): CodeIgniter\CodeIgniter->run()
 6 SYSTEMPATH\Boot.php(68): CodeIgniter\Boot::runCodeIgniter(Object(CodeIgniter\CodeIgniter))
 7 FCPATH\index.php(59): CodeIgniter\Boot::bootWeb(Object(Config\Paths))
CRITICAL - 2026-03-11 09:34:24 --> TypeError: CodeIgniter\Database\BaseConnection::query(): Argument #1 ($sql) must be of type string, null given, called in C:\xampp\htdocs\iitm\central\app\Controllers\Backend.php on line 37
[Method: GET, Route: backend/sql]
in SYSTEMPATH\Database\BaseConnection.php on line 609.
 1 APPPATH\Controllers\Backend.php(37): CodeIgniter\Database\BaseConnection->query(null)
 2 SYSTEMPATH\CodeIgniter.php(933): App\Controllers\Backend->sql()
 3 SYSTEMPATH\CodeIgniter.php(507): CodeIgniter\CodeIgniter->runController(Object(App\Controllers\Backend))
 4 SYSTEMPATH\CodeIgniter.php(354): CodeIgniter\CodeIgniter->handleRequest(null, Object(Config\Cache), false)
 5 SYSTEMPATH\Boot.php(363): CodeIgniter\CodeIgniter->run()
 6 SYSTEMPATH\Boot.php(68): CodeIgniter\Boot::runCodeIgniter(Object(CodeIgniter\CodeIgniter))
 7 FCPATH\index.php(59): CodeIgniter\Boot::bootWeb(Object(Config\Paths))
CRITICAL - 2026-03-11 09:41:25 --> ErrorException: Maximum execution time of 120 seconds exceeded
[Method: POST, Route: company/getDynamicFilters]
in SYSTEMPATH\Database\MySQLi\Connection.php on line 327.
 1 [internal function]: CodeIgniter\Debug\Exceptions->shutdownHandler()
CRITICAL - 2026-03-11 09:42:28 --> ErrorException: Maximum execution time of 120 seconds exceeded
[Method: POST, Route: company/getDynamicFilters]
in SYSTEMPATH\Database\MySQLi\Connection.php on line 327.
 1 [internal function]: CodeIgniter\Debug\Exceptions->shutdownHandler()
CRITICAL - 2026-03-11 09:44:18 --> ErrorException: Maximum execution time of 120 seconds exceeded
[Method: POST, Route: company/getDynamicFilters]
in SYSTEMPATH\Database\MySQLi\Connection.php on line 327.
 1 [internal function]: CodeIgniter\Debug\Exceptions->shutdownHandler()
CRITICAL - 2026-03-11 09:44:29 --> ErrorException: Maximum execution time of 120 seconds exceeded
[Method: POST, Route: company/getDynamicFilters]
in SYSTEMPATH\Database\MySQLi\Connection.php on line 327.
 1 [internal function]: CodeIgniter\Debug\Exceptions->shutdownHandler()
CRITICAL - 2026-03-11 17:59:24 --> ErrorException: Undefined variable $eventYear
[Method: GET, Route: registration/publicformspot]
in APPPATH\Views\registration\spot.php on line 81.
 1 APPPATH\Views\registration\spot.php(81): CodeIgniter\Debug\Exceptions->errorHandler(2, 'Undefined variable $eventYear', 'C:\\xampp\\htdocs\\iitm\\central\\app\\Views\\registration\\spot.php', 81)
 2 SYSTEMPATH\View\View.php(226): include('C:\\xampp\\htdocs\\iitm\\central\\app\\Views\\registration\\spot.php')
 3 SYSTEMPATH\View\View.php(229): CodeIgniter\View\View->CodeIgniter\View\{closure}()
 4 SYSTEMPATH\Common.php(1199): CodeIgniter\View\View->render('registration/spot', [], true)
 5 APPPATH\Controllers\Registration.php(136): view('registration/spot')
 6 SYSTEMPATH\CodeIgniter.php(933): App\Controllers\Registration->publicformspot()
 7 SYSTEMPATH\CodeIgniter.php(507): CodeIgniter\CodeIgniter->runController(Object(App\Controllers\Registration))
 8 SYSTEMPATH\CodeIgniter.php(354): CodeIgniter\CodeIgniter->handleRequest(null, Object(Config\Cache), false)
 9 SYSTEMPATH\Boot.php(363): CodeIgniter\CodeIgniter->run()
10 SYSTEMPATH\Boot.php(68): CodeIgniter\Boot::runCodeIgniter(Object(CodeIgniter\CodeIgniter))
11 FCPATH\index.php(59): CodeIgniter\Boot::bootWeb(Object(Config\Paths))
CRITICAL - 2026-03-11 18:08:10 --> ErrorException: Undefined array key "entry_type"
[Method: POST, Route: company/add_details]
in APPPATH\Controllers\Company.php on line 1579.
 1 APPPATH\Controllers\Company.php(1579): CodeIgniter\Debug\Exceptions->errorHandler(2, 'Undefined array key "entry_type"', 'C:\\xampp\\htdocs\\iitm\\central\\app\\Controllers\\Company.php', 1579)
 2 SYSTEMPATH\CodeIgniter.php(933): App\Controllers\Company->add_details()
 3 SYSTEMPATH\CodeIgniter.php(507): CodeIgniter\CodeIgniter->runController(Object(App\Controllers\Company))
 4 SYSTEMPATH\CodeIgniter.php(354): CodeIgniter\CodeIgniter->handleRequest(null, Object(Config\Cache), false)
 5 SYSTEMPATH\Boot.php(363): CodeIgniter\CodeIgniter->run()
 6 SYSTEMPATH\Boot.php(68): CodeIgniter\Boot::runCodeIgniter(Object(CodeIgniter\CodeIgniter))
 7 FCPATH\index.php(59): CodeIgniter\Boot::bootWeb(Object(Config\Paths))
CRITICAL - 2026-03-11 18:10:27 --> ErrorException: Undefined array key "entry_type"
[Method: POST, Route: company/add_details]
in APPPATH\Controllers\Company.php on line 1579.
 1 APPPATH\Controllers\Company.php(1579): CodeIgniter\Debug\Exceptions->errorHandler(2, 'Undefined array key "entry_type"', 'C:\\xampp\\htdocs\\iitm\\central\\app\\Controllers\\Company.php', 1579)
 2 SYSTEMPATH\CodeIgniter.php(933): App\Controllers\Company->add_details()
 3 SYSTEMPATH\CodeIgniter.php(507): CodeIgniter\CodeIgniter->runController(Object(App\Controllers\Company))
 4 SYSTEMPATH\CodeIgniter.php(354): CodeIgniter\CodeIgniter->handleRequest(null, Object(Config\Cache), false)
 5 SYSTEMPATH\Boot.php(363): CodeIgniter\CodeIgniter->run()
 6 SYSTEMPATH\Boot.php(68): CodeIgniter\Boot::runCodeIgniter(Object(CodeIgniter\CodeIgniter))
 7 FCPATH\index.php(59): CodeIgniter\Boot::bootWeb(Object(Config\Paths))
CRITICAL - 2026-03-11 18:10:42 --> ErrorException: Undefined array key "entry_type"
[Method: POST, Route: company/add_details]
in APPPATH\Controllers\Company.php on line 1579.
 1 APPPATH\Controllers\Company.php(1579): CodeIgniter\Debug\Exceptions->errorHandler(2, 'Undefined array key "entry_type"', 'C:\\xampp\\htdocs\\iitm\\central\\app\\Controllers\\Company.php', 1579)
 2 SYSTEMPATH\CodeIgniter.php(933): App\Controllers\Company->add_details()
 3 SYSTEMPATH\CodeIgniter.php(507): CodeIgniter\CodeIgniter->runController(Object(App\Controllers\Company))
 4 SYSTEMPATH\CodeIgniter.php(354): CodeIgniter\CodeIgniter->handleRequest(null, Object(Config\Cache), false)
 5 SYSTEMPATH\Boot.php(363): CodeIgniter\CodeIgniter->run()
 6 SYSTEMPATH\Boot.php(68): CodeIgniter\Boot::runCodeIgniter(Object(CodeIgniter\CodeIgniter))
 7 FCPATH\index.php(59): CodeIgniter\Boot::bootWeb(Object(Config\Paths))
CRITICAL - 2026-03-11 18:23:59 --> Error: Cannot use object of type CodeIgniter\HTTP\RedirectResponse as array
[Method: GET, Route: registration/regitersuccess/Online_Registration-NO%20HYPHEN%20FOUND/lk]
in APPPATH\Views\registration\success.php on line 14.
 1 SYSTEMPATH\View\View.php(226): include()
 2 SYSTEMPATH\View\View.php(229): CodeIgniter\View\View->CodeIgniter\View\{closure}()
 3 SYSTEMPATH\Common.php(1199): CodeIgniter\View\View->render('registration/success', [], true)
 4 APPPATH\Controllers\Registration.php(213): view('registration/success', [...])
 5 SYSTEMPATH\CodeIgniter.php(933): App\Controllers\Registration->regitersuccess('Online_Registration-NO HYPHEN FOUND', 'lk')
 6 SYSTEMPATH\CodeIgniter.php(507): CodeIgniter\CodeIgniter->runController(Object(App\Controllers\Registration))
 7 SYSTEMPATH\CodeIgniter.php(354): CodeIgniter\CodeIgniter->handleRequest(null, Object(Config\Cache), false)
 8 SYSTEMPATH\Boot.php(363): CodeIgniter\CodeIgniter->run()
 9 SYSTEMPATH\Boot.php(68): CodeIgniter\Boot::runCodeIgniter(Object(CodeIgniter\CodeIgniter))
10 FCPATH\index.php(59): CodeIgniter\Boot::bootWeb(Object(Config\Paths))
CRITICAL - 2026-03-11 18:24:57 --> Error: Cannot use object of type CodeIgniter\HTTP\RedirectResponse as array
[Method: GET, Route: registration/regitersuccess/Online_Registration-NO%20HYPHEN%20FOUND/lk]
in APPPATH\Views\registration\success.php on line 14.
 1 SYSTEMPATH\View\View.php(226): include()
 2 SYSTEMPATH\View\View.php(229): CodeIgniter\View\View->CodeIgniter\View\{closure}()
 3 SYSTEMPATH\Common.php(1199): CodeIgniter\View\View->render('registration/success', [], true)
 4 APPPATH\Controllers\Registration.php(213): view('registration/success', [...])
 5 SYSTEMPATH\CodeIgniter.php(933): App\Controllers\Registration->regitersuccess('Online_Registration-NO HYPHEN FOUND', 'lk')
 6 SYSTEMPATH\CodeIgniter.php(507): CodeIgniter\CodeIgniter->runController(Object(App\Controllers\Registration))
 7 SYSTEMPATH\CodeIgniter.php(354): CodeIgniter\CodeIgniter->handleRequest(null, Object(Config\Cache), false)
 8 SYSTEMPATH\Boot.php(363): CodeIgniter\CodeIgniter->run()
 9 SYSTEMPATH\Boot.php(68): CodeIgniter\Boot::runCodeIgniter(Object(CodeIgniter\CodeIgniter))
10 FCPATH\index.php(59): CodeIgniter\Boot::bootWeb(Object(Config\Paths))
CRITICAL - 2026-03-11 18:27:20 --> Error: Cannot use object of type CodeIgniter\HTTP\RedirectResponse as array
[Method: GET, Route: registration/regitersuccess/Online_Registration-NO%20HYPHEN%20FOUND/lk]
in APPPATH\Views\registration\success.php on line 14.
 1 SYSTEMPATH\View\View.php(226): include()
 2 SYSTEMPATH\View\View.php(229): CodeIgniter\View\View->CodeIgniter\View\{closure}()
 3 SYSTEMPATH\Common.php(1199): CodeIgniter\View\View->render('registration/success', [], true)
 4 APPPATH\Controllers\Registration.php(213): view('registration/success', [...])
 5 SYSTEMPATH\CodeIgniter.php(933): App\Controllers\Registration->regitersuccess('Online_Registration-NO HYPHEN FOUND', 'lk')
 6 SYSTEMPATH\CodeIgniter.php(507): CodeIgniter\CodeIgniter->runController(Object(App\Controllers\Registration))
 7 SYSTEMPATH\CodeIgniter.php(354): CodeIgniter\CodeIgniter->handleRequest(null, Object(Config\Cache), false)
 8 SYSTEMPATH\Boot.php(363): CodeIgniter\CodeIgniter->run()
 9 SYSTEMPATH\Boot.php(68): CodeIgniter\Boot::runCodeIgniter(Object(CodeIgniter\CodeIgniter))
10 FCPATH\index.php(59): CodeIgniter\Boot::bootWeb(Object(Config\Paths))
CRITICAL - 2026-03-11 18:27:51 --> Error: Cannot use object of type CodeIgniter\HTTP\RedirectResponse as array
[Method: GET, Route: registration/regitersuccess/Online_Registration-NO%20HYPHEN%20FOUND/lk]
in APPPATH\Views\registration\success.php on line 14.
 1 SYSTEMPATH\View\View.php(226): include()
 2 SYSTEMPATH\View\View.php(229): CodeIgniter\View\View->CodeIgniter\View\{closure}()
 3 SYSTEMPATH\Common.php(1199): CodeIgniter\View\View->render('registration/success', [], true)
 4 APPPATH\Controllers\Registration.php(213): view('registration/success', [...])
 5 SYSTEMPATH\CodeIgniter.php(933): App\Controllers\Registration->regitersuccess('Online_Registration-NO HYPHEN FOUND', 'lk')
 6 SYSTEMPATH\CodeIgniter.php(507): CodeIgniter\CodeIgniter->runController(Object(App\Controllers\Registration))
 7 SYSTEMPATH\CodeIgniter.php(354): CodeIgniter\CodeIgniter->handleRequest(null, Object(Config\Cache), false)
 8 SYSTEMPATH\Boot.php(363): CodeIgniter\CodeIgniter->run()
 9 SYSTEMPATH\Boot.php(68): CodeIgniter\Boot::runCodeIgniter(Object(CodeIgniter\CodeIgniter))
10 FCPATH\index.php(59): CodeIgniter\Boot::bootWeb(Object(Config\Paths))
CRITICAL - 2026-03-11 18:29:22 --> Error: Cannot use object of type CodeIgniter\HTTP\RedirectResponse as array
[Method: GET, Route: registration/regitersuccess/Online_Registration-NO%20HYPHEN%20FOUND/lk]
in APPPATH\Views\registration\success.php on line 14.
 1 SYSTEMPATH\View\View.php(226): include()
 2 SYSTEMPATH\View\View.php(229): CodeIgniter\View\View->CodeIgniter\View\{closure}()
 3 SYSTEMPATH\Common.php(1199): CodeIgniter\View\View->render('registration/success', [], true)
 4 APPPATH\Controllers\Registration.php(213): view('registration/success', [...])
 5 SYSTEMPATH\CodeIgniter.php(933): App\Controllers\Registration->regitersuccess('Online_Registration-NO HYPHEN FOUND', 'lk')
 6 SYSTEMPATH\CodeIgniter.php(507): CodeIgniter\CodeIgniter->runController(Object(App\Controllers\Registration))
 7 SYSTEMPATH\CodeIgniter.php(354): CodeIgniter\CodeIgniter->handleRequest(null, Object(Config\Cache), false)
 8 SYSTEMPATH\Boot.php(363): CodeIgniter\CodeIgniter->run()
 9 SYSTEMPATH\Boot.php(68): CodeIgniter\Boot::runCodeIgniter(Object(CodeIgniter\CodeIgniter))
10 FCPATH\index.php(59): CodeIgniter\Boot::bootWeb(Object(Config\Paths))
CRITICAL - 2026-03-11 18:29:25 --> Error: Cannot use object of type CodeIgniter\HTTP\RedirectResponse as array
[Method: GET, Route: registration/regitersuccess/Online_Registration-NO%20HYPHEN%20FOUND/lk]
in APPPATH\Views\registration\success.php on line 14.
 1 SYSTEMPATH\View\View.php(226): include()
 2 SYSTEMPATH\View\View.php(229): CodeIgniter\View\View->CodeIgniter\View\{closure}()
 3 SYSTEMPATH\Common.php(1199): CodeIgniter\View\View->render('registration/success', [], true)
 4 APPPATH\Controllers\Registration.php(213): view('registration/success', [...])
 5 SYSTEMPATH\CodeIgniter.php(933): App\Controllers\Registration->regitersuccess('Online_Registration-NO HYPHEN FOUND', 'lk')
 6 SYSTEMPATH\CodeIgniter.php(507): CodeIgniter\CodeIgniter->runController(Object(App\Controllers\Registration))
 7 SYSTEMPATH\CodeIgniter.php(354): CodeIgniter\CodeIgniter->handleRequest(null, Object(Config\Cache), false)
 8 SYSTEMPATH\Boot.php(363): CodeIgniter\CodeIgniter->run()
 9 SYSTEMPATH\Boot.php(68): CodeIgniter\Boot::runCodeIgniter(Object(CodeIgniter\CodeIgniter))
10 FCPATH\index.php(59): CodeIgniter\Boot::bootWeb(Object(Config\Paths))
CRITICAL - 2026-03-11 18:29:50 --> Error: Cannot use object of type CodeIgniter\HTTP\RedirectResponse as array
[Method: GET, Route: registration/regitersuccess/Online_Registration-NO%20HYPHEN%20FOUND/7909075195]
in APPPATH\Views\registration\success.php on line 14.
 1 SYSTEMPATH\View\View.php(226): include()
 2 SYSTEMPATH\View\View.php(229): CodeIgniter\View\View->CodeIgniter\View\{closure}()
 3 SYSTEMPATH\Common.php(1199): CodeIgniter\View\View->render('registration/success', [], true)
 4 APPPATH\Controllers\Registration.php(213): view('registration/success', [...])
 5 SYSTEMPATH\CodeIgniter.php(933): App\Controllers\Registration->regitersuccess('Online_Registration-NO HYPHEN FOUND', '7909075195')
 6 SYSTEMPATH\CodeIgniter.php(507): CodeIgniter\CodeIgniter->runController(Object(App\Controllers\Registration))
 7 SYSTEMPATH\CodeIgniter.php(354): CodeIgniter\CodeIgniter->handleRequest(null, Object(Config\Cache), false)
 8 SYSTEMPATH\Boot.php(363): CodeIgniter\CodeIgniter->run()
 9 SYSTEMPATH\Boot.php(68): CodeIgniter\Boot::runCodeIgniter(Object(CodeIgniter\CodeIgniter))
10 FCPATH\index.php(59): CodeIgniter\Boot::bootWeb(Object(Config\Paths))
CRITICAL - 2026-03-11 18:30:48 --> Error: Cannot use object of type CodeIgniter\HTTP\RedirectResponse as array
[Method: GET, Route: registration/regitersuccess/Online_Registration-NO%20HYPHEN%20FOUND/7909075195]
in APPPATH\Views\registration\success.php on line 14.
 1 SYSTEMPATH\View\View.php(226): include()
 2 SYSTEMPATH\View\View.php(229): CodeIgniter\View\View->CodeIgniter\View\{closure}()
 3 SYSTEMPATH\Common.php(1199): CodeIgniter\View\View->render('registration/success', [], true)
 4 APPPATH\Controllers\Registration.php(213): view('registration/success', [...])
 5 SYSTEMPATH\CodeIgniter.php(933): App\Controllers\Registration->regitersuccess('Online_Registration-NO HYPHEN FOUND', '7909075195')
 6 SYSTEMPATH\CodeIgniter.php(507): CodeIgniter\CodeIgniter->runController(Object(App\Controllers\Registration))
 7 SYSTEMPATH\CodeIgniter.php(354): CodeIgniter\CodeIgniter->handleRequest(null, Object(Config\Cache), false)
 8 SYSTEMPATH\Boot.php(363): CodeIgniter\CodeIgniter->run()
 9 SYSTEMPATH\Boot.php(68): CodeIgniter\Boot::runCodeIgniter(Object(CodeIgniter\CodeIgniter))
10 FCPATH\index.php(59): CodeIgniter\Boot::bootWeb(Object(Config\Paths))
CRITICAL - 2026-03-11 18:30:50 --> Error: Cannot use object of type CodeIgniter\HTTP\RedirectResponse as array
[Method: GET, Route: registration/regitersuccess/Online_Registration-NO%20HYPHEN%20FOUND/7909075195]
in APPPATH\Views\registration\success.php on line 14.
 1 SYSTEMPATH\View\View.php(226): include()
 2 SYSTEMPATH\View\View.php(229): CodeIgniter\View\View->CodeIgniter\View\{closure}()
 3 SYSTEMPATH\Common.php(1199): CodeIgniter\View\View->render('registration/success', [], true)
 4 APPPATH\Controllers\Registration.php(213): view('registration/success', [...])
 5 SYSTEMPATH\CodeIgniter.php(933): App\Controllers\Registration->regitersuccess('Online_Registration-NO HYPHEN FOUND', '7909075195')
 6 SYSTEMPATH\CodeIgniter.php(507): CodeIgniter\CodeIgniter->runController(Object(App\Controllers\Registration))
 7 SYSTEMPATH\CodeIgniter.php(354): CodeIgniter\CodeIgniter->handleRequest(null, Object(Config\Cache), false)
 8 SYSTEMPATH\Boot.php(363): CodeIgniter\CodeIgniter->run()
 9 SYSTEMPATH\Boot.php(68): CodeIgniter\Boot::runCodeIgniter(Object(CodeIgniter\CodeIgniter))
10 FCPATH\index.php(59): CodeIgniter\Boot::bootWeb(Object(Config\Paths))
ERROR - 2026-03-11 18:32:02 --> Company lk failed: Array to string conversion
ERROR - 2026-03-11 18:33:14 --> Company lk failed: Array to string conversion
ERROR - 2026-03-11 18:34:31 --> Company lk failed: Array to string conversion
ERROR - 2026-03-11 18:35:12 --> Company lk failed: Array to string conversion
CRITICAL - 2026-03-11 18:35:31 --> ParseError: syntax error, unexpected token "public"
[Method: GET, Route: company/Online_Registration/overview/state]
in APPPATH\Controllers\Company.php on line 1579.
 1 FCPATH\vendor\composer\ClassLoader.php(427): Composer\Autoload\{closure}('C:\\xampp\\htdocs\\iitm\\central\\vendor\\composer/../../app\\Controllers\\Company.php')
 2 [internal function]: Composer\Autoload\ClassLoader->loadClass('App\\Controllers\\Company')
 3 SYSTEMPATH\CodeIgniter.php(885): class_exists('\\App\\Controllers\\Company', true)
 4 SYSTEMPATH\CodeIgniter.php(494): CodeIgniter\CodeIgniter->startController()
 5 SYSTEMPATH\CodeIgniter.php(354): CodeIgniter\CodeIgniter->handleRequest(null, Object(Config\Cache), false)
 6 SYSTEMPATH\Boot.php(363): CodeIgniter\CodeIgniter->run()
 7 SYSTEMPATH\Boot.php(68): CodeIgniter\Boot::runCodeIgniter(Object(CodeIgniter\CodeIgniter))
 8 FCPATH\index.php(59): CodeIgniter\Boot::bootWeb(Object(Config\Paths))
ERROR - 2026-03-11 18:35:54 --> Company lk failed: Array to string conversion
ERROR - 2026-03-11 18:36:16 --> Company lk failed: Array to string conversion
ERROR - 2026-03-11 18:36:25 --> Company lk failed: Array to string conversion
ERROR - 2026-03-11 18:36:34 --> Company lk failed: Array to string conversion
ERROR - 2026-03-11 18:36:41 --> Company lk failed: Array to string conversion
CRITICAL - 2026-03-11 18:39:00 --> Error: Cannot use object of type CodeIgniter\HTTP\RedirectResponse as array
[Method: GET, Route: registration/regitersuccess/Online_Registration-NO%20HYPHEN%20FOUND/7909075195]
in APPPATH\Views\registration\success.php on line 14.
 1 SYSTEMPATH\View\View.php(226): include()
 2 SYSTEMPATH\View\View.php(229): CodeIgniter\View\View->CodeIgniter\View\{closure}()
 3 SYSTEMPATH\Common.php(1199): CodeIgniter\View\View->render('registration/success', [], true)
 4 APPPATH\Controllers\Registration.php(213): view('registration/success', [...])
 5 SYSTEMPATH\CodeIgniter.php(933): App\Controllers\Registration->regitersuccess('Online_Registration-NO HYPHEN FOUND', '7909075195')
 6 SYSTEMPATH\CodeIgniter.php(507): CodeIgniter\CodeIgniter->runController(Object(App\Controllers\Registration))
 7 SYSTEMPATH\CodeIgniter.php(354): CodeIgniter\CodeIgniter->handleRequest(null, Object(Config\Cache), false)
 8 SYSTEMPATH\Boot.php(363): CodeIgniter\CodeIgniter->run()
 9 SYSTEMPATH\Boot.php(68): CodeIgniter\Boot::runCodeIgniter(Object(CodeIgniter\CodeIgniter))
10 FCPATH\index.php(59): CodeIgniter\Boot::bootWeb(Object(Config\Paths))
CRITICAL - 2026-03-11 18:39:17 --> Error: Cannot use object of type CodeIgniter\HTTP\RedirectResponse as array
[Method: GET, Route: registration/regitersuccess/Online_Registration-NO%20HYPHEN%20FOUND/7909075195]
in APPPATH\Views\registration\success.php on line 14.
 1 SYSTEMPATH\View\View.php(226): include()
 2 SYSTEMPATH\View\View.php(229): CodeIgniter\View\View->CodeIgniter\View\{closure}()
 3 SYSTEMPATH\Common.php(1199): CodeIgniter\View\View->render('registration/success', [], true)
 4 APPPATH\Controllers\Registration.php(213): view('registration/success', [...])
 5 SYSTEMPATH\CodeIgniter.php(933): App\Controllers\Registration->regitersuccess('Online_Registration-NO HYPHEN FOUND', '7909075195')
 6 SYSTEMPATH\CodeIgniter.php(507): CodeIgniter\CodeIgniter->runController(Object(App\Controllers\Registration))
 7 SYSTEMPATH\CodeIgniter.php(354): CodeIgniter\CodeIgniter->handleRequest(null, Object(Config\Cache), false)
 8 SYSTEMPATH\Boot.php(363): CodeIgniter\CodeIgniter->run()
 9 SYSTEMPATH\Boot.php(68): CodeIgniter\Boot::runCodeIgniter(Object(CodeIgniter\CodeIgniter))
10 FCPATH\index.php(59): CodeIgniter\Boot::bootWeb(Object(Config\Paths))
ERROR - 2026-03-11 18:39:40 --> Company lk failed: Array to string conversion
CRITICAL - 2026-03-11 18:39:56 --> Error: Cannot use object of type CodeIgniter\HTTP\RedirectResponse as array
[Method: GET, Route: registration/regitersuccess/exhibitor/7909075195]
in APPPATH\Views\registration\thankyouexhibitor.php on line 11.
 1 SYSTEMPATH\View\View.php(226): include()
 2 SYSTEMPATH\View\View.php(229): CodeIgniter\View\View->CodeIgniter\View\{closure}()
 3 SYSTEMPATH\Common.php(1199): CodeIgniter\View\View->render('registration/thankyouexhibitor', [], true)
 4 APPPATH\Controllers\Registration.php(205): view('registration/thankyouexhibitor', [...])
 5 SYSTEMPATH\CodeIgniter.php(933): App\Controllers\Registration->regitersuccess('exhibitor', '7909075195')
 6 SYSTEMPATH\CodeIgniter.php(507): CodeIgniter\CodeIgniter->runController(Object(App\Controllers\Registration))
 7 SYSTEMPATH\CodeIgniter.php(354): CodeIgniter\CodeIgniter->handleRequest(null, Object(Config\Cache), false)
 8 SYSTEMPATH\Boot.php(363): CodeIgniter\CodeIgniter->run()
 9 SYSTEMPATH\Boot.php(68): CodeIgniter\Boot::runCodeIgniter(Object(CodeIgniter\CodeIgniter))
10 FCPATH\index.php(59): CodeIgniter\Boot::bootWeb(Object(Config\Paths))
CRITICAL - 2026-03-11 19:30:18 --> ParseError: syntax error, unexpected double-quoted string "pune"
[Method: GET, Route: registration/regitersuccess/exhibitor/7909075195]
in APPPATH\Controllers\Registration.php on line 174.
 1 FCPATH\vendor\composer\ClassLoader.php(427): Composer\Autoload\{closure}('C:\\xampp\\htdocs\\iitm\\central\\vendor\\composer/../../app\\Controllers\\Registration.php')
 2 [internal function]: Composer\Autoload\ClassLoader->loadClass('App\\Controllers\\Registration')
 3 SYSTEMPATH\CodeIgniter.php(885): class_exists('\\App\\Controllers\\Registration', true)
 4 SYSTEMPATH\CodeIgniter.php(494): CodeIgniter\CodeIgniter->startController()
 5 SYSTEMPATH\CodeIgniter.php(354): CodeIgniter\CodeIgniter->handleRequest(null, Object(Config\Cache), false)
 6 SYSTEMPATH\Boot.php(363): CodeIgniter\CodeIgniter->run()
 7 SYSTEMPATH\Boot.php(68): CodeIgniter\Boot::runCodeIgniter(Object(CodeIgniter\CodeIgniter))
 8 FCPATH\index.php(59): CodeIgniter\Boot::bootWeb(Object(Config\Paths))
