CRITICAL - 2026-03-09 12:18:51 --> ErrorException: Undefined variable $rowTotal
[Method: GET, Route: company/main/overview]
in APPPATH\Views\company\index.php on line 47.
 1 APPPATH\Views\company\index.php(47): CodeIgniter\Debug\Exceptions->errorHandler(2, 'Undefined variable $rowTotal', 'C:\\xampp\\htdocs\\iitm\\central\\app\\Views\\company\\index.php', 47)
 2 SYSTEMPATH\View\View.php(226): include('C:\\xampp\\htdocs\\iitm\\central\\app\\Views\\company\\index.php')
 3 SYSTEMPATH\View\View.php(229): CodeIgniter\View\View->CodeIgniter\View\{closure}()
 4 SYSTEMPATH\Common.php(1199): CodeIgniter\View\View->render('company/index', [], true)
 5 APPPATH\Controllers\Company.php(206): view('company/index', [...])
 6 APPPATH\Controllers\Company.php(274): App\Controllers\Company->overview('main')
 7 SYSTEMPATH\CodeIgniter.php(933): App\Controllers\Company->byvar('main', 'overview')
 8 SYSTEMPATH\CodeIgniter.php(507): CodeIgniter\CodeIgniter->runController(Object(App\Controllers\Company))
 9 SYSTEMPATH\CodeIgniter.php(354): CodeIgniter\CodeIgniter->handleRequest(null, Object(Config\Cache), false)
10 SYSTEMPATH\Boot.php(363): CodeIgniter\CodeIgniter->run()
11 SYSTEMPATH\Boot.php(68): CodeIgniter\Boot::runCodeIgniter(Object(CodeIgniter\CodeIgniter))
12 FCPATH\index.php(59): CodeIgniter\Boot::bootWeb(Object(Config\Paths))
CRITICAL - 2026-03-09 12:38:35 --> ArgumentCountError: Too few arguments to function App\Controllers\Company::details(), 0 passed in C:\xampp\htdocs\iitm\central\app\Controllers\Company.php on line 271 and at least 1 expected
[Method: GET, Route: company/details/CF5CC661A]
in APPPATH\Controllers\Company.php on line 934.
 1 APPPATH\Controllers\Company.php(271): App\Controllers\Company->details()
 2 SYSTEMPATH\CodeIgniter.php(933): App\Controllers\Company->byvar('details', 'CF5CC661A')
 3 SYSTEMPATH\CodeIgniter.php(507): CodeIgniter\CodeIgniter->runController(Object(App\Controllers\Company))
 4 SYSTEMPATH\CodeIgniter.php(354): CodeIgniter\CodeIgniter->handleRequest(null, Object(Config\Cache), false)
 5 SYSTEMPATH\Boot.php(363): CodeIgniter\CodeIgniter->run()
 6 SYSTEMPATH\Boot.php(68): CodeIgniter\Boot::runCodeIgniter(Object(CodeIgniter\CodeIgniter))
 7 FCPATH\index.php(59): CodeIgniter\Boot::bootWeb(Object(Config\Paths))
CRITICAL - 2026-03-09 12:45:35 --> CodeIgniter\HTTP\Exceptions\BadRequestException: The URI you submitted has disallowed characters: "A & N Islands"
[Method: GET, Route: company/main/all/all/A%20&%20N%20Islands]
in SYSTEMPATH\Router\Router.php on line 741.
 1 SYSTEMPATH\Router\Router.php(207): CodeIgniter\Router\Router->checkDisallowedChars('company/main/all/all/A & N Islands')
 2 SYSTEMPATH\CodeIgniter.php(832): CodeIgniter\Router\Router->handle('company/main/all/all/A & N Islands')
 3 SYSTEMPATH\CodeIgniter.php(455): CodeIgniter\CodeIgniter->tryToRouteIt(Object(CodeIgniter\Router\RouteCollection))
 4 SYSTEMPATH\CodeIgniter.php(354): CodeIgniter\CodeIgniter->handleRequest(null, Object(Config\Cache), false)
 5 SYSTEMPATH\Boot.php(363): CodeIgniter\CodeIgniter->run()
 6 SYSTEMPATH\Boot.php(68): CodeIgniter\Boot::runCodeIgniter(Object(CodeIgniter\CodeIgniter))
 7 FCPATH\index.php(59): CodeIgniter\Boot::bootWeb(Object(Config\Paths))
CRITICAL - 2026-03-09 12:58:14 --> ErrorException: Maximum execution time of 120 seconds exceeded
[Method: POST, Route: company/getDynamicFilters]
in SYSTEMPATH\Database\MySQLi\Connection.php on line 327.
 1 [internal function]: CodeIgniter\Debug\Exceptions->shutdownHandler()
CRITICAL - 2026-03-09 12:58:49 --> ErrorException: Maximum execution time of 120 seconds exceeded
[Method: POST, Route: company/getDynamicFilters]
in SYSTEMPATH\Database\MySQLi\Connection.php on line 327.
 1 [internal function]: CodeIgniter\Debug\Exceptions->shutdownHandler()
CRITICAL - 2026-03-09 13:11:42 --> ErrorException: Maximum execution time of 120 seconds exceeded
[Method: POST, Route: company/getDynamicFilters]
in SYSTEMPATH\Database\MySQLi\Connection.php on line 327.
 1 [internal function]: CodeIgniter\Debug\Exceptions->shutdownHandler()
CRITICAL - 2026-03-09 13:12:47 --> ErrorException: Maximum execution time of 120 seconds exceeded
[Method: POST, Route: company/getDynamicFilters]
in SYSTEMPATH\Database\MySQLi\Connection.php on line 327.
 1 [internal function]: CodeIgniter\Debug\Exceptions->shutdownHandler()
CRITICAL - 2026-03-09 13:14:35 --> ErrorException: Maximum execution time of 120 seconds exceeded
[Method: POST, Route: company/getDynamicFilters]
in SYSTEMPATH\Database\MySQLi\Connection.php on line 327.
 1 [internal function]: CodeIgniter\Debug\Exceptions->shutdownHandler()
CRITICAL - 2026-03-09 13:15:12 --> ErrorException: Maximum execution time of 120 seconds exceeded
[Method: POST, Route: company/getDynamicFilters]
in SYSTEMPATH\Database\MySQLi\Connection.php on line 327.
 1 [internal function]: CodeIgniter\Debug\Exceptions->shutdownHandler()
CRITICAL - 2026-03-09 17:43:46 --> ErrorException: Maximum execution time of 120 seconds exceeded
[Method: POST, Route: company/getDynamicFilters]
in SYSTEMPATH\Database\MySQLi\Connection.php on line 327.
 1 [internal function]: CodeIgniter\Debug\Exceptions->shutdownHandler()
CRITICAL - 2026-03-09 17:43:57 --> ErrorException: Maximum execution time of 120 seconds exceeded
[Method: GET, Route: company/main/all/all/all]
in SYSTEMPATH\Database\MySQLi\Connection.php on line 327.
 1 [internal function]: CodeIgniter\Debug\Exceptions->shutdownHandler()
CRITICAL - 2026-03-09 17:44:08 --> ErrorException: Maximum execution time of 120 seconds exceeded
[Method: POST, Route: company/getDynamicFilters]
in SYSTEMPATH\Database\MySQLi\Connection.php on line 327.
 1 [internal function]: CodeIgniter\Debug\Exceptions->shutdownHandler()
CRITICAL - 2026-03-09 17:45:00 --> ErrorException: Maximum execution time of 120 seconds exceeded
[Method: POST, Route: company/getDynamicFilters]
in SYSTEMPATH\Database\MySQLi\Connection.php on line 327.
 1 [internal function]: CodeIgniter\Debug\Exceptions->shutdownHandler()
CRITICAL - 2026-03-09 17:45:55 --> ErrorException: Maximum execution time of 120 seconds exceeded
[Method: POST, Route: company/getDynamicFilters]
in SYSTEMPATH\Database\MySQLi\Connection.php on line 327.
 1 [internal function]: CodeIgniter\Debug\Exceptions->shutdownHandler()
CRITICAL - 2026-03-09 17:47:35 --> ErrorException: Maximum execution time of 120 seconds exceeded
[Method: POST, Route: company/getDynamicFilters]
in SYSTEMPATH\Database\MySQLi\Connection.php on line 327.
 1 [internal function]: CodeIgniter\Debug\Exceptions->shutdownHandler()
CRITICAL - 2026-03-09 18:45:52 --> Exception: Invalid column
[Method: GET, Route: company/participant/overview]
in APPPATH\Controllers\Company.php on line 173.
 1 APPPATH\Controllers\Company.php(164): App\Controllers\Company->overviewDynamic('participant', 'all')
 2 APPPATH\Controllers\Company.php(237): App\Controllers\Company->overview('participant', 'all')
 3 SYSTEMPATH\CodeIgniter.php(933): App\Controllers\Company->byvar('participant', 'overview')
 4 SYSTEMPATH\CodeIgniter.php(507): CodeIgniter\CodeIgniter->runController(Object(App\Controllers\Company))
 5 SYSTEMPATH\CodeIgniter.php(354): CodeIgniter\CodeIgniter->handleRequest(null, Object(Config\Cache), false)
 6 SYSTEMPATH\Boot.php(363): CodeIgniter\CodeIgniter->run()
 7 SYSTEMPATH\Boot.php(68): CodeIgniter\Boot::runCodeIgniter(Object(CodeIgniter\CodeIgniter))
 8 FCPATH\index.php(59): CodeIgniter\Boot::bootWeb(Object(Config\Paths))
CRITICAL - 2026-03-09 18:46:31 --> Exception: Invalid column
[Method: GET, Route: company/participant/overview/database]
in APPPATH\Controllers\Company.php on line 173.
 1 APPPATH\Controllers\Company.php(164): App\Controllers\Company->overviewDynamic('participant', 'database')
 2 APPPATH\Controllers\Company.php(237): App\Controllers\Company->overview('participant', 'database')
 3 SYSTEMPATH\CodeIgniter.php(933): App\Controllers\Company->byvar('participant', 'overview', 'database')
 4 SYSTEMPATH\CodeIgniter.php(507): CodeIgniter\CodeIgniter->runController(Object(App\Controllers\Company))
 5 SYSTEMPATH\CodeIgniter.php(354): CodeIgniter\CodeIgniter->handleRequest(null, Object(Config\Cache), false)
 6 SYSTEMPATH\Boot.php(363): CodeIgniter\CodeIgniter->run()
 7 SYSTEMPATH\Boot.php(68): CodeIgniter\Boot::runCodeIgniter(Object(CodeIgniter\CodeIgniter))
 8 FCPATH\index.php(59): CodeIgniter\Boot::bootWeb(Object(Config\Paths))
CRITICAL - 2026-03-09 18:50:04 --> Exception: Invalid column
[Method: GET, Route: company/participant/overview/database]
in APPPATH\Controllers\Company.php on line 175.
 1 APPPATH\Controllers\Company.php(164): App\Controllers\Company->overviewDynamic('participant', 'database')
 2 APPPATH\Controllers\Company.php(236): App\Controllers\Company->overview('participant', 'database')
 3 SYSTEMPATH\CodeIgniter.php(933): App\Controllers\Company->byvar('participant', 'overview', 'database')
 4 SYSTEMPATH\CodeIgniter.php(507): CodeIgniter\CodeIgniter->runController(Object(App\Controllers\Company))
 5 SYSTEMPATH\CodeIgniter.php(354): CodeIgniter\CodeIgniter->handleRequest(null, Object(Config\Cache), false)
 6 SYSTEMPATH\Boot.php(363): CodeIgniter\CodeIgniter->run()
 7 SYSTEMPATH\Boot.php(68): CodeIgniter\Boot::runCodeIgniter(Object(CodeIgniter\CodeIgniter))
 8 FCPATH\index.php(59): CodeIgniter\Boot::bootWeb(Object(Config\Paths))
CRITICAL - 2026-03-09 19:44:24 --> Exception: Invalid column
[Method: GET, Route: company/main/overview]
in APPPATH\Controllers\Company.php on line 175.
 1 APPPATH\Controllers\Company.php(164): App\Controllers\Company->overviewDynamic('main', 'all')
 2 APPPATH\Controllers\Company.php(236): App\Controllers\Company->overview('main', 'all')
 3 SYSTEMPATH\CodeIgniter.php(933): App\Controllers\Company->byvar('main', 'overview')
 4 SYSTEMPATH\CodeIgniter.php(507): CodeIgniter\CodeIgniter->runController(Object(App\Controllers\Company))
 5 SYSTEMPATH\CodeIgniter.php(354): CodeIgniter\CodeIgniter->handleRequest(null, Object(Config\Cache), false)
 6 SYSTEMPATH\Boot.php(363): CodeIgniter\CodeIgniter->run()
 7 SYSTEMPATH\Boot.php(68): CodeIgniter\Boot::runCodeIgniter(Object(CodeIgniter\CodeIgniter))
 8 FCPATH\index.php(59): CodeIgniter\Boot::bootWeb(Object(Config\Paths))
