CRITICAL - 2026-03-13 05:59:39 --> TypeError: view(): Argument #2 ($data) must be of type array, CodeIgniter\Session\Session given, called in C:\xampp\htdocs\iitm\app\app\Controllers\Authentication.php on line 125
[Method: POST, Route: login]
in SYSTEMPATH\Common.php on line 1187.
 1 APPPATH\Controllers\Authentication.php(125): view('mainmenu/index', Object(CodeIgniter\Session\Session))
 2 SYSTEMPATH\CodeIgniter.php(933): App\Controllers\Authentication->login()
 3 SYSTEMPATH\CodeIgniter.php(507): CodeIgniter\CodeIgniter->runController(Object(App\Controllers\Authentication))
 4 SYSTEMPATH\CodeIgniter.php(354): CodeIgniter\CodeIgniter->handleRequest(null, Object(Config\Cache), false)
 5 SYSTEMPATH\Boot.php(363): CodeIgniter\CodeIgniter->run()
 6 SYSTEMPATH\Boot.php(68): CodeIgniter\Boot::runCodeIgniter(Object(CodeIgniter\CodeIgniter))
 7 FCPATH\index.php(59): CodeIgniter\Boot::bootWeb(Object(Config\Paths))
CRITICAL - 2026-03-13 07:39:19 --> ErrorException: Undefined variable $data
[Method: GET, Route: profile]
in APPPATH\Views\profile\index.php on line 158.
 1 APPPATH\Views\profile\index.php(158): CodeIgniter\Debug\Exceptions->errorHandler(2, 'Undefined variable $data', 'C:\\xampp\\htdocs\\iitm\\app\\app\\Views\\profile\\index.php', 158)
 2 APPPATH\Views\app.php(196): include('C:\\xampp\\htdocs\\iitm\\app\\app\\Views\\profile\\index.php')
 3 SYSTEMPATH\View\View.php(226): include('C:\\xampp\\htdocs\\iitm\\app\\app\\Views\\app.php')
 4 SYSTEMPATH\View\View.php(229): CodeIgniter\View\View->CodeIgniter\View\{closure}()
 5 SYSTEMPATH\Common.php(1199): CodeIgniter\View\View->render('app', [], true)
 6 APPPATH\Controllers\Mainmenu.php(14): view('app')
 7 SYSTEMPATH\CodeIgniter.php(933): App\Controllers\Mainmenu->index()
 8 SYSTEMPATH\CodeIgniter.php(507): CodeIgniter\CodeIgniter->runController(Object(App\Controllers\Mainmenu))
 9 SYSTEMPATH\CodeIgniter.php(354): CodeIgniter\CodeIgniter->handleRequest(null, Object(Config\Cache), false)
10 SYSTEMPATH\Boot.php(363): CodeIgniter\CodeIgniter->run()
11 SYSTEMPATH\Boot.php(68): CodeIgniter\Boot::runCodeIgniter(Object(CodeIgniter\CodeIgniter))
12 FCPATH\index.php(59): CodeIgniter\Boot::bootWeb(Object(Config\Paths))
ERROR - 2026-03-13 18:58:24 --> Error connecting to the database: mysqli_sql_exception: Host '152.57.123.163' is not allowed to connect to this MySQL server in C:\xampp\htdocs\iitm\app\vendor\codeigniter4\framework\system\Database\MySQLi\Connection.php:201
Stack trace:
#0 C:\xampp\htdocs\iitm\app\vendor\codeigniter4\framework\system\Database\MySQLi\Connection.php(201): mysqli->real_connect('21.157.66.148.h...', 'iitminda_master', Object(SensitiveParameterValue), 'iitminda_testin...', 3306, '', 0)
#1 C:\xampp\htdocs\iitm\app\vendor\codeigniter4\framework\system\Database\BaseConnection.php(419): CodeIgniter\Database\MySQLi\Connection->connect(false)
#2 C:\xampp\htdocs\iitm\app\vendor\codeigniter4\framework\system\Database\BaseConnection.php(614): CodeIgniter\Database\BaseConnection->initialize()
#3 C:\xampp\htdocs\iitm\app\vendor\codeigniter4\framework\system\Database\BaseBuilder.php(1649): CodeIgniter\Database\BaseConnection->query('SELECT `event_i...', Array, false)
#4 C:\xampp\htdocs\iitm\app\app\Controllers\Events.php(29): CodeIgniter\Database\BaseBuilder->get()
#5 C:\xampp\htdocs\iitm\app\vendor\codeigniter4\framework\system\CodeIgniter.php(933): App\Controllers\Events->upcoming()
#6 C:\xampp\htdocs\iitm\app\vendor\codeigniter4\framework\system\CodeIgniter.php(507): CodeIgniter\CodeIgniter->runController(Object(App\Controllers\Events))
#7 C:\xampp\htdocs\iitm\app\vendor\codeigniter4\framework\system\CodeIgniter.php(354): CodeIgniter\CodeIgniter->handleRequest(NULL, Object(Config\Cache), false)
#8 C:\xampp\htdocs\iitm\app\vendor\codeigniter4\framework\system\Boot.php(363): CodeIgniter\CodeIgniter->run()
#9 C:\xampp\htdocs\iitm\app\vendor\codeigniter4\framework\system\Boot.php(68): CodeIgniter\Boot::runCodeIgniter(Object(CodeIgniter\CodeIgniter))
#10 C:\xampp\htdocs\iitm\app\index.php(59): CodeIgniter\Boot::bootWeb(Object(Config\Paths))
#11 {main}

Next CodeIgniter\Database\Exceptions\DatabaseException: Host '152.57.123.163' is not allowed to connect to this MySQL server in C:\xampp\htdocs\iitm\app\vendor\codeigniter4\framework\system\Database\MySQLi\Connection.php:246
Stack trace:
#0 C:\xampp\htdocs\iitm\app\vendor\codeigniter4\framework\system\Database\BaseConnection.php(419): CodeIgniter\Database\MySQLi\Connection->connect(false)
#1 C:\xampp\htdocs\iitm\app\vendor\codeigniter4\framework\system\Database\BaseConnection.php(614): CodeIgniter\Database\BaseConnection->initialize()
#2 C:\xampp\htdocs\iitm\app\vendor\codeigniter4\framework\system\Database\BaseBuilder.php(1649): CodeIgniter\Database\BaseConnection->query('SELECT `event_i...', Array, false)
#3 C:\xampp\htdocs\iitm\app\app\Controllers\Events.php(29): CodeIgniter\Database\BaseBuilder->get()
#4 C:\xampp\htdocs\iitm\app\vendor\codeigniter4\framework\system\CodeIgniter.php(933): App\Controllers\Events->upcoming()
#5 C:\xampp\htdocs\iitm\app\vendor\codeigniter4\framework\system\CodeIgniter.php(507): CodeIgniter\CodeIgniter->runController(Object(App\Controllers\Events))
#6 C:\xampp\htdocs\iitm\app\vendor\codeigniter4\framework\system\CodeIgniter.php(354): CodeIgniter\CodeIgniter->handleRequest(NULL, Object(Config\Cache), false)
#7 C:\xampp\htdocs\iitm\app\vendor\codeigniter4\framework\system\Boot.php(363): CodeIgniter\CodeIgniter->run()
#8 C:\xampp\htdocs\iitm\app\vendor\codeigniter4\framework\system\Boot.php(68): CodeIgniter\Boot::runCodeIgniter(Object(CodeIgniter\CodeIgniter))
#9 C:\xampp\htdocs\iitm\app\index.php(59): CodeIgniter\Boot::bootWeb(Object(Config\Paths))
#10 {main}
CRITICAL - 2026-03-13 18:58:24 --> CodeIgniter\Database\Exceptions\DatabaseException: Unable to connect to the database.
Main connection [MySQLi]: Host '152.57.123.163' is not allowed to connect to this MySQL server
[Method: GET, Route: events/upcoming]
in SYSTEMPATH\Database\BaseConnection.php on line 465.
 1 SYSTEMPATH\Database\BaseConnection.php(614): CodeIgniter\Database\BaseConnection->initialize()
 2 SYSTEMPATH\Database\BaseBuilder.php(1649): CodeIgniter\Database\BaseConnection->query('SELECT `event_id`, `name`, `year`, `venue_details`, `start_date`
FROM `events`
WHERE `start_date` >= :start_date:
ORDER BY `start_date` ASC
 LIMIT 1', [...], false)
 3 APPPATH\Controllers\Events.php(29): CodeIgniter\Database\BaseBuilder->get()
 4 SYSTEMPATH\CodeIgniter.php(933): App\Controllers\Events->upcoming()
 5 SYSTEMPATH\CodeIgniter.php(507): CodeIgniter\CodeIgniter->runController(Object(App\Controllers\Events))
 6 SYSTEMPATH\CodeIgniter.php(354): CodeIgniter\CodeIgniter->handleRequest(null, Object(Config\Cache), false)
 7 SYSTEMPATH\Boot.php(363): CodeIgniter\CodeIgniter->run()
 8 SYSTEMPATH\Boot.php(68): CodeIgniter\Boot::runCodeIgniter(Object(CodeIgniter\CodeIgniter))
 9 FCPATH\index.php(59): CodeIgniter\Boot::bootWeb(Object(Config\Paths))
ERROR - 2026-03-13 18:58:24 --> Error connecting to the database: mysqli_sql_exception: Host '152.57.123.163' is not allowed to connect to this MySQL server in C:\xampp\htdocs\iitm\app\vendor\codeigniter4\framework\system\Database\MySQLi\Connection.php:201
Stack trace:
#0 C:\xampp\htdocs\iitm\app\vendor\codeigniter4\framework\system\Database\MySQLi\Connection.php(201): mysqli->real_connect('21.157.66.148.h...', 'iitminda_master', Object(SensitiveParameterValue), 'iitminda_testin...', 3306, '', 0)
#1 C:\xampp\htdocs\iitm\app\vendor\codeigniter4\framework\system\Database\BaseConnection.php(419): CodeIgniter\Database\MySQLi\Connection->connect(false)
#2 C:\xampp\htdocs\iitm\app\vendor\codeigniter4\framework\system\Database\BaseConnection.php(614): CodeIgniter\Database\BaseConnection->initialize()
#3 C:\xampp\htdocs\iitm\app\vendor\codeigniter4\framework\system\Database\BaseBuilder.php(1649): CodeIgniter\Database\BaseConnection->query('SELECT `event_i...', Array, false)
#4 C:\xampp\htdocs\iitm\app\app\Controllers\Events.php(29): CodeIgniter\Database\BaseBuilder->get()
#5 C:\xampp\htdocs\iitm\app\vendor\codeigniter4\framework\system\CodeIgniter.php(933): App\Controllers\Events->upcoming()
#6 C:\xampp\htdocs\iitm\app\vendor\codeigniter4\framework\system\CodeIgniter.php(507): CodeIgniter\CodeIgniter->runController(Object(App\Controllers\Events))
#7 C:\xampp\htdocs\iitm\app\vendor\codeigniter4\framework\system\CodeIgniter.php(354): CodeIgniter\CodeIgniter->handleRequest(NULL, Object(Config\Cache), false)
#8 C:\xampp\htdocs\iitm\app\vendor\codeigniter4\framework\system\Boot.php(363): CodeIgniter\CodeIgniter->run()
#9 C:\xampp\htdocs\iitm\app\vendor\codeigniter4\framework\system\Boot.php(68): CodeIgniter\Boot::runCodeIgniter(Object(CodeIgniter\CodeIgniter))
#10 C:\xampp\htdocs\iitm\app\index.php(59): CodeIgniter\Boot::bootWeb(Object(Config\Paths))
#11 {main}

Next CodeIgniter\Database\Exceptions\DatabaseException: Host '152.57.123.163' is not allowed to connect to this MySQL server in C:\xampp\htdocs\iitm\app\vendor\codeigniter4\framework\system\Database\MySQLi\Connection.php:246
Stack trace:
#0 C:\xampp\htdocs\iitm\app\vendor\codeigniter4\framework\system\Database\BaseConnection.php(419): CodeIgniter\Database\MySQLi\Connection->connect(false)
#1 C:\xampp\htdocs\iitm\app\vendor\codeigniter4\framework\system\Database\BaseConnection.php(614): CodeIgniter\Database\BaseConnection->initialize()
#2 C:\xampp\htdocs\iitm\app\vendor\codeigniter4\framework\system\Database\BaseBuilder.php(1649): CodeIgniter\Database\BaseConnection->query('SELECT `event_i...', Array, false)
#3 C:\xampp\htdocs\iitm\app\app\Controllers\Events.php(29): CodeIgniter\Database\BaseBuilder->get()
#4 C:\xampp\htdocs\iitm\app\vendor\codeigniter4\framework\system\CodeIgniter.php(933): App\Controllers\Events->upcoming()
#5 C:\xampp\htdocs\iitm\app\vendor\codeigniter4\framework\system\CodeIgniter.php(507): CodeIgniter\CodeIgniter->runController(Object(App\Controllers\Events))
#6 C:\xampp\htdocs\iitm\app\vendor\codeigniter4\framework\system\CodeIgniter.php(354): CodeIgniter\CodeIgniter->handleRequest(NULL, Object(Config\Cache), false)
#7 C:\xampp\htdocs\iitm\app\vendor\codeigniter4\framework\system\Boot.php(363): CodeIgniter\CodeIgniter->run()
#8 C:\xampp\htdocs\iitm\app\vendor\codeigniter4\framework\system\Boot.php(68): CodeIgniter\Boot::runCodeIgniter(Object(CodeIgniter\CodeIgniter))
#9 C:\xampp\htdocs\iitm\app\index.php(59): CodeIgniter\Boot::bootWeb(Object(Config\Paths))
#10 {main}
CRITICAL - 2026-03-13 18:58:24 --> CodeIgniter\Database\Exceptions\DatabaseException: Unable to connect to the database.
Main connection [MySQLi]: Host '152.57.123.163' is not allowed to connect to this MySQL server
[Method: GET, Route: events/upcoming]
in SYSTEMPATH\Database\BaseConnection.php on line 465.
 1 SYSTEMPATH\Database\BaseConnection.php(614): CodeIgniter\Database\BaseConnection->initialize()
 2 SYSTEMPATH\Database\BaseBuilder.php(1649): CodeIgniter\Database\BaseConnection->query('SELECT `event_id`, `name`, `year`, `venue_details`, `start_date`
FROM `events`
WHERE `start_date` >= :start_date:
ORDER BY `start_date` ASC
 LIMIT 1', [...], false)
 3 APPPATH\Controllers\Events.php(29): CodeIgniter\Database\BaseBuilder->get()
 4 SYSTEMPATH\CodeIgniter.php(933): App\Controllers\Events->upcoming()
 5 SYSTEMPATH\CodeIgniter.php(507): CodeIgniter\CodeIgniter->runController(Object(App\Controllers\Events))
 6 SYSTEMPATH\CodeIgniter.php(354): CodeIgniter\CodeIgniter->handleRequest(null, Object(Config\Cache), false)
 7 SYSTEMPATH\Boot.php(363): CodeIgniter\CodeIgniter->run()
 8 SYSTEMPATH\Boot.php(68): CodeIgniter\Boot::runCodeIgniter(Object(CodeIgniter\CodeIgniter))
 9 FCPATH\index.php(59): CodeIgniter\Boot::bootWeb(Object(Config\Paths))
ERROR - 2026-03-13 18:58:25 --> Error connecting to the database: mysqli_sql_exception: Host '152.57.123.163' is not allowed to connect to this MySQL server in C:\xampp\htdocs\iitm\app\vendor\codeigniter4\framework\system\Database\MySQLi\Connection.php:201
Stack trace:
#0 C:\xampp\htdocs\iitm\app\vendor\codeigniter4\framework\system\Database\MySQLi\Connection.php(201): mysqli->real_connect('21.157.66.148.h...', 'iitminda_master', Object(SensitiveParameterValue), 'iitminda_testin...', 3306, '', 0)
#1 C:\xampp\htdocs\iitm\app\vendor\codeigniter4\framework\system\Database\BaseConnection.php(419): CodeIgniter\Database\MySQLi\Connection->connect(false)
#2 C:\xampp\htdocs\iitm\app\vendor\codeigniter4\framework\system\Database\BaseConnection.php(614): CodeIgniter\Database\BaseConnection->initialize()
#3 C:\xampp\htdocs\iitm\app\vendor\codeigniter4\framework\system\Database\BaseBuilder.php(1649): CodeIgniter\Database\BaseConnection->query('SELECT `event_i...', Array, false)
#4 C:\xampp\htdocs\iitm\app\app\Controllers\Events.php(29): CodeIgniter\Database\BaseBuilder->get()
#5 C:\xampp\htdocs\iitm\app\vendor\codeigniter4\framework\system\CodeIgniter.php(933): App\Controllers\Events->upcoming()
#6 C:\xampp\htdocs\iitm\app\vendor\codeigniter4\framework\system\CodeIgniter.php(507): CodeIgniter\CodeIgniter->runController(Object(App\Controllers\Events))
#7 C:\xampp\htdocs\iitm\app\vendor\codeigniter4\framework\system\CodeIgniter.php(354): CodeIgniter\CodeIgniter->handleRequest(NULL, Object(Config\Cache), false)
#8 C:\xampp\htdocs\iitm\app\vendor\codeigniter4\framework\system\Boot.php(363): CodeIgniter\CodeIgniter->run()
#9 C:\xampp\htdocs\iitm\app\vendor\codeigniter4\framework\system\Boot.php(68): CodeIgniter\Boot::runCodeIgniter(Object(CodeIgniter\CodeIgniter))
#10 C:\xampp\htdocs\iitm\app\index.php(59): CodeIgniter\Boot::bootWeb(Object(Config\Paths))
#11 {main}

Next CodeIgniter\Database\Exceptions\DatabaseException: Host '152.57.123.163' is not allowed to connect to this MySQL server in C:\xampp\htdocs\iitm\app\vendor\codeigniter4\framework\system\Database\MySQLi\Connection.php:246
Stack trace:
#0 C:\xampp\htdocs\iitm\app\vendor\codeigniter4\framework\system\Database\BaseConnection.php(419): CodeIgniter\Database\MySQLi\Connection->connect(false)
#1 C:\xampp\htdocs\iitm\app\vendor\codeigniter4\framework\system\Database\BaseConnection.php(614): CodeIgniter\Database\BaseConnection->initialize()
#2 C:\xampp\htdocs\iitm\app\vendor\codeigniter4\framework\system\Database\BaseBuilder.php(1649): CodeIgniter\Database\BaseConnection->query('SELECT `event_i...', Array, false)
#3 C:\xampp\htdocs\iitm\app\app\Controllers\Events.php(29): CodeIgniter\Database\BaseBuilder->get()
#4 C:\xampp\htdocs\iitm\app\vendor\codeigniter4\framework\system\CodeIgniter.php(933): App\Controllers\Events->upcoming()
#5 C:\xampp\htdocs\iitm\app\vendor\codeigniter4\framework\system\CodeIgniter.php(507): CodeIgniter\CodeIgniter->runController(Object(App\Controllers\Events))
#6 C:\xampp\htdocs\iitm\app\vendor\codeigniter4\framework\system\CodeIgniter.php(354): CodeIgniter\CodeIgniter->handleRequest(NULL, Object(Config\Cache), false)
#7 C:\xampp\htdocs\iitm\app\vendor\codeigniter4\framework\system\Boot.php(363): CodeIgniter\CodeIgniter->run()
#8 C:\xampp\htdocs\iitm\app\vendor\codeigniter4\framework\system\Boot.php(68): CodeIgniter\Boot::runCodeIgniter(Object(CodeIgniter\CodeIgniter))
#9 C:\xampp\htdocs\iitm\app\index.php(59): CodeIgniter\Boot::bootWeb(Object(Config\Paths))
#10 {main}
CRITICAL - 2026-03-13 18:58:25 --> CodeIgniter\Database\Exceptions\DatabaseException: Unable to connect to the database.
Main connection [MySQLi]: Host '152.57.123.163' is not allowed to connect to this MySQL server
[Method: GET, Route: events/upcoming]
in SYSTEMPATH\Database\BaseConnection.php on line 465.
 1 SYSTEMPATH\Database\BaseConnection.php(614): CodeIgniter\Database\BaseConnection->initialize()
 2 SYSTEMPATH\Database\BaseBuilder.php(1649): CodeIgniter\Database\BaseConnection->query('SELECT `event_id`, `name`, `year`, `venue_details`, `start_date`
FROM `events`
WHERE `start_date` >= :start_date:
ORDER BY `start_date` ASC
 LIMIT 1', [...], false)
 3 APPPATH\Controllers\Events.php(29): CodeIgniter\Database\BaseBuilder->get()
 4 SYSTEMPATH\CodeIgniter.php(933): App\Controllers\Events->upcoming()
 5 SYSTEMPATH\CodeIgniter.php(507): CodeIgniter\CodeIgniter->runController(Object(App\Controllers\Events))
 6 SYSTEMPATH\CodeIgniter.php(354): CodeIgniter\CodeIgniter->handleRequest(null, Object(Config\Cache), false)
 7 SYSTEMPATH\Boot.php(363): CodeIgniter\CodeIgniter->run()
 8 SYSTEMPATH\Boot.php(68): CodeIgniter\Boot::runCodeIgniter(Object(CodeIgniter\CodeIgniter))
 9 FCPATH\index.php(59): CodeIgniter\Boot::bootWeb(Object(Config\Paths))
ERROR - 2026-03-13 18:58:25 --> Error connecting to the database: mysqli_sql_exception: Host '152.57.123.163' is not allowed to connect to this MySQL server in C:\xampp\htdocs\iitm\app\vendor\codeigniter4\framework\system\Database\MySQLi\Connection.php:201
Stack trace:
#0 C:\xampp\htdocs\iitm\app\vendor\codeigniter4\framework\system\Database\MySQLi\Connection.php(201): mysqli->real_connect('21.157.66.148.h...', 'iitminda_master', Object(SensitiveParameterValue), 'iitminda_testin...', 3306, '', 0)
#1 C:\xampp\htdocs\iitm\app\vendor\codeigniter4\framework\system\Database\BaseConnection.php(419): CodeIgniter\Database\MySQLi\Connection->connect(false)
#2 C:\xampp\htdocs\iitm\app\vendor\codeigniter4\framework\system\Database\BaseConnection.php(614): CodeIgniter\Database\BaseConnection->initialize()
#3 C:\xampp\htdocs\iitm\app\vendor\codeigniter4\framework\system\Database\BaseBuilder.php(1649): CodeIgniter\Database\BaseConnection->query('SELECT `event_i...', Array, false)
#4 C:\xampp\htdocs\iitm\app\app\Controllers\Events.php(29): CodeIgniter\Database\BaseBuilder->get()
#5 C:\xampp\htdocs\iitm\app\vendor\codeigniter4\framework\system\CodeIgniter.php(933): App\Controllers\Events->upcoming()
#6 C:\xampp\htdocs\iitm\app\vendor\codeigniter4\framework\system\CodeIgniter.php(507): CodeIgniter\CodeIgniter->runController(Object(App\Controllers\Events))
#7 C:\xampp\htdocs\iitm\app\vendor\codeigniter4\framework\system\CodeIgniter.php(354): CodeIgniter\CodeIgniter->handleRequest(NULL, Object(Config\Cache), false)
#8 C:\xampp\htdocs\iitm\app\vendor\codeigniter4\framework\system\Boot.php(363): CodeIgniter\CodeIgniter->run()
#9 C:\xampp\htdocs\iitm\app\vendor\codeigniter4\framework\system\Boot.php(68): CodeIgniter\Boot::runCodeIgniter(Object(CodeIgniter\CodeIgniter))
#10 C:\xampp\htdocs\iitm\app\index.php(59): CodeIgniter\Boot::bootWeb(Object(Config\Paths))
#11 {main}

Next CodeIgniter\Database\Exceptions\DatabaseException: Host '152.57.123.163' is not allowed to connect to this MySQL server in C:\xampp\htdocs\iitm\app\vendor\codeigniter4\framework\system\Database\MySQLi\Connection.php:246
Stack trace:
#0 C:\xampp\htdocs\iitm\app\vendor\codeigniter4\framework\system\Database\BaseConnection.php(419): CodeIgniter\Database\MySQLi\Connection->connect(false)
#1 C:\xampp\htdocs\iitm\app\vendor\codeigniter4\framework\system\Database\BaseConnection.php(614): CodeIgniter\Database\BaseConnection->initialize()
#2 C:\xampp\htdocs\iitm\app\vendor\codeigniter4\framework\system\Database\BaseBuilder.php(1649): CodeIgniter\Database\BaseConnection->query('SELECT `event_i...', Array, false)
#3 C:\xampp\htdocs\iitm\app\app\Controllers\Events.php(29): CodeIgniter\Database\BaseBuilder->get()
#4 C:\xampp\htdocs\iitm\app\vendor\codeigniter4\framework\system\CodeIgniter.php(933): App\Controllers\Events->upcoming()
#5 C:\xampp\htdocs\iitm\app\vendor\codeigniter4\framework\system\CodeIgniter.php(507): CodeIgniter\CodeIgniter->runController(Object(App\Controllers\Events))
#6 C:\xampp\htdocs\iitm\app\vendor\codeigniter4\framework\system\CodeIgniter.php(354): CodeIgniter\CodeIgniter->handleRequest(NULL, Object(Config\Cache), false)
#7 C:\xampp\htdocs\iitm\app\vendor\codeigniter4\framework\system\Boot.php(363): CodeIgniter\CodeIgniter->run()
#8 C:\xampp\htdocs\iitm\app\vendor\codeigniter4\framework\system\Boot.php(68): CodeIgniter\Boot::runCodeIgniter(Object(CodeIgniter\CodeIgniter))
#9 C:\xampp\htdocs\iitm\app\index.php(59): CodeIgniter\Boot::bootWeb(Object(Config\Paths))
#10 {main}
CRITICAL - 2026-03-13 18:58:25 --> CodeIgniter\Database\Exceptions\DatabaseException: Unable to connect to the database.
Main connection [MySQLi]: Host '152.57.123.163' is not allowed to connect to this MySQL server
[Method: GET, Route: events/upcoming]
in SYSTEMPATH\Database\BaseConnection.php on line 465.
 1 SYSTEMPATH\Database\BaseConnection.php(614): CodeIgniter\Database\BaseConnection->initialize()
 2 SYSTEMPATH\Database\BaseBuilder.php(1649): CodeIgniter\Database\BaseConnection->query('SELECT `event_id`, `name`, `year`, `venue_details`, `start_date`
FROM `events`
WHERE `start_date` >= :start_date:
ORDER BY `start_date` ASC
 LIMIT 1', [...], false)
 3 APPPATH\Controllers\Events.php(29): CodeIgniter\Database\BaseBuilder->get()
 4 SYSTEMPATH\CodeIgniter.php(933): App\Controllers\Events->upcoming()
 5 SYSTEMPATH\CodeIgniter.php(507): CodeIgniter\CodeIgniter->runController(Object(App\Controllers\Events))
 6 SYSTEMPATH\CodeIgniter.php(354): CodeIgniter\CodeIgniter->handleRequest(null, Object(Config\Cache), false)
 7 SYSTEMPATH\Boot.php(363): CodeIgniter\CodeIgniter->run()
 8 SYSTEMPATH\Boot.php(68): CodeIgniter\Boot::runCodeIgniter(Object(CodeIgniter\CodeIgniter))
 9 FCPATH\index.php(59): CodeIgniter\Boot::bootWeb(Object(Config\Paths))
ERROR - 2026-03-13 18:58:26 --> Error connecting to the database: mysqli_sql_exception: Host '152.57.123.163' is not allowed to connect to this MySQL server in C:\xampp\htdocs\iitm\app\vendor\codeigniter4\framework\system\Database\MySQLi\Connection.php:201
Stack trace:
#0 C:\xampp\htdocs\iitm\app\vendor\codeigniter4\framework\system\Database\MySQLi\Connection.php(201): mysqli->real_connect('21.157.66.148.h...', 'iitminda_master', Object(SensitiveParameterValue), 'iitminda_testin...', 3306, '', 0)
#1 C:\xampp\htdocs\iitm\app\vendor\codeigniter4\framework\system\Database\BaseConnection.php(419): CodeIgniter\Database\MySQLi\Connection->connect(false)
#2 C:\xampp\htdocs\iitm\app\vendor\codeigniter4\framework\system\Database\BaseConnection.php(614): CodeIgniter\Database\BaseConnection->initialize()
#3 C:\xampp\htdocs\iitm\app\vendor\codeigniter4\framework\system\Database\BaseBuilder.php(1649): CodeIgniter\Database\BaseConnection->query('SELECT `event_i...', Array, false)
#4 C:\xampp\htdocs\iitm\app\app\Controllers\Events.php(29): CodeIgniter\Database\BaseBuilder->get()
#5 C:\xampp\htdocs\iitm\app\vendor\codeigniter4\framework\system\CodeIgniter.php(933): App\Controllers\Events->upcoming()
#6 C:\xampp\htdocs\iitm\app\vendor\codeigniter4\framework\system\CodeIgniter.php(507): CodeIgniter\CodeIgniter->runController(Object(App\Controllers\Events))
#7 C:\xampp\htdocs\iitm\app\vendor\codeigniter4\framework\system\CodeIgniter.php(354): CodeIgniter\CodeIgniter->handleRequest(NULL, Object(Config\Cache), false)
#8 C:\xampp\htdocs\iitm\app\vendor\codeigniter4\framework\system\Boot.php(363): CodeIgniter\CodeIgniter->run()
#9 C:\xampp\htdocs\iitm\app\vendor\codeigniter4\framework\system\Boot.php(68): CodeIgniter\Boot::runCodeIgniter(Object(CodeIgniter\CodeIgniter))
#10 C:\xampp\htdocs\iitm\app\index.php(59): CodeIgniter\Boot::bootWeb(Object(Config\Paths))
#11 {main}

Next CodeIgniter\Database\Exceptions\DatabaseException: Host '152.57.123.163' is not allowed to connect to this MySQL server in C:\xampp\htdocs\iitm\app\vendor\codeigniter4\framework\system\Database\MySQLi\Connection.php:246
Stack trace:
#0 C:\xampp\htdocs\iitm\app\vendor\codeigniter4\framework\system\Database\BaseConnection.php(419): CodeIgniter\Database\MySQLi\Connection->connect(false)
#1 C:\xampp\htdocs\iitm\app\vendor\codeigniter4\framework\system\Database\BaseConnection.php(614): CodeIgniter\Database\BaseConnection->initialize()
#2 C:\xampp\htdocs\iitm\app\vendor\codeigniter4\framework\system\Database\BaseBuilder.php(1649): CodeIgniter\Database\BaseConnection->query('SELECT `event_i...', Array, false)
#3 C:\xampp\htdocs\iitm\app\app\Controllers\Events.php(29): CodeIgniter\Database\BaseBuilder->get()
#4 C:\xampp\htdocs\iitm\app\vendor\codeigniter4\framework\system\CodeIgniter.php(933): App\Controllers\Events->upcoming()
#5 C:\xampp\htdocs\iitm\app\vendor\codeigniter4\framework\system\CodeIgniter.php(507): CodeIgniter\CodeIgniter->runController(Object(App\Controllers\Events))
#6 C:\xampp\htdocs\iitm\app\vendor\codeigniter4\framework\system\CodeIgniter.php(354): CodeIgniter\CodeIgniter->handleRequest(NULL, Object(Config\Cache), false)
#7 C:\xampp\htdocs\iitm\app\vendor\codeigniter4\framework\system\Boot.php(363): CodeIgniter\CodeIgniter->run()
#8 C:\xampp\htdocs\iitm\app\vendor\codeigniter4\framework\system\Boot.php(68): CodeIgniter\Boot::runCodeIgniter(Object(CodeIgniter\CodeIgniter))
#9 C:\xampp\htdocs\iitm\app\index.php(59): CodeIgniter\Boot::bootWeb(Object(Config\Paths))
#10 {main}
CRITICAL - 2026-03-13 18:58:26 --> CodeIgniter\Database\Exceptions\DatabaseException: Unable to connect to the database.
Main connection [MySQLi]: Host '152.57.123.163' is not allowed to connect to this MySQL server
[Method: GET, Route: events/upcoming]
in SYSTEMPATH\Database\BaseConnection.php on line 465.
 1 SYSTEMPATH\Database\BaseConnection.php(614): CodeIgniter\Database\BaseConnection->initialize()
 2 SYSTEMPATH\Database\BaseBuilder.php(1649): CodeIgniter\Database\BaseConnection->query('SELECT `event_id`, `name`, `year`, `venue_details`, `start_date`
FROM `events`
WHERE `start_date` >= :start_date:
ORDER BY `start_date` ASC
 LIMIT 1', [...], false)
 3 APPPATH\Controllers\Events.php(29): CodeIgniter\Database\BaseBuilder->get()
 4 SYSTEMPATH\CodeIgniter.php(933): App\Controllers\Events->upcoming()
 5 SYSTEMPATH\CodeIgniter.php(507): CodeIgniter\CodeIgniter->runController(Object(App\Controllers\Events))
 6 SYSTEMPATH\CodeIgniter.php(354): CodeIgniter\CodeIgniter->handleRequest(null, Object(Config\Cache), false)
 7 SYSTEMPATH\Boot.php(363): CodeIgniter\CodeIgniter->run()
 8 SYSTEMPATH\Boot.php(68): CodeIgniter\Boot::runCodeIgniter(Object(CodeIgniter\CodeIgniter))
 9 FCPATH\index.php(59): CodeIgniter\Boot::bootWeb(Object(Config\Paths))
ERROR - 2026-03-13 18:58:26 --> Error connecting to the database: mysqli_sql_exception: Host '152.57.123.163' is not allowed to connect to this MySQL server in C:\xampp\htdocs\iitm\app\vendor\codeigniter4\framework\system\Database\MySQLi\Connection.php:201
Stack trace:
#0 C:\xampp\htdocs\iitm\app\vendor\codeigniter4\framework\system\Database\MySQLi\Connection.php(201): mysqli->real_connect('21.157.66.148.h...', 'iitminda_master', Object(SensitiveParameterValue), 'iitminda_testin...', 3306, '', 0)
#1 C:\xampp\htdocs\iitm\app\vendor\codeigniter4\framework\system\Database\BaseConnection.php(419): CodeIgniter\Database\MySQLi\Connection->connect(false)
#2 C:\xampp\htdocs\iitm\app\vendor\codeigniter4\framework\system\Database\BaseConnection.php(614): CodeIgniter\Database\BaseConnection->initialize()
#3 C:\xampp\htdocs\iitm\app\vendor\codeigniter4\framework\system\Database\BaseBuilder.php(1649): CodeIgniter\Database\BaseConnection->query('SELECT `event_i...', Array, false)
#4 C:\xampp\htdocs\iitm\app\app\Controllers\Events.php(29): CodeIgniter\Database\BaseBuilder->get()
#5 C:\xampp\htdocs\iitm\app\vendor\codeigniter4\framework\system\CodeIgniter.php(933): App\Controllers\Events->upcoming()
#6 C:\xampp\htdocs\iitm\app\vendor\codeigniter4\framework\system\CodeIgniter.php(507): CodeIgniter\CodeIgniter->runController(Object(App\Controllers\Events))
#7 C:\xampp\htdocs\iitm\app\vendor\codeigniter4\framework\system\CodeIgniter.php(354): CodeIgniter\CodeIgniter->handleRequest(NULL, Object(Config\Cache), false)
#8 C:\xampp\htdocs\iitm\app\vendor\codeigniter4\framework\system\Boot.php(363): CodeIgniter\CodeIgniter->run()
#9 C:\xampp\htdocs\iitm\app\vendor\codeigniter4\framework\system\Boot.php(68): CodeIgniter\Boot::runCodeIgniter(Object(CodeIgniter\CodeIgniter))
#10 C:\xampp\htdocs\iitm\app\index.php(59): CodeIgniter\Boot::bootWeb(Object(Config\Paths))
#11 {main}

Next CodeIgniter\Database\Exceptions\DatabaseException: Host '152.57.123.163' is not allowed to connect to this MySQL server in C:\xampp\htdocs\iitm\app\vendor\codeigniter4\framework\system\Database\MySQLi\Connection.php:246
Stack trace:
#0 C:\xampp\htdocs\iitm\app\vendor\codeigniter4\framework\system\Database\BaseConnection.php(419): CodeIgniter\Database\MySQLi\Connection->connect(false)
#1 C:\xampp\htdocs\iitm\app\vendor\codeigniter4\framework\system\Database\BaseConnection.php(614): CodeIgniter\Database\BaseConnection->initialize()
#2 C:\xampp\htdocs\iitm\app\vendor\codeigniter4\framework\system\Database\BaseBuilder.php(1649): CodeIgniter\Database\BaseConnection->query('SELECT `event_i...', Array, false)
#3 C:\xampp\htdocs\iitm\app\app\Controllers\Events.php(29): CodeIgniter\Database\BaseBuilder->get()
#4 C:\xampp\htdocs\iitm\app\vendor\codeigniter4\framework\system\CodeIgniter.php(933): App\Controllers\Events->upcoming()
#5 C:\xampp\htdocs\iitm\app\vendor\codeigniter4\framework\system\CodeIgniter.php(507): CodeIgniter\CodeIgniter->runController(Object(App\Controllers\Events))
#6 C:\xampp\htdocs\iitm\app\vendor\codeigniter4\framework\system\CodeIgniter.php(354): CodeIgniter\CodeIgniter->handleRequest(NULL, Object(Config\Cache), false)
#7 C:\xampp\htdocs\iitm\app\vendor\codeigniter4\framework\system\Boot.php(363): CodeIgniter\CodeIgniter->run()
#8 C:\xampp\htdocs\iitm\app\vendor\codeigniter4\framework\system\Boot.php(68): CodeIgniter\Boot::runCodeIgniter(Object(CodeIgniter\CodeIgniter))
#9 C:\xampp\htdocs\iitm\app\index.php(59): CodeIgniter\Boot::bootWeb(Object(Config\Paths))
#10 {main}
CRITICAL - 2026-03-13 18:58:26 --> CodeIgniter\Database\Exceptions\DatabaseException: Unable to connect to the database.
Main connection [MySQLi]: Host '152.57.123.163' is not allowed to connect to this MySQL server
[Method: GET, Route: events/upcoming]
in SYSTEMPATH\Database\BaseConnection.php on line 465.
 1 SYSTEMPATH\Database\BaseConnection.php(614): CodeIgniter\Database\BaseConnection->initialize()
 2 SYSTEMPATH\Database\BaseBuilder.php(1649): CodeIgniter\Database\BaseConnection->query('SELECT `event_id`, `name`, `year`, `venue_details`, `start_date`
FROM `events`
WHERE `start_date` >= :start_date:
ORDER BY `start_date` ASC
 LIMIT 1', [...], false)
 3 APPPATH\Controllers\Events.php(29): CodeIgniter\Database\BaseBuilder->get()
 4 SYSTEMPATH\CodeIgniter.php(933): App\Controllers\Events->upcoming()
 5 SYSTEMPATH\CodeIgniter.php(507): CodeIgniter\CodeIgniter->runController(Object(App\Controllers\Events))
 6 SYSTEMPATH\CodeIgniter.php(354): CodeIgniter\CodeIgniter->handleRequest(null, Object(Config\Cache), false)
 7 SYSTEMPATH\Boot.php(363): CodeIgniter\CodeIgniter->run()
 8 SYSTEMPATH\Boot.php(68): CodeIgniter\Boot::runCodeIgniter(Object(CodeIgniter\CodeIgniter))
 9 FCPATH\index.php(59): CodeIgniter\Boot::bootWeb(Object(Config\Paths))
ERROR - 2026-03-13 18:58:26 --> Error connecting to the database: mysqli_sql_exception: Host '152.57.123.163' is not allowed to connect to this MySQL server in C:\xampp\htdocs\iitm\app\vendor\codeigniter4\framework\system\Database\MySQLi\Connection.php:201
Stack trace:
#0 C:\xampp\htdocs\iitm\app\vendor\codeigniter4\framework\system\Database\MySQLi\Connection.php(201): mysqli->real_connect('21.157.66.148.h...', 'iitminda_master', Object(SensitiveParameterValue), 'iitminda_testin...', 3306, '', 0)
#1 C:\xampp\htdocs\iitm\app\vendor\codeigniter4\framework\system\Database\BaseConnection.php(419): CodeIgniter\Database\MySQLi\Connection->connect(false)
#2 C:\xampp\htdocs\iitm\app\vendor\codeigniter4\framework\system\Database\BaseConnection.php(614): CodeIgniter\Database\BaseConnection->initialize()
#3 C:\xampp\htdocs\iitm\app\vendor\codeigniter4\framework\system\Database\BaseBuilder.php(1649): CodeIgniter\Database\BaseConnection->query('SELECT `event_i...', Array, false)
#4 C:\xampp\htdocs\iitm\app\app\Controllers\Events.php(29): CodeIgniter\Database\BaseBuilder->get()
#5 C:\xampp\htdocs\iitm\app\vendor\codeigniter4\framework\system\CodeIgniter.php(933): App\Controllers\Events->upcoming()
#6 C:\xampp\htdocs\iitm\app\vendor\codeigniter4\framework\system\CodeIgniter.php(507): CodeIgniter\CodeIgniter->runController(Object(App\Controllers\Events))
#7 C:\xampp\htdocs\iitm\app\vendor\codeigniter4\framework\system\CodeIgniter.php(354): CodeIgniter\CodeIgniter->handleRequest(NULL, Object(Config\Cache), false)
#8 C:\xampp\htdocs\iitm\app\vendor\codeigniter4\framework\system\Boot.php(363): CodeIgniter\CodeIgniter->run()
#9 C:\xampp\htdocs\iitm\app\vendor\codeigniter4\framework\system\Boot.php(68): CodeIgniter\Boot::runCodeIgniter(Object(CodeIgniter\CodeIgniter))
#10 C:\xampp\htdocs\iitm\app\index.php(59): CodeIgniter\Boot::bootWeb(Object(Config\Paths))
#11 {main}

Next CodeIgniter\Database\Exceptions\DatabaseException: Host '152.57.123.163' is not allowed to connect to this MySQL server in C:\xampp\htdocs\iitm\app\vendor\codeigniter4\framework\system\Database\MySQLi\Connection.php:246
Stack trace:
#0 C:\xampp\htdocs\iitm\app\vendor\codeigniter4\framework\system\Database\BaseConnection.php(419): CodeIgniter\Database\MySQLi\Connection->connect(false)
#1 C:\xampp\htdocs\iitm\app\vendor\codeigniter4\framework\system\Database\BaseConnection.php(614): CodeIgniter\Database\BaseConnection->initialize()
#2 C:\xampp\htdocs\iitm\app\vendor\codeigniter4\framework\system\Database\BaseBuilder.php(1649): CodeIgniter\Database\BaseConnection->query('SELECT `event_i...', Array, false)
#3 C:\xampp\htdocs\iitm\app\app\Controllers\Events.php(29): CodeIgniter\Database\BaseBuilder->get()
#4 C:\xampp\htdocs\iitm\app\vendor\codeigniter4\framework\system\CodeIgniter.php(933): App\Controllers\Events->upcoming()
#5 C:\xampp\htdocs\iitm\app\vendor\codeigniter4\framework\system\CodeIgniter.php(507): CodeIgniter\CodeIgniter->runController(Object(App\Controllers\Events))
#6 C:\xampp\htdocs\iitm\app\vendor\codeigniter4\framework\system\CodeIgniter.php(354): CodeIgniter\CodeIgniter->handleRequest(NULL, Object(Config\Cache), false)
#7 C:\xampp\htdocs\iitm\app\vendor\codeigniter4\framework\system\Boot.php(363): CodeIgniter\CodeIgniter->run()
#8 C:\xampp\htdocs\iitm\app\vendor\codeigniter4\framework\system\Boot.php(68): CodeIgniter\Boot::runCodeIgniter(Object(CodeIgniter\CodeIgniter))
#9 C:\xampp\htdocs\iitm\app\index.php(59): CodeIgniter\Boot::bootWeb(Object(Config\Paths))
#10 {main}
CRITICAL - 2026-03-13 18:58:26 --> CodeIgniter\Database\Exceptions\DatabaseException: Unable to connect to the database.
Main connection [MySQLi]: Host '152.57.123.163' is not allowed to connect to this MySQL server
[Method: GET, Route: events/upcoming]
in SYSTEMPATH\Database\BaseConnection.php on line 465.
 1 SYSTEMPATH\Database\BaseConnection.php(614): CodeIgniter\Database\BaseConnection->initialize()
 2 SYSTEMPATH\Database\BaseBuilder.php(1649): CodeIgniter\Database\BaseConnection->query('SELECT `event_id`, `name`, `year`, `venue_details`, `start_date`
FROM `events`
WHERE `start_date` >= :start_date:
ORDER BY `start_date` ASC
 LIMIT 1', [...], false)
 3 APPPATH\Controllers\Events.php(29): CodeIgniter\Database\BaseBuilder->get()
 4 SYSTEMPATH\CodeIgniter.php(933): App\Controllers\Events->upcoming()
 5 SYSTEMPATH\CodeIgniter.php(507): CodeIgniter\CodeIgniter->runController(Object(App\Controllers\Events))
 6 SYSTEMPATH\CodeIgniter.php(354): CodeIgniter\CodeIgniter->handleRequest(null, Object(Config\Cache), false)
 7 SYSTEMPATH\Boot.php(363): CodeIgniter\CodeIgniter->run()
 8 SYSTEMPATH\Boot.php(68): CodeIgniter\Boot::runCodeIgniter(Object(CodeIgniter\CodeIgniter))
 9 FCPATH\index.php(59): CodeIgniter\Boot::bootWeb(Object(Config\Paths))
ERROR - 2026-03-13 18:58:27 --> Error connecting to the database: mysqli_sql_exception: Host '152.57.123.163' is not allowed to connect to this MySQL server in C:\xampp\htdocs\iitm\app\vendor\codeigniter4\framework\system\Database\MySQLi\Connection.php:201
Stack trace:
#0 C:\xampp\htdocs\iitm\app\vendor\codeigniter4\framework\system\Database\MySQLi\Connection.php(201): mysqli->real_connect('21.157.66.148.h...', 'iitminda_master', Object(SensitiveParameterValue), 'iitminda_testin...', 3306, '', 0)
#1 C:\xampp\htdocs\iitm\app\vendor\codeigniter4\framework\system\Database\BaseConnection.php(419): CodeIgniter\Database\MySQLi\Connection->connect(false)
#2 C:\xampp\htdocs\iitm\app\vendor\codeigniter4\framework\system\Database\BaseConnection.php(614): CodeIgniter\Database\BaseConnection->initialize()
#3 C:\xampp\htdocs\iitm\app\vendor\codeigniter4\framework\system\Database\BaseBuilder.php(1649): CodeIgniter\Database\BaseConnection->query('SELECT `event_i...', Array, false)
#4 C:\xampp\htdocs\iitm\app\app\Controllers\Events.php(29): CodeIgniter\Database\BaseBuilder->get()
#5 C:\xampp\htdocs\iitm\app\vendor\codeigniter4\framework\system\CodeIgniter.php(933): App\Controllers\Events->upcoming()
#6 C:\xampp\htdocs\iitm\app\vendor\codeigniter4\framework\system\CodeIgniter.php(507): CodeIgniter\CodeIgniter->runController(Object(App\Controllers\Events))
#7 C:\xampp\htdocs\iitm\app\vendor\codeigniter4\framework\system\CodeIgniter.php(354): CodeIgniter\CodeIgniter->handleRequest(NULL, Object(Config\Cache), false)
#8 C:\xampp\htdocs\iitm\app\vendor\codeigniter4\framework\system\Boot.php(363): CodeIgniter\CodeIgniter->run()
#9 C:\xampp\htdocs\iitm\app\vendor\codeigniter4\framework\system\Boot.php(68): CodeIgniter\Boot::runCodeIgniter(Object(CodeIgniter\CodeIgniter))
#10 C:\xampp\htdocs\iitm\app\index.php(59): CodeIgniter\Boot::bootWeb(Object(Config\Paths))
#11 {main}

Next CodeIgniter\Database\Exceptions\DatabaseException: Host '152.57.123.163' is not allowed to connect to this MySQL server in C:\xampp\htdocs\iitm\app\vendor\codeigniter4\framework\system\Database\MySQLi\Connection.php:246
Stack trace:
#0 C:\xampp\htdocs\iitm\app\vendor\codeigniter4\framework\system\Database\BaseConnection.php(419): CodeIgniter\Database\MySQLi\Connection->connect(false)
#1 C:\xampp\htdocs\iitm\app\vendor\codeigniter4\framework\system\Database\BaseConnection.php(614): CodeIgniter\Database\BaseConnection->initialize()
#2 C:\xampp\htdocs\iitm\app\vendor\codeigniter4\framework\system\Database\BaseBuilder.php(1649): CodeIgniter\Database\BaseConnection->query('SELECT `event_i...', Array, false)
#3 C:\xampp\htdocs\iitm\app\app\Controllers\Events.php(29): CodeIgniter\Database\BaseBuilder->get()
#4 C:\xampp\htdocs\iitm\app\vendor\codeigniter4\framework\system\CodeIgniter.php(933): App\Controllers\Events->upcoming()
#5 C:\xampp\htdocs\iitm\app\vendor\codeigniter4\framework\system\CodeIgniter.php(507): CodeIgniter\CodeIgniter->runController(Object(App\Controllers\Events))
#6 C:\xampp\htdocs\iitm\app\vendor\codeigniter4\framework\system\CodeIgniter.php(354): CodeIgniter\CodeIgniter->handleRequest(NULL, Object(Config\Cache), false)
#7 C:\xampp\htdocs\iitm\app\vendor\codeigniter4\framework\system\Boot.php(363): CodeIgniter\CodeIgniter->run()
#8 C:\xampp\htdocs\iitm\app\vendor\codeigniter4\framework\system\Boot.php(68): CodeIgniter\Boot::runCodeIgniter(Object(CodeIgniter\CodeIgniter))
#9 C:\xampp\htdocs\iitm\app\index.php(59): CodeIgniter\Boot::bootWeb(Object(Config\Paths))
#10 {main}
CRITICAL - 2026-03-13 18:58:27 --> CodeIgniter\Database\Exceptions\DatabaseException: Unable to connect to the database.
Main connection [MySQLi]: Host '152.57.123.163' is not allowed to connect to this MySQL server
[Method: GET, Route: events/upcoming]
in SYSTEMPATH\Database\BaseConnection.php on line 465.
 1 SYSTEMPATH\Database\BaseConnection.php(614): CodeIgniter\Database\BaseConnection->initialize()
 2 SYSTEMPATH\Database\BaseBuilder.php(1649): CodeIgniter\Database\BaseConnection->query('SELECT `event_id`, `name`, `year`, `venue_details`, `start_date`
FROM `events`
WHERE `start_date` >= :start_date:
ORDER BY `start_date` ASC
 LIMIT 1', [...], false)
 3 APPPATH\Controllers\Events.php(29): CodeIgniter\Database\BaseBuilder->get()
 4 SYSTEMPATH\CodeIgniter.php(933): App\Controllers\Events->upcoming()
 5 SYSTEMPATH\CodeIgniter.php(507): CodeIgniter\CodeIgniter->runController(Object(App\Controllers\Events))
 6 SYSTEMPATH\CodeIgniter.php(354): CodeIgniter\CodeIgniter->handleRequest(null, Object(Config\Cache), false)
 7 SYSTEMPATH\Boot.php(363): CodeIgniter\CodeIgniter->run()
 8 SYSTEMPATH\Boot.php(68): CodeIgniter\Boot::runCodeIgniter(Object(CodeIgniter\CodeIgniter))
 9 FCPATH\index.php(59): CodeIgniter\Boot::bootWeb(Object(Config\Paths))
