CRITICAL - 2026-02-03 05:44:10 --> ErrorException: Cannot redeclare App\Controllers\CrossValidation::handleAction()
[Method: GET, Route: crossvalidation]
in APPPATH\Controllers\CrossValidation.php on line 383.
 1 [internal function]: CodeIgniter\Debug\Exceptions->shutdownHandler()
CRITICAL - 2026-02-03 06:57:28 --> CodeIgniter\Database\Exceptions\DataException: Allowed fields must be specified for model: "App\Models\UpdationModel"
[Method: POST, Route: crossvalidation/action]
in SYSTEMPATH\BaseModel.php on line 1305.
 1 SYSTEMPATH\BaseModel.php(1305): CodeIgniter\Database\Exceptions\DataException::forInvalidAllowedFields('App\\Models\\UpdationModel')
 2 SYSTEMPATH\BaseModel.php(988): CodeIgniter\BaseModel->doProtectFields([...])
 3 SYSTEMPATH\Model.php(860): CodeIgniter\BaseModel->update(null, [...])
 4 APPPATH\Controllers\CrossValidation.php(362): CodeIgniter\Model->update()
 5 SYSTEMPATH\CodeIgniter.php(933): App\Controllers\CrossValidation->handleAction()
 6 SYSTEMPATH\CodeIgniter.php(507): CodeIgniter\CodeIgniter->runController(Object(App\Controllers\CrossValidation))
 7 SYSTEMPATH\CodeIgniter.php(354): CodeIgniter\CodeIgniter->handleRequest(null, Object(Config\Cache), false)
 8 SYSTEMPATH\Boot.php(363): CodeIgniter\CodeIgniter->run()
 9 SYSTEMPATH\Boot.php(68): CodeIgniter\Boot::runCodeIgniter(Object(CodeIgniter\CodeIgniter))
10 FCPATH\index.php(59): CodeIgniter\Boot::bootWeb(Object(Config\Paths))
ERROR - 2026-02-03 06:58:45 --> mysqli_sql_exception: Unknown column 'updated_at' in 'field list' in C:\xampp\htdocs\iitm\central\vendor\codeigniter4\framework\system\Database\MySQLi\Connection.php:327
Stack trace:
#0 C:\xampp\htdocs\iitm\central\vendor\codeigniter4\framework\system\Database\MySQLi\Connection.php(327): mysqli->query('UPDATE `updatio...', 0)
#1 C:\xampp\htdocs\iitm\central\vendor\codeigniter4\framework\system\Database\BaseConnection.php(729): CodeIgniter\Database\MySQLi\Connection->execute('UPDATE `updatio...')
#2 C:\xampp\htdocs\iitm\central\vendor\codeigniter4\framework\system\Database\BaseConnection.php(646): CodeIgniter\Database\BaseConnection->simpleQuery('UPDATE `updatio...')
#3 C:\xampp\htdocs\iitm\central\vendor\codeigniter4\framework\system\Database\BaseBuilder.php(2521): CodeIgniter\Database\BaseConnection->query('UPDATE `updatio...', Array, false)
#4 C:\xampp\htdocs\iitm\central\vendor\codeigniter4\framework\system\Model.php(461): CodeIgniter\Database\BaseBuilder->update()
#5 C:\xampp\htdocs\iitm\central\vendor\codeigniter4\framework\system\BaseModel.php(1010): CodeIgniter\Model->doUpdate(NULL, Array)
#6 C:\xampp\htdocs\iitm\central\vendor\codeigniter4\framework\system\Model.php(860): CodeIgniter\BaseModel->update(NULL, Array)
#7 C:\xampp\htdocs\iitm\central\app\Controllers\CrossValidation.php(362): CodeIgniter\Model->update()
#8 C:\xampp\htdocs\iitm\central\vendor\codeigniter4\framework\system\CodeIgniter.php(933): App\Controllers\CrossValidation->handleAction()
#9 C:\xampp\htdocs\iitm\central\vendor\codeigniter4\framework\system\CodeIgniter.php(507): CodeIgniter\CodeIgniter->runController(Object(App\Controllers\CrossValidation))
#10 C:\xampp\htdocs\iitm\central\vendor\codeigniter4\framework\system\CodeIgniter.php(354): CodeIgniter\CodeIgniter->handleRequest(NULL, Object(Config\Cache), false)
#11 C:\xampp\htdocs\iitm\central\vendor\codeigniter4\framework\system\Boot.php(363): CodeIgniter\CodeIgniter->run()
#12 C:\xampp\htdocs\iitm\central\vendor\codeigniter4\framework\system\Boot.php(68): CodeIgniter\Boot::runCodeIgniter(Object(CodeIgniter\CodeIgniter))
#13 C:\xampp\htdocs\iitm\central\index.php(59): CodeIgniter\Boot::bootWeb(Object(Config\Paths))
#14 {main}
CRITICAL - 2026-02-03 06:58:46 --> CodeIgniter\Database\Exceptions\DatabaseException: Unknown column 'updated_at' in 'field list'
[Method: POST, Route: crossvalidation/action]
in SYSTEMPATH\Database\BaseConnection.php on line 684.
 1 SYSTEMPATH\Database\BaseBuilder.php(2521): CodeIgniter\Database\BaseConnection->query('UPDATE `updation` SET `company_id` = :company_id.1:, `updated_at` = :updated_at:
WHERE `company_id` = :company_id:', [...], false)
 2 SYSTEMPATH\Model.php(461): CodeIgniter\Database\BaseBuilder->update()
 3 SYSTEMPATH\BaseModel.php(1010): CodeIgniter\Model->doUpdate(null, [...])
 4 SYSTEMPATH\Model.php(860): CodeIgniter\BaseModel->update(null, [...])
 5 APPPATH\Controllers\CrossValidation.php(362): CodeIgniter\Model->update()
 6 SYSTEMPATH\CodeIgniter.php(933): App\Controllers\CrossValidation->handleAction()
 7 SYSTEMPATH\CodeIgniter.php(507): CodeIgniter\CodeIgniter->runController(Object(App\Controllers\CrossValidation))
 8 SYSTEMPATH\CodeIgniter.php(354): CodeIgniter\CodeIgniter->handleRequest(null, Object(Config\Cache), false)
 9 SYSTEMPATH\Boot.php(363): CodeIgniter\CodeIgniter->run()
10 SYSTEMPATH\Boot.php(68): CodeIgniter\Boot::runCodeIgniter(Object(CodeIgniter\CodeIgniter))
11 FCPATH\index.php(59): CodeIgniter\Boot::bootWeb(Object(Config\Paths))
CRITICAL - 2026-02-03 06:58:46 --> [Caused by] CodeIgniter\Database\Exceptions\DatabaseException: Unknown column 'updated_at' in 'field list'
in SYSTEMPATH\Database\MySQLi\Connection.php on line 332.
 1 SYSTEMPATH\Database\BaseConnection.php(729): CodeIgniter\Database\MySQLi\Connection->execute('UPDATE `updation` SET `company_id` = \'7\', `updated_at` = \'2026-02-03 06:58:45\'
WHERE `company_id` = \'8\'')
 2 SYSTEMPATH\Database\BaseConnection.php(646): CodeIgniter\Database\BaseConnection->simpleQuery('UPDATE `updation` SET `company_id` = \'7\', `updated_at` = \'2026-02-03 06:58:45\'
WHERE `company_id` = \'8\'')
 3 SYSTEMPATH\Database\BaseBuilder.php(2521): CodeIgniter\Database\BaseConnection->query('UPDATE `updation` SET `company_id` = :company_id.1:, `updated_at` = :updated_at:
WHERE `company_id` = :company_id:', [...], false)
 4 SYSTEMPATH\Model.php(461): CodeIgniter\Database\BaseBuilder->update()
 5 SYSTEMPATH\BaseModel.php(1010): CodeIgniter\Model->doUpdate(null, [...])
 6 SYSTEMPATH\Model.php(860): CodeIgniter\BaseModel->update(null, [...])
 7 APPPATH\Controllers\CrossValidation.php(362): CodeIgniter\Model->update()
 8 SYSTEMPATH\CodeIgniter.php(933): App\Controllers\CrossValidation->handleAction()
 9 SYSTEMPATH\CodeIgniter.php(507): CodeIgniter\CodeIgniter->runController(Object(App\Controllers\CrossValidation))
10 SYSTEMPATH\CodeIgniter.php(354): CodeIgniter\CodeIgniter->handleRequest(null, Object(Config\Cache), false)
11 SYSTEMPATH\Boot.php(363): CodeIgniter\CodeIgniter->run()
12 SYSTEMPATH\Boot.php(68): CodeIgniter\Boot::runCodeIgniter(Object(CodeIgniter\CodeIgniter))
13 FCPATH\index.php(59): CodeIgniter\Boot::bootWeb(Object(Config\Paths))
CRITICAL - 2026-02-03 06:58:46 --> [Caused by] mysqli_sql_exception: Unknown column 'updated_at' in 'field list'
in SYSTEMPATH\Database\MySQLi\Connection.php on line 327.
 1 SYSTEMPATH\Database\MySQLi\Connection.php(327): mysqli->query('UPDATE `updation` SET `company_id` = \'7\', `updated_at` = \'2026-02-03 06:58:45\'
WHERE `company_id` = \'8\'', 0)
 2 SYSTEMPATH\Database\BaseConnection.php(729): CodeIgniter\Database\MySQLi\Connection->execute('UPDATE `updation` SET `company_id` = \'7\', `updated_at` = \'2026-02-03 06:58:45\'
WHERE `company_id` = \'8\'')
 3 SYSTEMPATH\Database\BaseConnection.php(646): CodeIgniter\Database\BaseConnection->simpleQuery('UPDATE `updation` SET `company_id` = \'7\', `updated_at` = \'2026-02-03 06:58:45\'
WHERE `company_id` = \'8\'')
 4 SYSTEMPATH\Database\BaseBuilder.php(2521): CodeIgniter\Database\BaseConnection->query('UPDATE `updation` SET `company_id` = :company_id.1:, `updated_at` = :updated_at:
WHERE `company_id` = :company_id:', [...], false)
 5 SYSTEMPATH\Model.php(461): CodeIgniter\Database\BaseBuilder->update()
 6 SYSTEMPATH\BaseModel.php(1010): CodeIgniter\Model->doUpdate(null, [...])
 7 SYSTEMPATH\Model.php(860): CodeIgniter\BaseModel->update(null, [...])
 8 APPPATH\Controllers\CrossValidation.php(362): CodeIgniter\Model->update()
 9 SYSTEMPATH\CodeIgniter.php(933): App\Controllers\CrossValidation->handleAction()
10 SYSTEMPATH\CodeIgniter.php(507): CodeIgniter\CodeIgniter->runController(Object(App\Controllers\CrossValidation))
11 SYSTEMPATH\CodeIgniter.php(354): CodeIgniter\CodeIgniter->handleRequest(null, Object(Config\Cache), false)
12 SYSTEMPATH\Boot.php(363): CodeIgniter\CodeIgniter->run()
13 SYSTEMPATH\Boot.php(68): CodeIgniter\Boot::runCodeIgniter(Object(CodeIgniter\CodeIgniter))
14 FCPATH\index.php(59): CodeIgniter\Boot::bootWeb(Object(Config\Paths))
ERROR - 2026-02-03 07:02:59 --> mysqli_sql_exception: Unknown column 'updated_at' in 'field list' in C:\xampp\htdocs\iitm\central\vendor\codeigniter4\framework\system\Database\MySQLi\Connection.php:327
Stack trace:
#0 C:\xampp\htdocs\iitm\central\vendor\codeigniter4\framework\system\Database\MySQLi\Connection.php(327): mysqli->query('UPDATE `updatio...', 0)
#1 C:\xampp\htdocs\iitm\central\vendor\codeigniter4\framework\system\Database\BaseConnection.php(729): CodeIgniter\Database\MySQLi\Connection->execute('UPDATE `updatio...')
#2 C:\xampp\htdocs\iitm\central\vendor\codeigniter4\framework\system\Database\BaseConnection.php(646): CodeIgniter\Database\BaseConnection->simpleQuery('UPDATE `updatio...')
#3 C:\xampp\htdocs\iitm\central\vendor\codeigniter4\framework\system\Database\BaseBuilder.php(2521): CodeIgniter\Database\BaseConnection->query('UPDATE `updatio...', Array, false)
#4 C:\xampp\htdocs\iitm\central\vendor\codeigniter4\framework\system\Model.php(461): CodeIgniter\Database\BaseBuilder->update()
#5 C:\xampp\htdocs\iitm\central\vendor\codeigniter4\framework\system\BaseModel.php(1010): CodeIgniter\Model->doUpdate(NULL, Array)
#6 C:\xampp\htdocs\iitm\central\vendor\codeigniter4\framework\system\Model.php(860): CodeIgniter\BaseModel->update(NULL, Array)
#7 C:\xampp\htdocs\iitm\central\app\Controllers\CrossValidation.php(362): CodeIgniter\Model->update()
#8 C:\xampp\htdocs\iitm\central\vendor\codeigniter4\framework\system\CodeIgniter.php(933): App\Controllers\CrossValidation->handleAction()
#9 C:\xampp\htdocs\iitm\central\vendor\codeigniter4\framework\system\CodeIgniter.php(507): CodeIgniter\CodeIgniter->runController(Object(App\Controllers\CrossValidation))
#10 C:\xampp\htdocs\iitm\central\vendor\codeigniter4\framework\system\CodeIgniter.php(354): CodeIgniter\CodeIgniter->handleRequest(NULL, Object(Config\Cache), false)
#11 C:\xampp\htdocs\iitm\central\vendor\codeigniter4\framework\system\Boot.php(363): CodeIgniter\CodeIgniter->run()
#12 C:\xampp\htdocs\iitm\central\vendor\codeigniter4\framework\system\Boot.php(68): CodeIgniter\Boot::runCodeIgniter(Object(CodeIgniter\CodeIgniter))
#13 C:\xampp\htdocs\iitm\central\index.php(59): CodeIgniter\Boot::bootWeb(Object(Config\Paths))
#14 {main}
CRITICAL - 2026-02-03 07:02:59 --> CodeIgniter\Database\Exceptions\DatabaseException: Unknown column 'updated_at' in 'field list'
[Method: POST, Route: crossvalidation/action]
in SYSTEMPATH\Database\BaseConnection.php on line 684.
 1 SYSTEMPATH\Database\BaseBuilder.php(2521): CodeIgniter\Database\BaseConnection->query('UPDATE `updation` SET `company_id` = :company_id.1:, `updated_at` = :updated_at:
WHERE `company_id` = :company_id:', [...], false)
 2 SYSTEMPATH\Model.php(461): CodeIgniter\Database\BaseBuilder->update()
 3 SYSTEMPATH\BaseModel.php(1010): CodeIgniter\Model->doUpdate(null, [...])
 4 SYSTEMPATH\Model.php(860): CodeIgniter\BaseModel->update(null, [...])
 5 APPPATH\Controllers\CrossValidation.php(362): CodeIgniter\Model->update()
 6 SYSTEMPATH\CodeIgniter.php(933): App\Controllers\CrossValidation->handleAction()
 7 SYSTEMPATH\CodeIgniter.php(507): CodeIgniter\CodeIgniter->runController(Object(App\Controllers\CrossValidation))
 8 SYSTEMPATH\CodeIgniter.php(354): CodeIgniter\CodeIgniter->handleRequest(null, Object(Config\Cache), false)
 9 SYSTEMPATH\Boot.php(363): CodeIgniter\CodeIgniter->run()
10 SYSTEMPATH\Boot.php(68): CodeIgniter\Boot::runCodeIgniter(Object(CodeIgniter\CodeIgniter))
11 FCPATH\index.php(59): CodeIgniter\Boot::bootWeb(Object(Config\Paths))
CRITICAL - 2026-02-03 07:02:59 --> [Caused by] CodeIgniter\Database\Exceptions\DatabaseException: Unknown column 'updated_at' in 'field list'
in SYSTEMPATH\Database\MySQLi\Connection.php on line 332.
 1 SYSTEMPATH\Database\BaseConnection.php(729): CodeIgniter\Database\MySQLi\Connection->execute('UPDATE `updation` SET `company_id` = \'7\', `updated_at` = \'2026-02-03 07:02:59\'
WHERE `company_id` = \'8\'')
 2 SYSTEMPATH\Database\BaseConnection.php(646): CodeIgniter\Database\BaseConnection->simpleQuery('UPDATE `updation` SET `company_id` = \'7\', `updated_at` = \'2026-02-03 07:02:59\'
WHERE `company_id` = \'8\'')
 3 SYSTEMPATH\Database\BaseBuilder.php(2521): CodeIgniter\Database\BaseConnection->query('UPDATE `updation` SET `company_id` = :company_id.1:, `updated_at` = :updated_at:
WHERE `company_id` = :company_id:', [...], false)
 4 SYSTEMPATH\Model.php(461): CodeIgniter\Database\BaseBuilder->update()
 5 SYSTEMPATH\BaseModel.php(1010): CodeIgniter\Model->doUpdate(null, [...])
 6 SYSTEMPATH\Model.php(860): CodeIgniter\BaseModel->update(null, [...])
 7 APPPATH\Controllers\CrossValidation.php(362): CodeIgniter\Model->update()
 8 SYSTEMPATH\CodeIgniter.php(933): App\Controllers\CrossValidation->handleAction()
 9 SYSTEMPATH\CodeIgniter.php(507): CodeIgniter\CodeIgniter->runController(Object(App\Controllers\CrossValidation))
10 SYSTEMPATH\CodeIgniter.php(354): CodeIgniter\CodeIgniter->handleRequest(null, Object(Config\Cache), false)
11 SYSTEMPATH\Boot.php(363): CodeIgniter\CodeIgniter->run()
12 SYSTEMPATH\Boot.php(68): CodeIgniter\Boot::runCodeIgniter(Object(CodeIgniter\CodeIgniter))
13 FCPATH\index.php(59): CodeIgniter\Boot::bootWeb(Object(Config\Paths))
CRITICAL - 2026-02-03 07:02:59 --> [Caused by] mysqli_sql_exception: Unknown column 'updated_at' in 'field list'
in SYSTEMPATH\Database\MySQLi\Connection.php on line 327.
 1 SYSTEMPATH\Database\MySQLi\Connection.php(327): mysqli->query('UPDATE `updation` SET `company_id` = \'7\', `updated_at` = \'2026-02-03 07:02:59\'
WHERE `company_id` = \'8\'', 0)
 2 SYSTEMPATH\Database\BaseConnection.php(729): CodeIgniter\Database\MySQLi\Connection->execute('UPDATE `updation` SET `company_id` = \'7\', `updated_at` = \'2026-02-03 07:02:59\'
WHERE `company_id` = \'8\'')
 3 SYSTEMPATH\Database\BaseConnection.php(646): CodeIgniter\Database\BaseConnection->simpleQuery('UPDATE `updation` SET `company_id` = \'7\', `updated_at` = \'2026-02-03 07:02:59\'
WHERE `company_id` = \'8\'')
 4 SYSTEMPATH\Database\BaseBuilder.php(2521): CodeIgniter\Database\BaseConnection->query('UPDATE `updation` SET `company_id` = :company_id.1:, `updated_at` = :updated_at:
WHERE `company_id` = :company_id:', [...], false)
 5 SYSTEMPATH\Model.php(461): CodeIgniter\Database\BaseBuilder->update()
 6 SYSTEMPATH\BaseModel.php(1010): CodeIgniter\Model->doUpdate(null, [...])
 7 SYSTEMPATH\Model.php(860): CodeIgniter\BaseModel->update(null, [...])
 8 APPPATH\Controllers\CrossValidation.php(362): CodeIgniter\Model->update()
 9 SYSTEMPATH\CodeIgniter.php(933): App\Controllers\CrossValidation->handleAction()
10 SYSTEMPATH\CodeIgniter.php(507): CodeIgniter\CodeIgniter->runController(Object(App\Controllers\CrossValidation))
11 SYSTEMPATH\CodeIgniter.php(354): CodeIgniter\CodeIgniter->handleRequest(null, Object(Config\Cache), false)
12 SYSTEMPATH\Boot.php(363): CodeIgniter\CodeIgniter->run()
13 SYSTEMPATH\Boot.php(68): CodeIgniter\Boot::runCodeIgniter(Object(CodeIgniter\CodeIgniter))
14 FCPATH\index.php(59): CodeIgniter\Boot::bootWeb(Object(Config\Paths))
ERROR - 2026-02-03 07:05:20 --> mysqli_sql_exception: Unknown column 'updated_at' in 'field list' in C:\xampp\htdocs\iitm\central\vendor\codeigniter4\framework\system\Database\MySQLi\Connection.php:327
Stack trace:
#0 C:\xampp\htdocs\iitm\central\vendor\codeigniter4\framework\system\Database\MySQLi\Connection.php(327): mysqli->query('UPDATE `updatio...', 0)
#1 C:\xampp\htdocs\iitm\central\vendor\codeigniter4\framework\system\Database\BaseConnection.php(729): CodeIgniter\Database\MySQLi\Connection->execute('UPDATE `updatio...')
#2 C:\xampp\htdocs\iitm\central\vendor\codeigniter4\framework\system\Database\BaseConnection.php(646): CodeIgniter\Database\BaseConnection->simpleQuery('UPDATE `updatio...')
#3 C:\xampp\htdocs\iitm\central\vendor\codeigniter4\framework\system\Database\BaseBuilder.php(2521): CodeIgniter\Database\BaseConnection->query('UPDATE `updatio...', Array, false)
#4 C:\xampp\htdocs\iitm\central\vendor\codeigniter4\framework\system\Model.php(461): CodeIgniter\Database\BaseBuilder->update()
#5 C:\xampp\htdocs\iitm\central\vendor\codeigniter4\framework\system\BaseModel.php(1010): CodeIgniter\Model->doUpdate(NULL, Array)
#6 C:\xampp\htdocs\iitm\central\vendor\codeigniter4\framework\system\Model.php(860): CodeIgniter\BaseModel->update(NULL, Array)
#7 C:\xampp\htdocs\iitm\central\app\Controllers\CrossValidation.php(362): CodeIgniter\Model->update()
#8 C:\xampp\htdocs\iitm\central\vendor\codeigniter4\framework\system\CodeIgniter.php(933): App\Controllers\CrossValidation->handleAction()
#9 C:\xampp\htdocs\iitm\central\vendor\codeigniter4\framework\system\CodeIgniter.php(507): CodeIgniter\CodeIgniter->runController(Object(App\Controllers\CrossValidation))
#10 C:\xampp\htdocs\iitm\central\vendor\codeigniter4\framework\system\CodeIgniter.php(354): CodeIgniter\CodeIgniter->handleRequest(NULL, Object(Config\Cache), false)
#11 C:\xampp\htdocs\iitm\central\vendor\codeigniter4\framework\system\Boot.php(363): CodeIgniter\CodeIgniter->run()
#12 C:\xampp\htdocs\iitm\central\vendor\codeigniter4\framework\system\Boot.php(68): CodeIgniter\Boot::runCodeIgniter(Object(CodeIgniter\CodeIgniter))
#13 C:\xampp\htdocs\iitm\central\index.php(59): CodeIgniter\Boot::bootWeb(Object(Config\Paths))
#14 {main}
CRITICAL - 2026-02-03 07:05:20 --> CodeIgniter\Database\Exceptions\DatabaseException: Unknown column 'updated_at' in 'field list'
[Method: POST, Route: crossvalidation/action]
in SYSTEMPATH\Database\BaseConnection.php on line 684.
 1 SYSTEMPATH\Database\BaseBuilder.php(2521): CodeIgniter\Database\BaseConnection->query('UPDATE `updation` SET `company_id` = :company_id.1:, `updated_at` = :updated_at:
WHERE `company_id` = :company_id:', [...], false)
 2 SYSTEMPATH\Model.php(461): CodeIgniter\Database\BaseBuilder->update()
 3 SYSTEMPATH\BaseModel.php(1010): CodeIgniter\Model->doUpdate(null, [...])
 4 SYSTEMPATH\Model.php(860): CodeIgniter\BaseModel->update(null, [...])
 5 APPPATH\Controllers\CrossValidation.php(362): CodeIgniter\Model->update()
 6 SYSTEMPATH\CodeIgniter.php(933): App\Controllers\CrossValidation->handleAction()
 7 SYSTEMPATH\CodeIgniter.php(507): CodeIgniter\CodeIgniter->runController(Object(App\Controllers\CrossValidation))
 8 SYSTEMPATH\CodeIgniter.php(354): CodeIgniter\CodeIgniter->handleRequest(null, Object(Config\Cache), false)
 9 SYSTEMPATH\Boot.php(363): CodeIgniter\CodeIgniter->run()
10 SYSTEMPATH\Boot.php(68): CodeIgniter\Boot::runCodeIgniter(Object(CodeIgniter\CodeIgniter))
11 FCPATH\index.php(59): CodeIgniter\Boot::bootWeb(Object(Config\Paths))
CRITICAL - 2026-02-03 07:05:20 --> [Caused by] CodeIgniter\Database\Exceptions\DatabaseException: Unknown column 'updated_at' in 'field list'
in SYSTEMPATH\Database\MySQLi\Connection.php on line 332.
 1 SYSTEMPATH\Database\BaseConnection.php(729): CodeIgniter\Database\MySQLi\Connection->execute('UPDATE `updation` SET `company_id` = \'7\', `updated_at` = \'2026-02-03 07:05:20\'
WHERE `company_id` = \'8\'')
 2 SYSTEMPATH\Database\BaseConnection.php(646): CodeIgniter\Database\BaseConnection->simpleQuery('UPDATE `updation` SET `company_id` = \'7\', `updated_at` = \'2026-02-03 07:05:20\'
WHERE `company_id` = \'8\'')
 3 SYSTEMPATH\Database\BaseBuilder.php(2521): CodeIgniter\Database\BaseConnection->query('UPDATE `updation` SET `company_id` = :company_id.1:, `updated_at` = :updated_at:
WHERE `company_id` = :company_id:', [...], false)
 4 SYSTEMPATH\Model.php(461): CodeIgniter\Database\BaseBuilder->update()
 5 SYSTEMPATH\BaseModel.php(1010): CodeIgniter\Model->doUpdate(null, [...])
 6 SYSTEMPATH\Model.php(860): CodeIgniter\BaseModel->update(null, [...])
 7 APPPATH\Controllers\CrossValidation.php(362): CodeIgniter\Model->update()
 8 SYSTEMPATH\CodeIgniter.php(933): App\Controllers\CrossValidation->handleAction()
 9 SYSTEMPATH\CodeIgniter.php(507): CodeIgniter\CodeIgniter->runController(Object(App\Controllers\CrossValidation))
10 SYSTEMPATH\CodeIgniter.php(354): CodeIgniter\CodeIgniter->handleRequest(null, Object(Config\Cache), false)
11 SYSTEMPATH\Boot.php(363): CodeIgniter\CodeIgniter->run()
12 SYSTEMPATH\Boot.php(68): CodeIgniter\Boot::runCodeIgniter(Object(CodeIgniter\CodeIgniter))
13 FCPATH\index.php(59): CodeIgniter\Boot::bootWeb(Object(Config\Paths))
CRITICAL - 2026-02-03 07:05:20 --> [Caused by] mysqli_sql_exception: Unknown column 'updated_at' in 'field list'
in SYSTEMPATH\Database\MySQLi\Connection.php on line 327.
 1 SYSTEMPATH\Database\MySQLi\Connection.php(327): mysqli->query('UPDATE `updation` SET `company_id` = \'7\', `updated_at` = \'2026-02-03 07:05:20\'
WHERE `company_id` = \'8\'', 0)
 2 SYSTEMPATH\Database\BaseConnection.php(729): CodeIgniter\Database\MySQLi\Connection->execute('UPDATE `updation` SET `company_id` = \'7\', `updated_at` = \'2026-02-03 07:05:20\'
WHERE `company_id` = \'8\'')
 3 SYSTEMPATH\Database\BaseConnection.php(646): CodeIgniter\Database\BaseConnection->simpleQuery('UPDATE `updation` SET `company_id` = \'7\', `updated_at` = \'2026-02-03 07:05:20\'
WHERE `company_id` = \'8\'')
 4 SYSTEMPATH\Database\BaseBuilder.php(2521): CodeIgniter\Database\BaseConnection->query('UPDATE `updation` SET `company_id` = :company_id.1:, `updated_at` = :updated_at:
WHERE `company_id` = :company_id:', [...], false)
 5 SYSTEMPATH\Model.php(461): CodeIgniter\Database\BaseBuilder->update()
 6 SYSTEMPATH\BaseModel.php(1010): CodeIgniter\Model->doUpdate(null, [...])
 7 SYSTEMPATH\Model.php(860): CodeIgniter\BaseModel->update(null, [...])
 8 APPPATH\Controllers\CrossValidation.php(362): CodeIgniter\Model->update()
 9 SYSTEMPATH\CodeIgniter.php(933): App\Controllers\CrossValidation->handleAction()
10 SYSTEMPATH\CodeIgniter.php(507): CodeIgniter\CodeIgniter->runController(Object(App\Controllers\CrossValidation))
11 SYSTEMPATH\CodeIgniter.php(354): CodeIgniter\CodeIgniter->handleRequest(null, Object(Config\Cache), false)
12 SYSTEMPATH\Boot.php(363): CodeIgniter\CodeIgniter->run()
13 SYSTEMPATH\Boot.php(68): CodeIgniter\Boot::runCodeIgniter(Object(CodeIgniter\CodeIgniter))
14 FCPATH\index.php(59): CodeIgniter\Boot::bootWeb(Object(Config\Paths))
ERROR - 2026-02-03 07:06:03 --> mysqli_sql_exception: You have an error in your SQL syntax; check the manual that corresponds to your MariaDB server version for the right syntax to use near '= '2026-02-03 07:06:03'
WHERE `company_id` = '8'' at line 1 in C:\xampp\htdocs\iitm\central\vendor\codeigniter4\framework\system\Database\MySQLi\Connection.php:327
Stack trace:
#0 C:\xampp\htdocs\iitm\central\vendor\codeigniter4\framework\system\Database\MySQLi\Connection.php(327): mysqli->query('UPDATE `updatio...', 0)
#1 C:\xampp\htdocs\iitm\central\vendor\codeigniter4\framework\system\Database\BaseConnection.php(729): CodeIgniter\Database\MySQLi\Connection->execute('UPDATE `updatio...')
#2 C:\xampp\htdocs\iitm\central\vendor\codeigniter4\framework\system\Database\BaseConnection.php(646): CodeIgniter\Database\BaseConnection->simpleQuery('UPDATE `updatio...')
#3 C:\xampp\htdocs\iitm\central\vendor\codeigniter4\framework\system\Database\BaseBuilder.php(2521): CodeIgniter\Database\BaseConnection->query('UPDATE `updatio...', Array, false)
#4 C:\xampp\htdocs\iitm\central\vendor\codeigniter4\framework\system\Model.php(461): CodeIgniter\Database\BaseBuilder->update()
#5 C:\xampp\htdocs\iitm\central\vendor\codeigniter4\framework\system\BaseModel.php(1010): CodeIgniter\Model->doUpdate(NULL, Array)
#6 C:\xampp\htdocs\iitm\central\vendor\codeigniter4\framework\system\Model.php(860): CodeIgniter\BaseModel->update(NULL, Array)
#7 C:\xampp\htdocs\iitm\central\app\Controllers\CrossValidation.php(362): CodeIgniter\Model->update()
#8 C:\xampp\htdocs\iitm\central\vendor\codeigniter4\framework\system\CodeIgniter.php(933): App\Controllers\CrossValidation->handleAction()
#9 C:\xampp\htdocs\iitm\central\vendor\codeigniter4\framework\system\CodeIgniter.php(507): CodeIgniter\CodeIgniter->runController(Object(App\Controllers\CrossValidation))
#10 C:\xampp\htdocs\iitm\central\vendor\codeigniter4\framework\system\CodeIgniter.php(354): CodeIgniter\CodeIgniter->handleRequest(NULL, Object(Config\Cache), false)
#11 C:\xampp\htdocs\iitm\central\vendor\codeigniter4\framework\system\Boot.php(363): CodeIgniter\CodeIgniter->run()
#12 C:\xampp\htdocs\iitm\central\vendor\codeigniter4\framework\system\Boot.php(68): CodeIgniter\Boot::runCodeIgniter(Object(CodeIgniter\CodeIgniter))
#13 C:\xampp\htdocs\iitm\central\index.php(59): CodeIgniter\Boot::bootWeb(Object(Config\Paths))
#14 {main}
CRITICAL - 2026-02-03 07:06:03 --> CodeIgniter\Database\Exceptions\DatabaseException: You have an error in your SQL syntax; check the manual that corresponds to your MariaDB server version for the right syntax to use near '= '2026-02-03 07:06:03'
WHERE `company_id` = '8'' at line 1
[Method: POST, Route: crossvalidation/action]
in SYSTEMPATH\Database\BaseConnection.php on line 684.
 1 SYSTEMPATH\Database\BaseBuilder.php(2521): CodeIgniter\Database\BaseConnection->query('UPDATE `updation` SET `company_id` = :company_id.1:,  = ::
WHERE `company_id` = :company_id:', [...], false)
 2 SYSTEMPATH\Model.php(461): CodeIgniter\Database\BaseBuilder->update()
 3 SYSTEMPATH\BaseModel.php(1010): CodeIgniter\Model->doUpdate(null, [...])
 4 SYSTEMPATH\Model.php(860): CodeIgniter\BaseModel->update(null, [...])
 5 APPPATH\Controllers\CrossValidation.php(362): CodeIgniter\Model->update()
 6 SYSTEMPATH\CodeIgniter.php(933): App\Controllers\CrossValidation->handleAction()
 7 SYSTEMPATH\CodeIgniter.php(507): CodeIgniter\CodeIgniter->runController(Object(App\Controllers\CrossValidation))
 8 SYSTEMPATH\CodeIgniter.php(354): CodeIgniter\CodeIgniter->handleRequest(null, Object(Config\Cache), false)
 9 SYSTEMPATH\Boot.php(363): CodeIgniter\CodeIgniter->run()
10 SYSTEMPATH\Boot.php(68): CodeIgniter\Boot::runCodeIgniter(Object(CodeIgniter\CodeIgniter))
11 FCPATH\index.php(59): CodeIgniter\Boot::bootWeb(Object(Config\Paths))
CRITICAL - 2026-02-03 07:06:03 --> [Caused by] CodeIgniter\Database\Exceptions\DatabaseException: You have an error in your SQL syntax; check the manual that corresponds to your MariaDB server version for the right syntax to use near '= '2026-02-03 07:06:03'
WHERE `company_id` = '8'' at line 1
in SYSTEMPATH\Database\MySQLi\Connection.php on line 332.
 1 SYSTEMPATH\Database\BaseConnection.php(729): CodeIgniter\Database\MySQLi\Connection->execute('UPDATE `updation` SET `company_id` = \'7\',  = \'2026-02-03 07:06:03\'
WHERE `company_id` = \'8\'')
 2 SYSTEMPATH\Database\BaseConnection.php(646): CodeIgniter\Database\BaseConnection->simpleQuery('UPDATE `updation` SET `company_id` = \'7\',  = \'2026-02-03 07:06:03\'
WHERE `company_id` = \'8\'')
 3 SYSTEMPATH\Database\BaseBuilder.php(2521): CodeIgniter\Database\BaseConnection->query('UPDATE `updation` SET `company_id` = :company_id.1:,  = ::
WHERE `company_id` = :company_id:', [...], false)
 4 SYSTEMPATH\Model.php(461): CodeIgniter\Database\BaseBuilder->update()
 5 SYSTEMPATH\BaseModel.php(1010): CodeIgniter\Model->doUpdate(null, [...])
 6 SYSTEMPATH\Model.php(860): CodeIgniter\BaseModel->update(null, [...])
 7 APPPATH\Controllers\CrossValidation.php(362): CodeIgniter\Model->update()
 8 SYSTEMPATH\CodeIgniter.php(933): App\Controllers\CrossValidation->handleAction()
 9 SYSTEMPATH\CodeIgniter.php(507): CodeIgniter\CodeIgniter->runController(Object(App\Controllers\CrossValidation))
10 SYSTEMPATH\CodeIgniter.php(354): CodeIgniter\CodeIgniter->handleRequest(null, Object(Config\Cache), false)
11 SYSTEMPATH\Boot.php(363): CodeIgniter\CodeIgniter->run()
12 SYSTEMPATH\Boot.php(68): CodeIgniter\Boot::runCodeIgniter(Object(CodeIgniter\CodeIgniter))
13 FCPATH\index.php(59): CodeIgniter\Boot::bootWeb(Object(Config\Paths))
CRITICAL - 2026-02-03 07:06:03 --> [Caused by] mysqli_sql_exception: You have an error in your SQL syntax; check the manual that corresponds to your MariaDB server version for the right syntax to use near '= '2026-02-03 07:06:03'
WHERE `company_id` = '8'' at line 1
in SYSTEMPATH\Database\MySQLi\Connection.php on line 327.
 1 SYSTEMPATH\Database\MySQLi\Connection.php(327): mysqli->query('UPDATE `updation` SET `company_id` = \'7\',  = \'2026-02-03 07:06:03\'
WHERE `company_id` = \'8\'', 0)
 2 SYSTEMPATH\Database\BaseConnection.php(729): CodeIgniter\Database\MySQLi\Connection->execute('UPDATE `updation` SET `company_id` = \'7\',  = \'2026-02-03 07:06:03\'
WHERE `company_id` = \'8\'')
 3 SYSTEMPATH\Database\BaseConnection.php(646): CodeIgniter\Database\BaseConnection->simpleQuery('UPDATE `updation` SET `company_id` = \'7\',  = \'2026-02-03 07:06:03\'
WHERE `company_id` = \'8\'')
 4 SYSTEMPATH\Database\BaseBuilder.php(2521): CodeIgniter\Database\BaseConnection->query('UPDATE `updation` SET `company_id` = :company_id.1:,  = ::
WHERE `company_id` = :company_id:', [...], false)
 5 SYSTEMPATH\Model.php(461): CodeIgniter\Database\BaseBuilder->update()
 6 SYSTEMPATH\BaseModel.php(1010): CodeIgniter\Model->doUpdate(null, [...])
 7 SYSTEMPATH\Model.php(860): CodeIgniter\BaseModel->update(null, [...])
 8 APPPATH\Controllers\CrossValidation.php(362): CodeIgniter\Model->update()
 9 SYSTEMPATH\CodeIgniter.php(933): App\Controllers\CrossValidation->handleAction()
10 SYSTEMPATH\CodeIgniter.php(507): CodeIgniter\CodeIgniter->runController(Object(App\Controllers\CrossValidation))
11 SYSTEMPATH\CodeIgniter.php(354): CodeIgniter\CodeIgniter->handleRequest(null, Object(Config\Cache), false)
12 SYSTEMPATH\Boot.php(363): CodeIgniter\CodeIgniter->run()
13 SYSTEMPATH\Boot.php(68): CodeIgniter\Boot::runCodeIgniter(Object(CodeIgniter\CodeIgniter))
14 FCPATH\index.php(59): CodeIgniter\Boot::bootWeb(Object(Config\Paths))
ERROR - 2026-02-03 07:07:18 --> mysqli_sql_exception: Unknown column 'updated_at' in 'field list' in C:\xampp\htdocs\iitm\central\vendor\codeigniter4\framework\system\Database\MySQLi\Connection.php:327
Stack trace:
#0 C:\xampp\htdocs\iitm\central\vendor\codeigniter4\framework\system\Database\MySQLi\Connection.php(327): mysqli->query('UPDATE `updatio...', 0)
#1 C:\xampp\htdocs\iitm\central\vendor\codeigniter4\framework\system\Database\BaseConnection.php(729): CodeIgniter\Database\MySQLi\Connection->execute('UPDATE `updatio...')
#2 C:\xampp\htdocs\iitm\central\vendor\codeigniter4\framework\system\Database\BaseConnection.php(646): CodeIgniter\Database\BaseConnection->simpleQuery('UPDATE `updatio...')
#3 C:\xampp\htdocs\iitm\central\vendor\codeigniter4\framework\system\Database\BaseBuilder.php(2521): CodeIgniter\Database\BaseConnection->query('UPDATE `updatio...', Array, false)
#4 C:\xampp\htdocs\iitm\central\vendor\codeigniter4\framework\system\Model.php(461): CodeIgniter\Database\BaseBuilder->update()
#5 C:\xampp\htdocs\iitm\central\vendor\codeigniter4\framework\system\BaseModel.php(1010): CodeIgniter\Model->doUpdate(NULL, Array)
#6 C:\xampp\htdocs\iitm\central\vendor\codeigniter4\framework\system\Model.php(860): CodeIgniter\BaseModel->update(NULL, Array)
#7 C:\xampp\htdocs\iitm\central\app\Controllers\CrossValidation.php(362): CodeIgniter\Model->update()
#8 C:\xampp\htdocs\iitm\central\vendor\codeigniter4\framework\system\CodeIgniter.php(933): App\Controllers\CrossValidation->handleAction()
#9 C:\xampp\htdocs\iitm\central\vendor\codeigniter4\framework\system\CodeIgniter.php(507): CodeIgniter\CodeIgniter->runController(Object(App\Controllers\CrossValidation))
#10 C:\xampp\htdocs\iitm\central\vendor\codeigniter4\framework\system\CodeIgniter.php(354): CodeIgniter\CodeIgniter->handleRequest(NULL, Object(Config\Cache), false)
#11 C:\xampp\htdocs\iitm\central\vendor\codeigniter4\framework\system\Boot.php(363): CodeIgniter\CodeIgniter->run()
#12 C:\xampp\htdocs\iitm\central\vendor\codeigniter4\framework\system\Boot.php(68): CodeIgniter\Boot::runCodeIgniter(Object(CodeIgniter\CodeIgniter))
#13 C:\xampp\htdocs\iitm\central\index.php(59): CodeIgniter\Boot::bootWeb(Object(Config\Paths))
#14 {main}
CRITICAL - 2026-02-03 07:07:18 --> CodeIgniter\Database\Exceptions\DatabaseException: Unknown column 'updated_at' in 'field list'
[Method: POST, Route: crossvalidation/action]
in SYSTEMPATH\Database\BaseConnection.php on line 684.
 1 SYSTEMPATH\Database\BaseBuilder.php(2521): CodeIgniter\Database\BaseConnection->query('UPDATE `updation` SET `company_id` = :company_id.1:, `updated_at` = :updated_at:
WHERE `company_id` = :company_id:', [...], false)
 2 SYSTEMPATH\Model.php(461): CodeIgniter\Database\BaseBuilder->update()
 3 SYSTEMPATH\BaseModel.php(1010): CodeIgniter\Model->doUpdate(null, [...])
 4 SYSTEMPATH\Model.php(860): CodeIgniter\BaseModel->update(null, [...])
 5 APPPATH\Controllers\CrossValidation.php(362): CodeIgniter\Model->update()
 6 SYSTEMPATH\CodeIgniter.php(933): App\Controllers\CrossValidation->handleAction()
 7 SYSTEMPATH\CodeIgniter.php(507): CodeIgniter\CodeIgniter->runController(Object(App\Controllers\CrossValidation))
 8 SYSTEMPATH\CodeIgniter.php(354): CodeIgniter\CodeIgniter->handleRequest(null, Object(Config\Cache), false)
 9 SYSTEMPATH\Boot.php(363): CodeIgniter\CodeIgniter->run()
10 SYSTEMPATH\Boot.php(68): CodeIgniter\Boot::runCodeIgniter(Object(CodeIgniter\CodeIgniter))
11 FCPATH\index.php(59): CodeIgniter\Boot::bootWeb(Object(Config\Paths))
CRITICAL - 2026-02-03 07:07:18 --> [Caused by] CodeIgniter\Database\Exceptions\DatabaseException: Unknown column 'updated_at' in 'field list'
in SYSTEMPATH\Database\MySQLi\Connection.php on line 332.
 1 SYSTEMPATH\Database\BaseConnection.php(729): CodeIgniter\Database\MySQLi\Connection->execute('UPDATE `updation` SET `company_id` = \'7\', `updated_at` = \'2026-02-03 07:07:18\'
WHERE `company_id` = \'8\'')
 2 SYSTEMPATH\Database\BaseConnection.php(646): CodeIgniter\Database\BaseConnection->simpleQuery('UPDATE `updation` SET `company_id` = \'7\', `updated_at` = \'2026-02-03 07:07:18\'
WHERE `company_id` = \'8\'')
 3 SYSTEMPATH\Database\BaseBuilder.php(2521): CodeIgniter\Database\BaseConnection->query('UPDATE `updation` SET `company_id` = :company_id.1:, `updated_at` = :updated_at:
WHERE `company_id` = :company_id:', [...], false)
 4 SYSTEMPATH\Model.php(461): CodeIgniter\Database\BaseBuilder->update()
 5 SYSTEMPATH\BaseModel.php(1010): CodeIgniter\Model->doUpdate(null, [...])
 6 SYSTEMPATH\Model.php(860): CodeIgniter\BaseModel->update(null, [...])
 7 APPPATH\Controllers\CrossValidation.php(362): CodeIgniter\Model->update()
 8 SYSTEMPATH\CodeIgniter.php(933): App\Controllers\CrossValidation->handleAction()
 9 SYSTEMPATH\CodeIgniter.php(507): CodeIgniter\CodeIgniter->runController(Object(App\Controllers\CrossValidation))
10 SYSTEMPATH\CodeIgniter.php(354): CodeIgniter\CodeIgniter->handleRequest(null, Object(Config\Cache), false)
11 SYSTEMPATH\Boot.php(363): CodeIgniter\CodeIgniter->run()
12 SYSTEMPATH\Boot.php(68): CodeIgniter\Boot::runCodeIgniter(Object(CodeIgniter\CodeIgniter))
13 FCPATH\index.php(59): CodeIgniter\Boot::bootWeb(Object(Config\Paths))
CRITICAL - 2026-02-03 07:07:18 --> [Caused by] mysqli_sql_exception: Unknown column 'updated_at' in 'field list'
in SYSTEMPATH\Database\MySQLi\Connection.php on line 327.
 1 SYSTEMPATH\Database\MySQLi\Connection.php(327): mysqli->query('UPDATE `updation` SET `company_id` = \'7\', `updated_at` = \'2026-02-03 07:07:18\'
WHERE `company_id` = \'8\'', 0)
 2 SYSTEMPATH\Database\BaseConnection.php(729): CodeIgniter\Database\MySQLi\Connection->execute('UPDATE `updation` SET `company_id` = \'7\', `updated_at` = \'2026-02-03 07:07:18\'
WHERE `company_id` = \'8\'')
 3 SYSTEMPATH\Database\BaseConnection.php(646): CodeIgniter\Database\BaseConnection->simpleQuery('UPDATE `updation` SET `company_id` = \'7\', `updated_at` = \'2026-02-03 07:07:18\'
WHERE `company_id` = \'8\'')
 4 SYSTEMPATH\Database\BaseBuilder.php(2521): CodeIgniter\Database\BaseConnection->query('UPDATE `updation` SET `company_id` = :company_id.1:, `updated_at` = :updated_at:
WHERE `company_id` = :company_id:', [...], false)
 5 SYSTEMPATH\Model.php(461): CodeIgniter\Database\BaseBuilder->update()
 6 SYSTEMPATH\BaseModel.php(1010): CodeIgniter\Model->doUpdate(null, [...])
 7 SYSTEMPATH\Model.php(860): CodeIgniter\BaseModel->update(null, [...])
 8 APPPATH\Controllers\CrossValidation.php(362): CodeIgniter\Model->update()
 9 SYSTEMPATH\CodeIgniter.php(933): App\Controllers\CrossValidation->handleAction()
10 SYSTEMPATH\CodeIgniter.php(507): CodeIgniter\CodeIgniter->runController(Object(App\Controllers\CrossValidation))
11 SYSTEMPATH\CodeIgniter.php(354): CodeIgniter\CodeIgniter->handleRequest(null, Object(Config\Cache), false)
12 SYSTEMPATH\Boot.php(363): CodeIgniter\CodeIgniter->run()
13 SYSTEMPATH\Boot.php(68): CodeIgniter\Boot::runCodeIgniter(Object(CodeIgniter\CodeIgniter))
14 FCPATH\index.php(59): CodeIgniter\Boot::bootWeb(Object(Config\Paths))
CRITICAL - 2026-02-03 07:07:25 --> ErrorException: Trying to access array offset on value of type null
[Method: POST, Route: crossvalidation/action]
in APPPATH\Controllers\CrossValidation.php on line 372.
 1 APPPATH\Controllers\CrossValidation.php(372): CodeIgniter\Debug\Exceptions->errorHandler(2, 'Trying to access array offset on value of type null', 'C:\\xampp\\htdocs\\iitm\\central\\app\\Controllers\\CrossValidation.php', 372)
 2 SYSTEMPATH\CodeIgniter.php(933): App\Controllers\CrossValidation->handleAction()
 3 SYSTEMPATH\CodeIgniter.php(507): CodeIgniter\CodeIgniter->runController(Object(App\Controllers\CrossValidation))
 4 SYSTEMPATH\CodeIgniter.php(354): CodeIgniter\CodeIgniter->handleRequest(null, Object(Config\Cache), false)
 5 SYSTEMPATH\Boot.php(363): CodeIgniter\CodeIgniter->run()
 6 SYSTEMPATH\Boot.php(68): CodeIgniter\Boot::runCodeIgniter(Object(CodeIgniter\CodeIgniter))
 7 FCPATH\index.php(59): CodeIgniter\Boot::bootWeb(Object(Config\Paths))
CRITICAL - 2026-02-03 07:12:00 --> ErrorException: Trying to access array offset on value of type null
[Method: POST, Route: crossvalidation/action]
in APPPATH\Controllers\CrossValidation.php on line 372.
 1 APPPATH\Controllers\CrossValidation.php(372): CodeIgniter\Debug\Exceptions->errorHandler(2, 'Trying to access array offset on value of type null', 'C:\\xampp\\htdocs\\iitm\\central\\app\\Controllers\\CrossValidation.php', 372)
 2 SYSTEMPATH\CodeIgniter.php(933): App\Controllers\CrossValidation->handleAction()
 3 SYSTEMPATH\CodeIgniter.php(507): CodeIgniter\CodeIgniter->runController(Object(App\Controllers\CrossValidation))
 4 SYSTEMPATH\CodeIgniter.php(354): CodeIgniter\CodeIgniter->handleRequest(null, Object(Config\Cache), false)
 5 SYSTEMPATH\Boot.php(363): CodeIgniter\CodeIgniter->run()
 6 SYSTEMPATH\Boot.php(68): CodeIgniter\Boot::runCodeIgniter(Object(CodeIgniter\CodeIgniter))
 7 FCPATH\index.php(59): CodeIgniter\Boot::bootWeb(Object(Config\Paths))
CRITICAL - 2026-02-03 07:14:44 --> ErrorException: Trying to access array offset on value of type null
[Method: POST, Route: crossvalidation/action]
in APPPATH\Controllers\CrossValidation.php on line 372.
 1 APPPATH\Controllers\CrossValidation.php(372): CodeIgniter\Debug\Exceptions->errorHandler(2, 'Trying to access array offset on value of type null', 'C:\\xampp\\htdocs\\iitm\\central\\app\\Controllers\\CrossValidation.php', 372)
 2 SYSTEMPATH\CodeIgniter.php(933): App\Controllers\CrossValidation->handleAction()
 3 SYSTEMPATH\CodeIgniter.php(507): CodeIgniter\CodeIgniter->runController(Object(App\Controllers\CrossValidation))
 4 SYSTEMPATH\CodeIgniter.php(354): CodeIgniter\CodeIgniter->handleRequest(null, Object(Config\Cache), false)
 5 SYSTEMPATH\Boot.php(363): CodeIgniter\CodeIgniter->run()
 6 SYSTEMPATH\Boot.php(68): CodeIgniter\Boot::runCodeIgniter(Object(CodeIgniter\CodeIgniter))
 7 FCPATH\index.php(59): CodeIgniter\Boot::bootWeb(Object(Config\Paths))
CRITICAL - 2026-02-03 07:18:01 --> ErrorException: Undefined property: App\Controllers\CrossValidation::$matchingSessionModel
[Method: POST, Route: crossvalidation/action]
in APPPATH\Controllers\CrossValidation.php on line 348.
 1 APPPATH\Controllers\CrossValidation.php(348): CodeIgniter\Debug\Exceptions->errorHandler(2, 'Undefined property: App\\Controllers\\CrossValidation::$matchingSessionModel', 'C:\\xampp\\htdocs\\iitm\\central\\app\\Controllers\\CrossValidation.php', 348)
 2 SYSTEMPATH\CodeIgniter.php(933): App\Controllers\CrossValidation->handleAction()
 3 SYSTEMPATH\CodeIgniter.php(507): CodeIgniter\CodeIgniter->runController(Object(App\Controllers\CrossValidation))
 4 SYSTEMPATH\CodeIgniter.php(354): CodeIgniter\CodeIgniter->handleRequest(null, Object(Config\Cache), false)
 5 SYSTEMPATH\Boot.php(363): CodeIgniter\CodeIgniter->run()
 6 SYSTEMPATH\Boot.php(68): CodeIgniter\Boot::runCodeIgniter(Object(CodeIgniter\CodeIgniter))
 7 FCPATH\index.php(59): CodeIgniter\Boot::bootWeb(Object(Config\Paths))
CRITICAL - 2026-02-03 07:21:42 --> ErrorException: Trying to access array offset on value of type null
[Method: POST, Route: crossvalidation/action]
in APPPATH\Controllers\CrossValidation.php on line 374.
 1 APPPATH\Controllers\CrossValidation.php(374): CodeIgniter\Debug\Exceptions->errorHandler(2, 'Trying to access array offset on value of type null', 'C:\\xampp\\htdocs\\iitm\\central\\app\\Controllers\\CrossValidation.php', 374)
 2 SYSTEMPATH\CodeIgniter.php(933): App\Controllers\CrossValidation->handleAction()
 3 SYSTEMPATH\CodeIgniter.php(507): CodeIgniter\CodeIgniter->runController(Object(App\Controllers\CrossValidation))
 4 SYSTEMPATH\CodeIgniter.php(354): CodeIgniter\CodeIgniter->handleRequest(null, Object(Config\Cache), false)
 5 SYSTEMPATH\Boot.php(363): CodeIgniter\CodeIgniter->run()
 6 SYSTEMPATH\Boot.php(68): CodeIgniter\Boot::runCodeIgniter(Object(CodeIgniter\CodeIgniter))
 7 FCPATH\index.php(59): CodeIgniter\Boot::bootWeb(Object(Config\Paths))
CRITICAL - 2026-02-03 08:35:17 --> ErrorException: Undefined property: App\Controllers\CrossValidation::$matchingSessionModel
[Method: POST, Route: crossvalidation/action]
in APPPATH\Controllers\CrossValidation.php on line 395.
 1 APPPATH\Controllers\CrossValidation.php(395): CodeIgniter\Debug\Exceptions->errorHandler(2, 'Undefined property: App\\Controllers\\CrossValidation::$matchingSessionModel', 'C:\\xampp\\htdocs\\iitm\\central\\app\\Controllers\\CrossValidation.php', 395)
 2 SYSTEMPATH\CodeIgniter.php(933): App\Controllers\CrossValidation->handleAction()
 3 SYSTEMPATH\CodeIgniter.php(507): CodeIgniter\CodeIgniter->runController(Object(App\Controllers\CrossValidation))
 4 SYSTEMPATH\CodeIgniter.php(354): CodeIgniter\CodeIgniter->handleRequest(null, Object(Config\Cache), false)
 5 SYSTEMPATH\Boot.php(363): CodeIgniter\CodeIgniter->run()
 6 SYSTEMPATH\Boot.php(68): CodeIgniter\Boot::runCodeIgniter(Object(CodeIgniter\CodeIgniter))
 7 FCPATH\index.php(59): CodeIgniter\Boot::bootWeb(Object(Config\Paths))
CRITICAL - 2026-02-03 08:56:31 --> ParseError: syntax error, unexpected identifier "remove"
[Method: POST, Route: crossvalidation/action]
in APPPATH\Controllers\CrossValidation.php on line 412.
 1 FCPATH\vendor\composer\ClassLoader.php(427): Composer\Autoload\{closure}('C:\\xampp\\htdocs\\iitm\\central\\vendor\\composer/../../app\\Controllers\\CrossValidation.php')
 2 [internal function]: Composer\Autoload\ClassLoader->loadClass('App\\Controllers\\CrossValidation')
 3 SYSTEMPATH\CodeIgniter.php(885): class_exists('\\App\\Controllers\\CrossValidation', true)
 4 SYSTEMPATH\CodeIgniter.php(494): CodeIgniter\CodeIgniter->startController()
 5 SYSTEMPATH\CodeIgniter.php(354): CodeIgniter\CodeIgniter->handleRequest(null, Object(Config\Cache), false)
 6 SYSTEMPATH\Boot.php(363): CodeIgniter\CodeIgniter->run()
 7 SYSTEMPATH\Boot.php(68): CodeIgniter\Boot::runCodeIgniter(Object(CodeIgniter\CodeIgniter))
 8 FCPATH\index.php(59): CodeIgniter\Boot::bootWeb(Object(Config\Paths))
CRITICAL - 2026-02-03 08:56:32 --> ParseError: syntax error, unexpected identifier "remove"
[Method: GET, Route: crossvalidation]
in APPPATH\Controllers\CrossValidation.php on line 412.
 1 FCPATH\vendor\composer\ClassLoader.php(427): Composer\Autoload\{closure}('C:\\xampp\\htdocs\\iitm\\central\\vendor\\composer/../../app\\Controllers\\CrossValidation.php')
 2 [internal function]: Composer\Autoload\ClassLoader->loadClass('App\\Controllers\\CrossValidation')
 3 SYSTEMPATH\CodeIgniter.php(885): class_exists('\\App\\Controllers\\CrossValidation', true)
 4 SYSTEMPATH\CodeIgniter.php(494): CodeIgniter\CodeIgniter->startController()
 5 SYSTEMPATH\CodeIgniter.php(354): CodeIgniter\CodeIgniter->handleRequest(null, Object(Config\Cache), false)
 6 SYSTEMPATH\Boot.php(363): CodeIgniter\CodeIgniter->run()
 7 SYSTEMPATH\Boot.php(68): CodeIgniter\Boot::runCodeIgniter(Object(CodeIgniter\CodeIgniter))
 8 FCPATH\index.php(59): CodeIgniter\Boot::bootWeb(Object(Config\Paths))
CRITICAL - 2026-02-03 08:56:33 --> ParseError: syntax error, unexpected identifier "remove"
[Method: GET, Route: crossvalidation]
in APPPATH\Controllers\CrossValidation.php on line 412.
 1 FCPATH\vendor\composer\ClassLoader.php(427): Composer\Autoload\{closure}('C:\\xampp\\htdocs\\iitm\\central\\vendor\\composer/../../app\\Controllers\\CrossValidation.php')
 2 [internal function]: Composer\Autoload\ClassLoader->loadClass('App\\Controllers\\CrossValidation')
 3 SYSTEMPATH\CodeIgniter.php(885): class_exists('\\App\\Controllers\\CrossValidation', true)
 4 SYSTEMPATH\CodeIgniter.php(494): CodeIgniter\CodeIgniter->startController()
 5 SYSTEMPATH\CodeIgniter.php(354): CodeIgniter\CodeIgniter->handleRequest(null, Object(Config\Cache), false)
 6 SYSTEMPATH\Boot.php(363): CodeIgniter\CodeIgniter->run()
 7 SYSTEMPATH\Boot.php(68): CodeIgniter\Boot::runCodeIgniter(Object(CodeIgniter\CodeIgniter))
 8 FCPATH\index.php(59): CodeIgniter\Boot::bootWeb(Object(Config\Paths))
CRITICAL - 2026-02-03 08:56:42 --> ParseError: syntax error, unexpected identifier "remove"
[Method: GET, Route: crossvalidation]
in APPPATH\Controllers\CrossValidation.php on line 412.
 1 FCPATH\vendor\composer\ClassLoader.php(427): Composer\Autoload\{closure}('C:\\xampp\\htdocs\\iitm\\central\\vendor\\composer/../../app\\Controllers\\CrossValidation.php')
 2 [internal function]: Composer\Autoload\ClassLoader->loadClass('App\\Controllers\\CrossValidation')
 3 SYSTEMPATH\CodeIgniter.php(885): class_exists('\\App\\Controllers\\CrossValidation', true)
 4 SYSTEMPATH\CodeIgniter.php(494): CodeIgniter\CodeIgniter->startController()
 5 SYSTEMPATH\CodeIgniter.php(354): CodeIgniter\CodeIgniter->handleRequest(null, Object(Config\Cache), false)
 6 SYSTEMPATH\Boot.php(363): CodeIgniter\CodeIgniter->run()
 7 SYSTEMPATH\Boot.php(68): CodeIgniter\Boot::runCodeIgniter(Object(CodeIgniter\CodeIgniter))
 8 FCPATH\index.php(59): CodeIgniter\Boot::bootWeb(Object(Config\Paths))
CRITICAL - 2026-02-03 09:11:23 --> ErrorException: Undefined property: App\Controllers\CrossValidation::$db
[Method: POST, Route: crossvalidation/action]
in APPPATH\Controllers\CrossValidation.php on line 364.
 1 APPPATH\Controllers\CrossValidation.php(364): CodeIgniter\Debug\Exceptions->errorHandler(2, 'Undefined property: App\\Controllers\\CrossValidation::$db', 'C:\\xampp\\htdocs\\iitm\\central\\app\\Controllers\\CrossValidation.php', 364)
 2 SYSTEMPATH\CodeIgniter.php(933): App\Controllers\CrossValidation->handleAction()
 3 SYSTEMPATH\CodeIgniter.php(507): CodeIgniter\CodeIgniter->runController(Object(App\Controllers\CrossValidation))
 4 SYSTEMPATH\CodeIgniter.php(354): CodeIgniter\CodeIgniter->handleRequest(null, Object(Config\Cache), false)
 5 SYSTEMPATH\Boot.php(363): CodeIgniter\CodeIgniter->run()
 6 SYSTEMPATH\Boot.php(68): CodeIgniter\Boot::runCodeIgniter(Object(CodeIgniter\CodeIgniter))
 7 FCPATH\index.php(59): CodeIgniter\Boot::bootWeb(Object(Config\Paths))
CRITICAL - 2026-02-03 09:49:30 --> ErrorException: Undefined array key "original_company_name"
[Method: GET, Route: crossvalidation]
in APPPATH\Views\crossvalidation\index.php on line 48.
 1 APPPATH\Views\crossvalidation\index.php(48): CodeIgniter\Debug\Exceptions->errorHandler(2, 'Undefined array key "original_company_name"', 'C:\\xampp\\htdocs\\iitm\\central\\app\\Views\\crossvalidation\\index.php', 48)
 2 SYSTEMPATH\View\View.php(226): include('C:\\xampp\\htdocs\\iitm\\central\\app\\Views\\crossvalidation\\index.php')
 3 SYSTEMPATH\View\View.php(229): CodeIgniter\View\View->CodeIgniter\View\{closure}()
 4 SYSTEMPATH\Common.php(1199): CodeIgniter\View\View->render('crossvalidation/index', [], true)
 5 APPPATH\Controllers\CrossValidation.php(119): view('crossvalidation/index', [...])
 6 SYSTEMPATH\CodeIgniter.php(933): App\Controllers\CrossValidation->index()
 7 SYSTEMPATH\CodeIgniter.php(507): CodeIgniter\CodeIgniter->runController(Object(App\Controllers\CrossValidation))
 8 SYSTEMPATH\CodeIgniter.php(354): CodeIgniter\CodeIgniter->handleRequest(null, Object(Config\Cache), false)
 9 SYSTEMPATH\Boot.php(363): CodeIgniter\CodeIgniter->run()
10 SYSTEMPATH\Boot.php(68): CodeIgniter\Boot::runCodeIgniter(Object(CodeIgniter\CodeIgniter))
11 FCPATH\index.php(59): CodeIgniter\Boot::bootWeb(Object(Config\Paths))
CRITICAL - 2026-02-03 09:50:16 --> ErrorException: Undefined array key "original_company_name"
[Method: GET, Route: crossvalidation]
in APPPATH\Views\crossvalidation\index.php on line 46.
 1 APPPATH\Views\crossvalidation\index.php(46): CodeIgniter\Debug\Exceptions->errorHandler(2, 'Undefined array key "original_company_name"', 'C:\\xampp\\htdocs\\iitm\\central\\app\\Views\\crossvalidation\\index.php', 46)
 2 SYSTEMPATH\View\View.php(226): include('C:\\xampp\\htdocs\\iitm\\central\\app\\Views\\crossvalidation\\index.php')
 3 SYSTEMPATH\View\View.php(229): CodeIgniter\View\View->CodeIgniter\View\{closure}()
 4 SYSTEMPATH\Common.php(1199): CodeIgniter\View\View->render('crossvalidation/index', [], true)
 5 APPPATH\Controllers\CrossValidation.php(119): view('crossvalidation/index', [...])
 6 SYSTEMPATH\CodeIgniter.php(933): App\Controllers\CrossValidation->index()
 7 SYSTEMPATH\CodeIgniter.php(507): CodeIgniter\CodeIgniter->runController(Object(App\Controllers\CrossValidation))
 8 SYSTEMPATH\CodeIgniter.php(354): CodeIgniter\CodeIgniter->handleRequest(null, Object(Config\Cache), false)
 9 SYSTEMPATH\Boot.php(363): CodeIgniter\CodeIgniter->run()
10 SYSTEMPATH\Boot.php(68): CodeIgniter\Boot::runCodeIgniter(Object(CodeIgniter\CodeIgniter))
11 FCPATH\index.php(59): CodeIgniter\Boot::bootWeb(Object(Config\Paths))
CRITICAL - 2026-02-03 09:51:07 --> ErrorException: Undefined array key "original_company_name"
[Method: GET, Route: crossvalidation]
in APPPATH\Views\crossvalidation\index.php on line 46.
 1 APPPATH\Views\crossvalidation\index.php(46): CodeIgniter\Debug\Exceptions->errorHandler(2, 'Undefined array key "original_company_name"', 'C:\\xampp\\htdocs\\iitm\\central\\app\\Views\\crossvalidation\\index.php', 46)
 2 SYSTEMPATH\View\View.php(226): include('C:\\xampp\\htdocs\\iitm\\central\\app\\Views\\crossvalidation\\index.php')
 3 SYSTEMPATH\View\View.php(229): CodeIgniter\View\View->CodeIgniter\View\{closure}()
 4 SYSTEMPATH\Common.php(1199): CodeIgniter\View\View->render('crossvalidation/index', [], true)
 5 APPPATH\Controllers\CrossValidation.php(119): view('crossvalidation/index', [...])
 6 SYSTEMPATH\CodeIgniter.php(933): App\Controllers\CrossValidation->index()
 7 SYSTEMPATH\CodeIgniter.php(507): CodeIgniter\CodeIgniter->runController(Object(App\Controllers\CrossValidation))
 8 SYSTEMPATH\CodeIgniter.php(354): CodeIgniter\CodeIgniter->handleRequest(null, Object(Config\Cache), false)
 9 SYSTEMPATH\Boot.php(363): CodeIgniter\CodeIgniter->run()
10 SYSTEMPATH\Boot.php(68): CodeIgniter\Boot::runCodeIgniter(Object(CodeIgniter\CodeIgniter))
11 FCPATH\index.php(59): CodeIgniter\Boot::bootWeb(Object(Config\Paths))
CRITICAL - 2026-02-03 09:51:10 --> ErrorException: Undefined array key "original_company_name"
[Method: GET, Route: crossvalidation]
in APPPATH\Views\crossvalidation\index.php on line 46.
 1 APPPATH\Views\crossvalidation\index.php(46): CodeIgniter\Debug\Exceptions->errorHandler(2, 'Undefined array key "original_company_name"', 'C:\\xampp\\htdocs\\iitm\\central\\app\\Views\\crossvalidation\\index.php', 46)
 2 SYSTEMPATH\View\View.php(226): include('C:\\xampp\\htdocs\\iitm\\central\\app\\Views\\crossvalidation\\index.php')
 3 SYSTEMPATH\View\View.php(229): CodeIgniter\View\View->CodeIgniter\View\{closure}()
 4 SYSTEMPATH\Common.php(1199): CodeIgniter\View\View->render('crossvalidation/index', [], true)
 5 APPPATH\Controllers\CrossValidation.php(119): view('crossvalidation/index', [...])
 6 SYSTEMPATH\CodeIgniter.php(933): App\Controllers\CrossValidation->index()
 7 SYSTEMPATH\CodeIgniter.php(507): CodeIgniter\CodeIgniter->runController(Object(App\Controllers\CrossValidation))
 8 SYSTEMPATH\CodeIgniter.php(354): CodeIgniter\CodeIgniter->handleRequest(null, Object(Config\Cache), false)
 9 SYSTEMPATH\Boot.php(363): CodeIgniter\CodeIgniter->run()
10 SYSTEMPATH\Boot.php(68): CodeIgniter\Boot::runCodeIgniter(Object(CodeIgniter\CodeIgniter))
11 FCPATH\index.php(59): CodeIgniter\Boot::bootWeb(Object(Config\Paths))
CRITICAL - 2026-02-03 09:53:12 --> ErrorException: Undefined array key "original_name"
[Method: GET, Route: crossvalidation]
in APPPATH\Views\crossvalidation\index.php on line 76.
 1 APPPATH\Views\crossvalidation\index.php(76): CodeIgniter\Debug\Exceptions->errorHandler(2, 'Undefined array key "original_name"', 'C:\\xampp\\htdocs\\iitm\\central\\app\\Views\\crossvalidation\\index.php', 76)
 2 SYSTEMPATH\View\View.php(226): include('C:\\xampp\\htdocs\\iitm\\central\\app\\Views\\crossvalidation\\index.php')
 3 SYSTEMPATH\View\View.php(229): CodeIgniter\View\View->CodeIgniter\View\{closure}()
 4 SYSTEMPATH\Common.php(1199): CodeIgniter\View\View->render('crossvalidation/index', [], true)
 5 APPPATH\Controllers\CrossValidation.php(119): view('crossvalidation/index', [...])
 6 SYSTEMPATH\CodeIgniter.php(933): App\Controllers\CrossValidation->index()
 7 SYSTEMPATH\CodeIgniter.php(507): CodeIgniter\CodeIgniter->runController(Object(App\Controllers\CrossValidation))
 8 SYSTEMPATH\CodeIgniter.php(354): CodeIgniter\CodeIgniter->handleRequest(null, Object(Config\Cache), false)
 9 SYSTEMPATH\Boot.php(363): CodeIgniter\CodeIgniter->run()
10 SYSTEMPATH\Boot.php(68): CodeIgniter\Boot::runCodeIgniter(Object(CodeIgniter\CodeIgniter))
11 FCPATH\index.php(59): CodeIgniter\Boot::bootWeb(Object(Config\Paths))
CRITICAL - 2026-02-03 09:53:52 --> ErrorException: Undefined array key "original_name"
[Method: GET, Route: crossvalidation]
in APPPATH\Views\crossvalidation\index.php on line 76.
 1 APPPATH\Views\crossvalidation\index.php(76): CodeIgniter\Debug\Exceptions->errorHandler(2, 'Undefined array key "original_name"', 'C:\\xampp\\htdocs\\iitm\\central\\app\\Views\\crossvalidation\\index.php', 76)
 2 SYSTEMPATH\View\View.php(226): include('C:\\xampp\\htdocs\\iitm\\central\\app\\Views\\crossvalidation\\index.php')
 3 SYSTEMPATH\View\View.php(229): CodeIgniter\View\View->CodeIgniter\View\{closure}()
 4 SYSTEMPATH\Common.php(1199): CodeIgniter\View\View->render('crossvalidation/index', [], true)
 5 APPPATH\Controllers\CrossValidation.php(119): view('crossvalidation/index', [...])
 6 SYSTEMPATH\CodeIgniter.php(933): App\Controllers\CrossValidation->index()
 7 SYSTEMPATH\CodeIgniter.php(507): CodeIgniter\CodeIgniter->runController(Object(App\Controllers\CrossValidation))
 8 SYSTEMPATH\CodeIgniter.php(354): CodeIgniter\CodeIgniter->handleRequest(null, Object(Config\Cache), false)
 9 SYSTEMPATH\Boot.php(363): CodeIgniter\CodeIgniter->run()
10 SYSTEMPATH\Boot.php(68): CodeIgniter\Boot::runCodeIgniter(Object(CodeIgniter\CodeIgniter))
11 FCPATH\index.php(59): CodeIgniter\Boot::bootWeb(Object(Config\Paths))
CRITICAL - 2026-02-03 09:56:35 --> ErrorException: Undefined array key "original_name"
[Method: GET, Route: crossvalidation]
in APPPATH\Views\crossvalidation\index.php on line 80.
 1 APPPATH\Views\crossvalidation\index.php(80): CodeIgniter\Debug\Exceptions->errorHandler(2, 'Undefined array key "original_name"', 'C:\\xampp\\htdocs\\iitm\\central\\app\\Views\\crossvalidation\\index.php', 80)
 2 SYSTEMPATH\View\View.php(226): include('C:\\xampp\\htdocs\\iitm\\central\\app\\Views\\crossvalidation\\index.php')
 3 SYSTEMPATH\View\View.php(229): CodeIgniter\View\View->CodeIgniter\View\{closure}()
 4 SYSTEMPATH\Common.php(1199): CodeIgniter\View\View->render('crossvalidation/index', [], true)
 5 APPPATH\Controllers\CrossValidation.php(119): view('crossvalidation/index', [...])
 6 SYSTEMPATH\CodeIgniter.php(933): App\Controllers\CrossValidation->index()
 7 SYSTEMPATH\CodeIgniter.php(507): CodeIgniter\CodeIgniter->runController(Object(App\Controllers\CrossValidation))
 8 SYSTEMPATH\CodeIgniter.php(354): CodeIgniter\CodeIgniter->handleRequest(null, Object(Config\Cache), false)
 9 SYSTEMPATH\Boot.php(363): CodeIgniter\CodeIgniter->run()
10 SYSTEMPATH\Boot.php(68): CodeIgniter\Boot::runCodeIgniter(Object(CodeIgniter\CodeIgniter))
11 FCPATH\index.php(59): CodeIgniter\Boot::bootWeb(Object(Config\Paths))
CRITICAL - 2026-02-03 10:41:39 --> ErrorException: Undefined variable $match
[Method: GET, Route: crossvalidation]
in APPPATH\Views\crossvalidation\index.php on line 21.
 1 APPPATH\Views\crossvalidation\index.php(21): CodeIgniter\Debug\Exceptions->errorHandler(2, 'Undefined variable $match', 'C:\\xampp\\htdocs\\iitm\\central\\app\\Views\\crossvalidation\\index.php', 21)
 2 SYSTEMPATH\View\View.php(226): include('C:\\xampp\\htdocs\\iitm\\central\\app\\Views\\crossvalidation\\index.php')
 3 SYSTEMPATH\View\View.php(229): CodeIgniter\View\View->CodeIgniter\View\{closure}()
 4 SYSTEMPATH\Common.php(1199): CodeIgniter\View\View->render('crossvalidation/index', [], true)
 5 APPPATH\Controllers\CrossValidation.php(119): view('crossvalidation/index', [...])
 6 SYSTEMPATH\CodeIgniter.php(933): App\Controllers\CrossValidation->index()
 7 SYSTEMPATH\CodeIgniter.php(507): CodeIgniter\CodeIgniter->runController(Object(App\Controllers\CrossValidation))
 8 SYSTEMPATH\CodeIgniter.php(354): CodeIgniter\CodeIgniter->handleRequest(null, Object(Config\Cache), false)
 9 SYSTEMPATH\Boot.php(363): CodeIgniter\CodeIgniter->run()
10 SYSTEMPATH\Boot.php(68): CodeIgniter\Boot::runCodeIgniter(Object(CodeIgniter\CodeIgniter))
11 FCPATH\index.php(59): CodeIgniter\Boot::bootWeb(Object(Config\Paths))
CRITICAL - 2026-02-03 10:57:11 --> ErrorException: Undefined variable $match
[Method: GET, Route: crossvalidation/crossValidate]
in APPPATH\Views\crossvalidation\index.php on line 52.
 1 APPPATH\Views\crossvalidation\index.php(52): CodeIgniter\Debug\Exceptions->errorHandler(2, 'Undefined variable $match', 'C:\\xampp\\htdocs\\iitm\\central\\app\\Views\\crossvalidation\\index.php', 52)
 2 SYSTEMPATH\View\View.php(226): include('C:\\xampp\\htdocs\\iitm\\central\\app\\Views\\crossvalidation\\index.php')
 3 SYSTEMPATH\View\View.php(229): CodeIgniter\View\View->CodeIgniter\View\{closure}()
 4 SYSTEMPATH\Common.php(1199): CodeIgniter\View\View->render('crossvalidation/index', [], true)
 5 APPPATH\Controllers\CrossValidation.php(119): view('crossvalidation/index', [...])
 6 APPPATH\Controllers\CrossValidation.php(244): App\Controllers\CrossValidation->index()
 7 SYSTEMPATH\CodeIgniter.php(933): App\Controllers\CrossValidation->companyCrossValidation()
 8 SYSTEMPATH\CodeIgniter.php(507): CodeIgniter\CodeIgniter->runController(Object(App\Controllers\CrossValidation))
 9 SYSTEMPATH\CodeIgniter.php(354): CodeIgniter\CodeIgniter->handleRequest(null, Object(Config\Cache), false)
10 SYSTEMPATH\Boot.php(363): CodeIgniter\CodeIgniter->run()
11 SYSTEMPATH\Boot.php(68): CodeIgniter\Boot::runCodeIgniter(Object(CodeIgniter\CodeIgniter))
12 FCPATH\index.php(59): CodeIgniter\Boot::bootWeb(Object(Config\Paths))
CRITICAL - 2026-02-03 10:58:04 --> ErrorException: Undefined array key "contact_id"
[Method: GET, Route: crossvalidation/crossValidate]
in APPPATH\Views\crossvalidation\index.php on line 108.
 1 APPPATH\Views\crossvalidation\index.php(108): CodeIgniter\Debug\Exceptions->errorHandler(2, 'Undefined array key "contact_id"', 'C:\\xampp\\htdocs\\iitm\\central\\app\\Views\\crossvalidation\\index.php', 108)
 2 SYSTEMPATH\View\View.php(226): include('C:\\xampp\\htdocs\\iitm\\central\\app\\Views\\crossvalidation\\index.php')
 3 SYSTEMPATH\View\View.php(229): CodeIgniter\View\View->CodeIgniter\View\{closure}()
 4 SYSTEMPATH\Common.php(1199): CodeIgniter\View\View->render('crossvalidation/index', [], true)
 5 APPPATH\Controllers\CrossValidation.php(119): view('crossvalidation/index', [...])
 6 APPPATH\Controllers\CrossValidation.php(244): App\Controllers\CrossValidation->index()
 7 SYSTEMPATH\CodeIgniter.php(933): App\Controllers\CrossValidation->companyCrossValidation()
 8 SYSTEMPATH\CodeIgniter.php(507): CodeIgniter\CodeIgniter->runController(Object(App\Controllers\CrossValidation))
 9 SYSTEMPATH\CodeIgniter.php(354): CodeIgniter\CodeIgniter->handleRequest(null, Object(Config\Cache), false)
10 SYSTEMPATH\Boot.php(363): CodeIgniter\CodeIgniter->run()
11 SYSTEMPATH\Boot.php(68): CodeIgniter\Boot::runCodeIgniter(Object(CodeIgniter\CodeIgniter))
12 FCPATH\index.php(59): CodeIgniter\Boot::bootWeb(Object(Config\Paths))
CRITICAL - 2026-02-03 10:58:12 --> ErrorException: Undefined array key "contact_id"
[Method: GET, Route: crossvalidation/crossValidate]
in APPPATH\Views\crossvalidation\index.php on line 106.
 1 APPPATH\Views\crossvalidation\index.php(106): CodeIgniter\Debug\Exceptions->errorHandler(2, 'Undefined array key "contact_id"', 'C:\\xampp\\htdocs\\iitm\\central\\app\\Views\\crossvalidation\\index.php', 106)
 2 SYSTEMPATH\View\View.php(226): include('C:\\xampp\\htdocs\\iitm\\central\\app\\Views\\crossvalidation\\index.php')
 3 SYSTEMPATH\View\View.php(229): CodeIgniter\View\View->CodeIgniter\View\{closure}()
 4 SYSTEMPATH\Common.php(1199): CodeIgniter\View\View->render('crossvalidation/index', [], true)
 5 APPPATH\Controllers\CrossValidation.php(119): view('crossvalidation/index', [...])
 6 APPPATH\Controllers\CrossValidation.php(244): App\Controllers\CrossValidation->index()
 7 SYSTEMPATH\CodeIgniter.php(933): App\Controllers\CrossValidation->companyCrossValidation()
 8 SYSTEMPATH\CodeIgniter.php(507): CodeIgniter\CodeIgniter->runController(Object(App\Controllers\CrossValidation))
 9 SYSTEMPATH\CodeIgniter.php(354): CodeIgniter\CodeIgniter->handleRequest(null, Object(Config\Cache), false)
10 SYSTEMPATH\Boot.php(363): CodeIgniter\CodeIgniter->run()
11 SYSTEMPATH\Boot.php(68): CodeIgniter\Boot::runCodeIgniter(Object(CodeIgniter\CodeIgniter))
12 FCPATH\index.php(59): CodeIgniter\Boot::bootWeb(Object(Config\Paths))
CRITICAL - 2026-02-03 10:58:16 --> ErrorException: Undefined array key "contact_id"
[Method: GET, Route: crossvalidation/crossValidate]
in APPPATH\Views\crossvalidation\index.php on line 42.
 1 APPPATH\Views\crossvalidation\index.php(42): CodeIgniter\Debug\Exceptions->errorHandler(2, 'Undefined array key "contact_id"', 'C:\\xampp\\htdocs\\iitm\\central\\app\\Views\\crossvalidation\\index.php', 42)
 2 SYSTEMPATH\View\View.php(226): include('C:\\xampp\\htdocs\\iitm\\central\\app\\Views\\crossvalidation\\index.php')
 3 SYSTEMPATH\View\View.php(229): CodeIgniter\View\View->CodeIgniter\View\{closure}()
 4 SYSTEMPATH\Common.php(1199): CodeIgniter\View\View->render('crossvalidation/index', [], true)
 5 APPPATH\Controllers\CrossValidation.php(119): view('crossvalidation/index', [...])
 6 APPPATH\Controllers\CrossValidation.php(244): App\Controllers\CrossValidation->index()
 7 SYSTEMPATH\CodeIgniter.php(933): App\Controllers\CrossValidation->companyCrossValidation()
 8 SYSTEMPATH\CodeIgniter.php(507): CodeIgniter\CodeIgniter->runController(Object(App\Controllers\CrossValidation))
 9 SYSTEMPATH\CodeIgniter.php(354): CodeIgniter\CodeIgniter->handleRequest(null, Object(Config\Cache), false)
10 SYSTEMPATH\Boot.php(363): CodeIgniter\CodeIgniter->run()
11 SYSTEMPATH\Boot.php(68): CodeIgniter\Boot::runCodeIgniter(Object(CodeIgniter\CodeIgniter))
12 FCPATH\index.php(59): CodeIgniter\Boot::bootWeb(Object(Config\Paths))
CRITICAL - 2026-02-03 10:58:24 --> ErrorException: Undefined array key "contact_id"
[Method: GET, Route: crossvalidation/crossValidate]
in APPPATH\Views\crossvalidation\index.php on line 31.
 1 APPPATH\Views\crossvalidation\index.php(31): CodeIgniter\Debug\Exceptions->errorHandler(2, 'Undefined array key "contact_id"', 'C:\\xampp\\htdocs\\iitm\\central\\app\\Views\\crossvalidation\\index.php', 31)
 2 SYSTEMPATH\View\View.php(226): include('C:\\xampp\\htdocs\\iitm\\central\\app\\Views\\crossvalidation\\index.php')
 3 SYSTEMPATH\View\View.php(229): CodeIgniter\View\View->CodeIgniter\View\{closure}()
 4 SYSTEMPATH\Common.php(1199): CodeIgniter\View\View->render('crossvalidation/index', [], true)
 5 APPPATH\Controllers\CrossValidation.php(119): view('crossvalidation/index', [...])
 6 APPPATH\Controllers\CrossValidation.php(244): App\Controllers\CrossValidation->index()
 7 SYSTEMPATH\CodeIgniter.php(933): App\Controllers\CrossValidation->companyCrossValidation()
 8 SYSTEMPATH\CodeIgniter.php(507): CodeIgniter\CodeIgniter->runController(Object(App\Controllers\CrossValidation))
 9 SYSTEMPATH\CodeIgniter.php(354): CodeIgniter\CodeIgniter->handleRequest(null, Object(Config\Cache), false)
10 SYSTEMPATH\Boot.php(363): CodeIgniter\CodeIgniter->run()
11 SYSTEMPATH\Boot.php(68): CodeIgniter\Boot::runCodeIgniter(Object(CodeIgniter\CodeIgniter))
12 FCPATH\index.php(59): CodeIgniter\Boot::bootWeb(Object(Config\Paths))
CRITICAL - 2026-02-03 11:25:28 --> ParseError: syntax error, unexpected token "[", expecting "("
[Method: GET, Route: crossvalidation/crossValidate]
in APPPATH\Views\crossvalidation\index.php on line 29.
 1 SYSTEMPATH\View\View.php(229): CodeIgniter\View\View->CodeIgniter\View\{closure}()
 2 SYSTEMPATH\Common.php(1199): CodeIgniter\View\View->render('crossvalidation/index', [], true)
 3 APPPATH\Controllers\CrossValidation.php(119): view('crossvalidation/index', [...])
 4 APPPATH\Controllers\CrossValidation.php(244): App\Controllers\CrossValidation->index()
 5 SYSTEMPATH\CodeIgniter.php(933): App\Controllers\CrossValidation->companyCrossValidation()
 6 SYSTEMPATH\CodeIgniter.php(507): CodeIgniter\CodeIgniter->runController(Object(App\Controllers\CrossValidation))
 7 SYSTEMPATH\CodeIgniter.php(354): CodeIgniter\CodeIgniter->handleRequest(null, Object(Config\Cache), false)
 8 SYSTEMPATH\Boot.php(363): CodeIgniter\CodeIgniter->run()
 9 SYSTEMPATH\Boot.php(68): CodeIgniter\Boot::runCodeIgniter(Object(CodeIgniter\CodeIgniter))
10 FCPATH\index.php(59): CodeIgniter\Boot::bootWeb(Object(Config\Paths))
CRITICAL - 2026-02-03 11:29:40 --> ParseError: syntax error, unexpected end of file
[Method: GET, Route: crossvalidation/crossValidateContact]
in APPPATH\Views\crossvalidation\index.php on line 184.
 1 SYSTEMPATH\View\View.php(229): CodeIgniter\View\View->CodeIgniter\View\{closure}()
 2 SYSTEMPATH\Common.php(1199): CodeIgniter\View\View->render('crossvalidation/index', [], true)
 3 APPPATH\Controllers\CrossValidation.php(119): view('crossvalidation/index', [...])
 4 APPPATH\Controllers\CrossValidation.php(359): App\Controllers\CrossValidation->index()
 5 SYSTEMPATH\CodeIgniter.php(933): App\Controllers\CrossValidation->contactCrossValidation()
 6 SYSTEMPATH\CodeIgniter.php(507): CodeIgniter\CodeIgniter->runController(Object(App\Controllers\CrossValidation))
 7 SYSTEMPATH\CodeIgniter.php(354): CodeIgniter\CodeIgniter->handleRequest(null, Object(Config\Cache), false)
 8 SYSTEMPATH\Boot.php(363): CodeIgniter\CodeIgniter->run()
 9 SYSTEMPATH\Boot.php(68): CodeIgniter\Boot::runCodeIgniter(Object(CodeIgniter\CodeIgniter))
10 FCPATH\index.php(59): CodeIgniter\Boot::bootWeb(Object(Config\Paths))
