CRITICAL - 2026-02-11 06:33:47 --> ArgumentCountError: Too few arguments to function App\Controllers\Booking::processPayment(), 0 passed in C:\xampp\htdocs\iitm\central\vendor\codeigniter4\framework\system\CodeIgniter.php on line 933 and exactly 1 expected
[Method: POST, Route: booking/processPayment]
in APPPATH\Controllers\Booking.php on line 105.
 1 SYSTEMPATH\CodeIgniter.php(933): App\Controllers\Booking->processPayment()
 2 SYSTEMPATH\CodeIgniter.php(507): CodeIgniter\CodeIgniter->runController(Object(App\Controllers\Booking))
 3 SYSTEMPATH\CodeIgniter.php(354): CodeIgniter\CodeIgniter->handleRequest(null, Object(Config\Cache), false)
 4 SYSTEMPATH\Boot.php(363): CodeIgniter\CodeIgniter->run()
 5 SYSTEMPATH\Boot.php(68): CodeIgniter\Boot::runCodeIgniter(Object(CodeIgniter\CodeIgniter))
 6 FCPATH\index.php(59): CodeIgniter\Boot::bootWeb(Object(Config\Paths))
CRITICAL - 2026-02-11 06:35:47 --> ErrorException: Undefined variable $lead
[Method: POST, Route: booking/processPayment]
in APPPATH\Views\booking\header3.php on line 180.
 1 APPPATH\Views\booking\header3.php(180): CodeIgniter\Debug\Exceptions->errorHandler(2, 'Undefined variable $lead', 'C:\\xampp\\htdocs\\iitm\\central\\app\\Views\\booking\\header3.php', 180)
 2 APPPATH\Views\booking\payment.php(3): include('C:\\xampp\\htdocs\\iitm\\central\\app\\Views\\booking\\header3.php')
 3 SYSTEMPATH\View\View.php(226): include('C:\\xampp\\htdocs\\iitm\\central\\app\\Views\\booking\\payment.php')
 4 SYSTEMPATH\View\View.php(229): CodeIgniter\View\View->CodeIgniter\View\{closure}()
 5 SYSTEMPATH\Common.php(1199): CodeIgniter\View\View->render('booking/payment', [], true)
 6 APPPATH\Controllers\Booking.php(145): view('booking/payment', [...])
 7 SYSTEMPATH\CodeIgniter.php(933): App\Controllers\Booking->processPayment()
 8 SYSTEMPATH\CodeIgniter.php(507): CodeIgniter\CodeIgniter->runController(Object(App\Controllers\Booking))
 9 SYSTEMPATH\CodeIgniter.php(354): CodeIgniter\CodeIgniter->handleRequest(null, Object(Config\Cache), false)
10 SYSTEMPATH\Boot.php(363): CodeIgniter\CodeIgniter->run()
11 SYSTEMPATH\Boot.php(68): CodeIgniter\Boot::runCodeIgniter(Object(CodeIgniter\CodeIgniter))
12 FCPATH\index.php(59): CodeIgniter\Boot::bootWeb(Object(Config\Paths))
CRITICAL - 2026-02-11 06:38:39 --> ErrorException: Array to string conversion
[Method: POST, Route: booking/processPayment]
in APPPATH\Views\booking\payment.php on line 5.
 1 APPPATH\Views\booking\payment.php(5): CodeIgniter\Debug\Exceptions->errorHandler(2, 'Array to string conversion', 'C:\\xampp\\htdocs\\iitm\\central\\app\\Views\\booking\\payment.php', 5)
 2 SYSTEMPATH\View\View.php(226): include('C:\\xampp\\htdocs\\iitm\\central\\app\\Views\\booking\\payment.php')
 3 SYSTEMPATH\View\View.php(229): CodeIgniter\View\View->CodeIgniter\View\{closure}()
 4 SYSTEMPATH\Common.php(1199): CodeIgniter\View\View->render('booking/payment', [], true)
 5 APPPATH\Controllers\Booking.php(145): view('booking/payment', [...])
 6 SYSTEMPATH\CodeIgniter.php(933): App\Controllers\Booking->processPayment()
 7 SYSTEMPATH\CodeIgniter.php(507): CodeIgniter\CodeIgniter->runController(Object(App\Controllers\Booking))
 8 SYSTEMPATH\CodeIgniter.php(354): CodeIgniter\CodeIgniter->handleRequest(null, Object(Config\Cache), false)
 9 SYSTEMPATH\Boot.php(363): CodeIgniter\CodeIgniter->run()
10 SYSTEMPATH\Boot.php(68): CodeIgniter\Boot::runCodeIgniter(Object(CodeIgniter\CodeIgniter))
11 FCPATH\index.php(59): CodeIgniter\Boot::bootWeb(Object(Config\Paths))
CRITICAL - 2026-02-11 06:44:34 --> ErrorException: Undefined variable $8
[Method: POST, Route: booking/processPayment]
in APPPATH\Views\booking\payment.php on line 8.
 1 APPPATH\Views\booking\payment.php(8): CodeIgniter\Debug\Exceptions->errorHandler(2, 'Undefined variable $8', 'C:\\xampp\\htdocs\\iitm\\central\\app\\Views\\booking\\payment.php', 8)
 2 SYSTEMPATH\View\View.php(226): include('C:\\xampp\\htdocs\\iitm\\central\\app\\Views\\booking\\payment.php')
 3 SYSTEMPATH\View\View.php(229): CodeIgniter\View\View->CodeIgniter\View\{closure}()
 4 SYSTEMPATH\Common.php(1199): CodeIgniter\View\View->render('booking/payment', [], true)
 5 APPPATH\Controllers\Booking.php(145): view('booking/payment', [...])
 6 SYSTEMPATH\CodeIgniter.php(933): App\Controllers\Booking->processPayment()
 7 SYSTEMPATH\CodeIgniter.php(507): CodeIgniter\CodeIgniter->runController(Object(App\Controllers\Booking))
 8 SYSTEMPATH\CodeIgniter.php(354): CodeIgniter\CodeIgniter->handleRequest(null, Object(Config\Cache), false)
 9 SYSTEMPATH\Boot.php(363): CodeIgniter\CodeIgniter->run()
10 SYSTEMPATH\Boot.php(68): CodeIgniter\Boot::runCodeIgniter(Object(CodeIgniter\CodeIgniter))
11 FCPATH\index.php(59): CodeIgniter\Boot::bootWeb(Object(Config\Paths))
CRITICAL - 2026-02-11 06:44:46 --> ErrorException: Undefined variable $8
[Method: POST, Route: booking/processPayment]
in APPPATH\Views\booking\payment.php on line 8.
 1 APPPATH\Views\booking\payment.php(8): CodeIgniter\Debug\Exceptions->errorHandler(2, 'Undefined variable $8', 'C:\\xampp\\htdocs\\iitm\\central\\app\\Views\\booking\\payment.php', 8)
 2 SYSTEMPATH\View\View.php(226): include('C:\\xampp\\htdocs\\iitm\\central\\app\\Views\\booking\\payment.php')
 3 SYSTEMPATH\View\View.php(229): CodeIgniter\View\View->CodeIgniter\View\{closure}()
 4 SYSTEMPATH\Common.php(1199): CodeIgniter\View\View->render('booking/payment', [], true)
 5 APPPATH\Controllers\Booking.php(145): view('booking/payment', [...])
 6 SYSTEMPATH\CodeIgniter.php(933): App\Controllers\Booking->processPayment()
 7 SYSTEMPATH\CodeIgniter.php(507): CodeIgniter\CodeIgniter->runController(Object(App\Controllers\Booking))
 8 SYSTEMPATH\CodeIgniter.php(354): CodeIgniter\CodeIgniter->handleRequest(null, Object(Config\Cache), false)
 9 SYSTEMPATH\Boot.php(363): CodeIgniter\CodeIgniter->run()
10 SYSTEMPATH\Boot.php(68): CodeIgniter\Boot::runCodeIgniter(Object(CodeIgniter\CodeIgniter))
11 FCPATH\index.php(59): CodeIgniter\Boot::bootWeb(Object(Config\Paths))
CRITICAL - 2026-02-11 06:46:23 --> TypeError: Cannot access offset of type string on string
[Method: POST, Route: booking/processPayment]
in APPPATH\Views\booking\header3.php on line 180.
 1 APPPATH\Views\booking\payment.php(11): include()
 2 SYSTEMPATH\View\View.php(226): include('C:\\xampp\\htdocs\\iitm\\central\\app\\Views\\booking\\payment.php')
 3 SYSTEMPATH\View\View.php(229): CodeIgniter\View\View->CodeIgniter\View\{closure}()
 4 SYSTEMPATH\Common.php(1199): CodeIgniter\View\View->render('booking/payment', [], true)
 5 APPPATH\Controllers\Booking.php(145): view('booking/payment', [...])
 6 SYSTEMPATH\CodeIgniter.php(933): App\Controllers\Booking->processPayment()
 7 SYSTEMPATH\CodeIgniter.php(507): CodeIgniter\CodeIgniter->runController(Object(App\Controllers\Booking))
 8 SYSTEMPATH\CodeIgniter.php(354): CodeIgniter\CodeIgniter->handleRequest(null, Object(Config\Cache), false)
 9 SYSTEMPATH\Boot.php(363): CodeIgniter\CodeIgniter->run()
10 SYSTEMPATH\Boot.php(68): CodeIgniter\Boot::runCodeIgniter(Object(CodeIgniter\CodeIgniter))
11 FCPATH\index.php(59): CodeIgniter\Boot::bootWeb(Object(Config\Paths))
CRITICAL - 2026-02-11 06:47:04 --> TypeError: Cannot access offset of type string on string
[Method: POST, Route: booking/processPayment]
in APPPATH\Views\booking\header3.php on line 180.
 1 APPPATH\Views\booking\payment.php(11): include()
 2 SYSTEMPATH\View\View.php(226): include('C:\\xampp\\htdocs\\iitm\\central\\app\\Views\\booking\\payment.php')
 3 SYSTEMPATH\View\View.php(229): CodeIgniter\View\View->CodeIgniter\View\{closure}()
 4 SYSTEMPATH\Common.php(1199): CodeIgniter\View\View->render('booking/payment', [], true)
 5 APPPATH\Controllers\Booking.php(145): view('booking/payment', [...])
 6 SYSTEMPATH\CodeIgniter.php(933): App\Controllers\Booking->processPayment()
 7 SYSTEMPATH\CodeIgniter.php(507): CodeIgniter\CodeIgniter->runController(Object(App\Controllers\Booking))
 8 SYSTEMPATH\CodeIgniter.php(354): CodeIgniter\CodeIgniter->handleRequest(null, Object(Config\Cache), false)
 9 SYSTEMPATH\Boot.php(363): CodeIgniter\CodeIgniter->run()
10 SYSTEMPATH\Boot.php(68): CodeIgniter\Boot::runCodeIgniter(Object(CodeIgniter\CodeIgniter))
11 FCPATH\index.php(59): CodeIgniter\Boot::bootWeb(Object(Config\Paths))
CRITICAL - 2026-02-11 06:47:12 --> TypeError: Cannot access offset of type string on string
[Method: POST, Route: booking/processPayment]
in APPPATH\Views\booking\header3.php on line 180.
 1 APPPATH\Views\booking\payment.php(11): include()
 2 SYSTEMPATH\View\View.php(226): include('C:\\xampp\\htdocs\\iitm\\central\\app\\Views\\booking\\payment.php')
 3 SYSTEMPATH\View\View.php(229): CodeIgniter\View\View->CodeIgniter\View\{closure}()
 4 SYSTEMPATH\Common.php(1199): CodeIgniter\View\View->render('booking/payment', [], true)
 5 APPPATH\Controllers\Booking.php(145): view('booking/payment', [...])
 6 SYSTEMPATH\CodeIgniter.php(933): App\Controllers\Booking->processPayment()
 7 SYSTEMPATH\CodeIgniter.php(507): CodeIgniter\CodeIgniter->runController(Object(App\Controllers\Booking))
 8 SYSTEMPATH\CodeIgniter.php(354): CodeIgniter\CodeIgniter->handleRequest(null, Object(Config\Cache), false)
 9 SYSTEMPATH\Boot.php(363): CodeIgniter\CodeIgniter->run()
10 SYSTEMPATH\Boot.php(68): CodeIgniter\Boot::runCodeIgniter(Object(CodeIgniter\CodeIgniter))
11 FCPATH\index.php(59): CodeIgniter\Boot::bootWeb(Object(Config\Paths))
CRITICAL - 2026-02-11 07:12:41 --> CodeIgniter\View\Exceptions\ViewException: Invalid file: "booking/exhibitor/summary.php"
[Method: GET, Route: booking/summary/8]
in SYSTEMPATH\Exceptions\FrameworkException.php on line 39.
 1 SYSTEMPATH\View\View.php(214): CodeIgniter\Exceptions\FrameworkException::forInvalidFile('booking/exhibitor/summary.php')
 2 SYSTEMPATH\Common.php(1199): CodeIgniter\View\View->render('booking/exhibitor/summary', [], true)
 3 APPPATH\Controllers\Booking.php(185): view('booking/exhibitor/summary', [...])
 4 SYSTEMPATH\CodeIgniter.php(933): App\Controllers\Booking->summary('8')
 5 SYSTEMPATH\CodeIgniter.php(507): CodeIgniter\CodeIgniter->runController(Object(App\Controllers\Booking))
 6 SYSTEMPATH\CodeIgniter.php(354): CodeIgniter\CodeIgniter->handleRequest(null, Object(Config\Cache), false)
 7 SYSTEMPATH\Boot.php(363): CodeIgniter\CodeIgniter->run()
 8 SYSTEMPATH\Boot.php(68): CodeIgniter\Boot::runCodeIgniter(Object(CodeIgniter\CodeIgniter))
 9 FCPATH\index.php(59): CodeIgniter\Boot::bootWeb(Object(Config\Paths))
CRITICAL - 2026-02-11 09:38:07 --> ErrorException: Undefined array key "location"
[Method: POST, Route: booking/processPayment]
in APPPATH\Controllers\Booking.php on line 115.
 1 APPPATH\Controllers\Booking.php(115): CodeIgniter\Debug\Exceptions->errorHandler(2, 'Undefined array key "location"', 'C:\\xampp\\htdocs\\iitm\\central\\app\\Controllers\\Booking.php', 115)
 2 SYSTEMPATH\CodeIgniter.php(933): App\Controllers\Booking->processPayment()
 3 SYSTEMPATH\CodeIgniter.php(507): CodeIgniter\CodeIgniter->runController(Object(App\Controllers\Booking))
 4 SYSTEMPATH\CodeIgniter.php(354): CodeIgniter\CodeIgniter->handleRequest(null, Object(Config\Cache), false)
 5 SYSTEMPATH\Boot.php(363): CodeIgniter\CodeIgniter->run()
 6 SYSTEMPATH\Boot.php(68): CodeIgniter\Boot::runCodeIgniter(Object(CodeIgniter\CodeIgniter))
 7 FCPATH\index.php(59): CodeIgniter\Boot::bootWeb(Object(Config\Paths))
CRITICAL - 2026-02-11 09:38:13 --> ErrorException: Undefined array key "location"
[Method: POST, Route: booking/processPayment]
in APPPATH\Controllers\Booking.php on line 115.
 1 APPPATH\Controllers\Booking.php(115): CodeIgniter\Debug\Exceptions->errorHandler(2, 'Undefined array key "location"', 'C:\\xampp\\htdocs\\iitm\\central\\app\\Controllers\\Booking.php', 115)
 2 SYSTEMPATH\CodeIgniter.php(933): App\Controllers\Booking->processPayment()
 3 SYSTEMPATH\CodeIgniter.php(507): CodeIgniter\CodeIgniter->runController(Object(App\Controllers\Booking))
 4 SYSTEMPATH\CodeIgniter.php(354): CodeIgniter\CodeIgniter->handleRequest(null, Object(Config\Cache), false)
 5 SYSTEMPATH\Boot.php(363): CodeIgniter\CodeIgniter->run()
 6 SYSTEMPATH\Boot.php(68): CodeIgniter\Boot::runCodeIgniter(Object(CodeIgniter\CodeIgniter))
 7 FCPATH\index.php(59): CodeIgniter\Boot::bootWeb(Object(Config\Paths))
ERROR - 2026-02-11 09:39:54 --> mysqli_sql_exception: Table 'central.lead_locations' doesn't exist in C:\xampp\htdocs\iitm\central\vendor\codeigniter4\framework\system\Database\MySQLi\Connection.php:327
Stack trace:
#0 C:\xampp\htdocs\iitm\central\vendor\codeigniter4\framework\system\Database\MySQLi\Connection.php(327): mysqli->query('INSERT INTO `le...', 0)
#1 C:\xampp\htdocs\iitm\central\vendor\codeigniter4\framework\system\Database\BaseConnection.php(729): CodeIgniter\Database\MySQLi\Connection->execute('INSERT INTO `le...')
#2 C:\xampp\htdocs\iitm\central\vendor\codeigniter4\framework\system\Database\BaseConnection.php(646): CodeIgniter\Database\BaseConnection->simpleQuery('INSERT INTO `le...')
#3 C:\xampp\htdocs\iitm\central\vendor\codeigniter4\framework\system\Database\BaseBuilder.php(2345): CodeIgniter\Database\BaseConnection->query('INSERT INTO `le...', Array, false)
#4 C:\xampp\htdocs\iitm\central\app\Controllers\Booking.php(143): CodeIgniter\Database\BaseBuilder->insert(Array)
#5 C:\xampp\htdocs\iitm\central\vendor\codeigniter4\framework\system\CodeIgniter.php(933): App\Controllers\Booking->processPayment()
#6 C:\xampp\htdocs\iitm\central\vendor\codeigniter4\framework\system\CodeIgniter.php(507): CodeIgniter\CodeIgniter->runController(Object(App\Controllers\Booking))
#7 C:\xampp\htdocs\iitm\central\vendor\codeigniter4\framework\system\CodeIgniter.php(354): CodeIgniter\CodeIgniter->handleRequest(NULL, Object(Config\Cache), false)
#8 C:\xampp\htdocs\iitm\central\vendor\codeigniter4\framework\system\Boot.php(363): CodeIgniter\CodeIgniter->run()
#9 C:\xampp\htdocs\iitm\central\vendor\codeigniter4\framework\system\Boot.php(68): CodeIgniter\Boot::runCodeIgniter(Object(CodeIgniter\CodeIgniter))
#10 C:\xampp\htdocs\iitm\central\index.php(59): CodeIgniter\Boot::bootWeb(Object(Config\Paths))
#11 {main}
CRITICAL - 2026-02-11 09:39:54 --> CodeIgniter\Database\Exceptions\DatabaseException: Table 'central.lead_locations' doesn't exist
[Method: POST, Route: booking/processPayment]
in SYSTEMPATH\Database\BaseConnection.php on line 684.
 1 SYSTEMPATH\Database\BaseBuilder.php(2345): CodeIgniter\Database\BaseConnection->query('INSERT INTO `lead_locations` (`lead_id`, `company_id`, `location`, `size`, `price`, `gst_amount`, `grand_total`) VALUES (:lead_id:, :company_id:, :location:, :size:, :price:, :gst_amount:, :grand_total:)', [...], false)
 2 APPPATH\Controllers\Booking.php(143): CodeIgniter\Database\BaseBuilder->insert([...])
 3 SYSTEMPATH\CodeIgniter.php(933): App\Controllers\Booking->processPayment()
 4 SYSTEMPATH\CodeIgniter.php(507): CodeIgniter\CodeIgniter->runController(Object(App\Controllers\Booking))
 5 SYSTEMPATH\CodeIgniter.php(354): CodeIgniter\CodeIgniter->handleRequest(null, Object(Config\Cache), false)
 6 SYSTEMPATH\Boot.php(363): CodeIgniter\CodeIgniter->run()
 7 SYSTEMPATH\Boot.php(68): CodeIgniter\Boot::runCodeIgniter(Object(CodeIgniter\CodeIgniter))
 8 FCPATH\index.php(59): CodeIgniter\Boot::bootWeb(Object(Config\Paths))
CRITICAL - 2026-02-11 09:39:54 --> [Caused by] CodeIgniter\Database\Exceptions\DatabaseException: Table 'central.lead_locations' doesn't exist
in SYSTEMPATH\Database\MySQLi\Connection.php on line 332.
 1 SYSTEMPATH\Database\BaseConnection.php(729): CodeIgniter\Database\MySQLi\Connection->execute('INSERT INTO `lead_locations` (`lead_id`, `company_id`, `location`, `size`, `price`, `gst_amount`, `grand_total`) VALUES (\'8\', \'C1770296289557\', \'Pune\', 9, 288000, 51840, 339840)')
 2 SYSTEMPATH\Database\BaseConnection.php(646): CodeIgniter\Database\BaseConnection->simpleQuery('INSERT INTO `lead_locations` (`lead_id`, `company_id`, `location`, `size`, `price`, `gst_amount`, `grand_total`) VALUES (\'8\', \'C1770296289557\', \'Pune\', 9, 288000, 51840, 339840)')
 3 SYSTEMPATH\Database\BaseBuilder.php(2345): CodeIgniter\Database\BaseConnection->query('INSERT INTO `lead_locations` (`lead_id`, `company_id`, `location`, `size`, `price`, `gst_amount`, `grand_total`) VALUES (:lead_id:, :company_id:, :location:, :size:, :price:, :gst_amount:, :grand_total:)', [...], false)
 4 APPPATH\Controllers\Booking.php(143): CodeIgniter\Database\BaseBuilder->insert([...])
 5 SYSTEMPATH\CodeIgniter.php(933): App\Controllers\Booking->processPayment()
 6 SYSTEMPATH\CodeIgniter.php(507): CodeIgniter\CodeIgniter->runController(Object(App\Controllers\Booking))
 7 SYSTEMPATH\CodeIgniter.php(354): CodeIgniter\CodeIgniter->handleRequest(null, Object(Config\Cache), false)
 8 SYSTEMPATH\Boot.php(363): CodeIgniter\CodeIgniter->run()
 9 SYSTEMPATH\Boot.php(68): CodeIgniter\Boot::runCodeIgniter(Object(CodeIgniter\CodeIgniter))
10 FCPATH\index.php(59): CodeIgniter\Boot::bootWeb(Object(Config\Paths))
CRITICAL - 2026-02-11 09:39:54 --> [Caused by] mysqli_sql_exception: Table 'central.lead_locations' doesn't exist
in SYSTEMPATH\Database\MySQLi\Connection.php on line 327.
 1 SYSTEMPATH\Database\MySQLi\Connection.php(327): mysqli->query('INSERT INTO `lead_locations` (`lead_id`, `company_id`, `location`, `size`, `price`, `gst_amount`, `grand_total`) VALUES (\'8\', \'C1770296289557\', \'Pune\', 9, 288000, 51840, 339840)', 0)
 2 SYSTEMPATH\Database\BaseConnection.php(729): CodeIgniter\Database\MySQLi\Connection->execute('INSERT INTO `lead_locations` (`lead_id`, `company_id`, `location`, `size`, `price`, `gst_amount`, `grand_total`) VALUES (\'8\', \'C1770296289557\', \'Pune\', 9, 288000, 51840, 339840)')
 3 SYSTEMPATH\Database\BaseConnection.php(646): CodeIgniter\Database\BaseConnection->simpleQuery('INSERT INTO `lead_locations` (`lead_id`, `company_id`, `location`, `size`, `price`, `gst_amount`, `grand_total`) VALUES (\'8\', \'C1770296289557\', \'Pune\', 9, 288000, 51840, 339840)')
 4 SYSTEMPATH\Database\BaseBuilder.php(2345): CodeIgniter\Database\BaseConnection->query('INSERT INTO `lead_locations` (`lead_id`, `company_id`, `location`, `size`, `price`, `gst_amount`, `grand_total`) VALUES (:lead_id:, :company_id:, :location:, :size:, :price:, :gst_amount:, :grand_total:)', [...], false)
 5 APPPATH\Controllers\Booking.php(143): CodeIgniter\Database\BaseBuilder->insert([...])
 6 SYSTEMPATH\CodeIgniter.php(933): App\Controllers\Booking->processPayment()
 7 SYSTEMPATH\CodeIgniter.php(507): CodeIgniter\CodeIgniter->runController(Object(App\Controllers\Booking))
 8 SYSTEMPATH\CodeIgniter.php(354): CodeIgniter\CodeIgniter->handleRequest(null, Object(Config\Cache), false)
 9 SYSTEMPATH\Boot.php(363): CodeIgniter\CodeIgniter->run()
10 SYSTEMPATH\Boot.php(68): CodeIgniter\Boot::runCodeIgniter(Object(CodeIgniter\CodeIgniter))
11 FCPATH\index.php(59): CodeIgniter\Boot::bootWeb(Object(Config\Paths))
CRITICAL - 2026-02-11 09:46:21 --> ErrorException: Undefined array key "location"
[Method: POST, Route: booking/processPayment]
in APPPATH\Controllers\Booking.php on line 115.
 1 APPPATH\Controllers\Booking.php(115): CodeIgniter\Debug\Exceptions->errorHandler(2, 'Undefined array key "location"', 'C:\\xampp\\htdocs\\iitm\\central\\app\\Controllers\\Booking.php', 115)
 2 SYSTEMPATH\CodeIgniter.php(933): App\Controllers\Booking->processPayment()
 3 SYSTEMPATH\CodeIgniter.php(507): CodeIgniter\CodeIgniter->runController(Object(App\Controllers\Booking))
 4 SYSTEMPATH\CodeIgniter.php(354): CodeIgniter\CodeIgniter->handleRequest(null, Object(Config\Cache), false)
 5 SYSTEMPATH\Boot.php(363): CodeIgniter\CodeIgniter->run()
 6 SYSTEMPATH\Boot.php(68): CodeIgniter\Boot::runCodeIgniter(Object(CodeIgniter\CodeIgniter))
 7 FCPATH\index.php(59): CodeIgniter\Boot::bootWeb(Object(Config\Paths))
CRITICAL - 2026-02-11 09:46:35 --> ErrorException: Undefined array key "location"
[Method: POST, Route: booking/processPayment]
in APPPATH\Controllers\Booking.php on line 115.
 1 APPPATH\Controllers\Booking.php(115): CodeIgniter\Debug\Exceptions->errorHandler(2, 'Undefined array key "location"', 'C:\\xampp\\htdocs\\iitm\\central\\app\\Controllers\\Booking.php', 115)
 2 SYSTEMPATH\CodeIgniter.php(933): App\Controllers\Booking->processPayment()
 3 SYSTEMPATH\CodeIgniter.php(507): CodeIgniter\CodeIgniter->runController(Object(App\Controllers\Booking))
 4 SYSTEMPATH\CodeIgniter.php(354): CodeIgniter\CodeIgniter->handleRequest(null, Object(Config\Cache), false)
 5 SYSTEMPATH\Boot.php(363): CodeIgniter\CodeIgniter->run()
 6 SYSTEMPATH\Boot.php(68): CodeIgniter\Boot::runCodeIgniter(Object(CodeIgniter\CodeIgniter))
 7 FCPATH\index.php(59): CodeIgniter\Boot::bootWeb(Object(Config\Paths))
CRITICAL - 2026-02-11 09:49:19 --> ErrorException: Undefined array key "price"
[Method: POST, Route: booking/processPayment]
in APPPATH\Controllers\Booking.php on line 118.
 1 APPPATH\Controllers\Booking.php(118): CodeIgniter\Debug\Exceptions->errorHandler(2, 'Undefined array key "price"', 'C:\\xampp\\htdocs\\iitm\\central\\app\\Controllers\\Booking.php', 118)
 2 SYSTEMPATH\CodeIgniter.php(933): App\Controllers\Booking->processPayment()
 3 SYSTEMPATH\CodeIgniter.php(507): CodeIgniter\CodeIgniter->runController(Object(App\Controllers\Booking))
 4 SYSTEMPATH\CodeIgniter.php(354): CodeIgniter\CodeIgniter->handleRequest(null, Object(Config\Cache), false)
 5 SYSTEMPATH\Boot.php(363): CodeIgniter\CodeIgniter->run()
 6 SYSTEMPATH\Boot.php(68): CodeIgniter\Boot::runCodeIgniter(Object(CodeIgniter\CodeIgniter))
 7 FCPATH\index.php(59): CodeIgniter\Boot::bootWeb(Object(Config\Paths))
CRITICAL - 2026-02-11 09:49:25 --> ErrorException: Undefined array key "price"
[Method: POST, Route: booking/processPayment]
in APPPATH\Controllers\Booking.php on line 118.
 1 APPPATH\Controllers\Booking.php(118): CodeIgniter\Debug\Exceptions->errorHandler(2, 'Undefined array key "price"', 'C:\\xampp\\htdocs\\iitm\\central\\app\\Controllers\\Booking.php', 118)
 2 SYSTEMPATH\CodeIgniter.php(933): App\Controllers\Booking->processPayment()
 3 SYSTEMPATH\CodeIgniter.php(507): CodeIgniter\CodeIgniter->runController(Object(App\Controllers\Booking))
 4 SYSTEMPATH\CodeIgniter.php(354): CodeIgniter\CodeIgniter->handleRequest(null, Object(Config\Cache), false)
 5 SYSTEMPATH\Boot.php(363): CodeIgniter\CodeIgniter->run()
 6 SYSTEMPATH\Boot.php(68): CodeIgniter\Boot::runCodeIgniter(Object(CodeIgniter\CodeIgniter))
 7 FCPATH\index.php(59): CodeIgniter\Boot::bootWeb(Object(Config\Paths))
CRITICAL - 2026-02-11 11:06:25 --> ErrorException: Trying to access array offset on value of type null
[Method: GET, Route: booking/company/3]
in APPPATH\Views\booking\company.php on line 54.
 1 APPPATH\Views\booking\company.php(54): CodeIgniter\Debug\Exceptions->errorHandler(2, 'Trying to access array offset on value of type null', 'C:\\xampp\\htdocs\\iitm\\central\\app\\Views\\booking\\company.php', 54)
 2 SYSTEMPATH\View\View.php(226): include('C:\\xampp\\htdocs\\iitm\\central\\app\\Views\\booking\\company.php')
 3 SYSTEMPATH\View\View.php(229): CodeIgniter\View\View->CodeIgniter\View\{closure}()
 4 SYSTEMPATH\Common.php(1199): CodeIgniter\View\View->render('booking/company', [], true)
 5 APPPATH\Controllers\Booking.php(68): view('booking/company', [...])
 6 SYSTEMPATH\CodeIgniter.php(933): App\Controllers\Booking->company('3')
 7 SYSTEMPATH\CodeIgniter.php(507): CodeIgniter\CodeIgniter->runController(Object(App\Controllers\Booking))
 8 SYSTEMPATH\CodeIgniter.php(354): CodeIgniter\CodeIgniter->handleRequest(null, Object(Config\Cache), false)
 9 SYSTEMPATH\Boot.php(363): CodeIgniter\CodeIgniter->run()
10 SYSTEMPATH\Boot.php(68): CodeIgniter\Boot::runCodeIgniter(Object(CodeIgniter\CodeIgniter))
11 FCPATH\index.php(59): CodeIgniter\Boot::bootWeb(Object(Config\Paths))
CRITICAL - 2026-02-11 13:05:17 --> Error: Call to undefined method App\Controllers\CrossValidation::overwriteContact()
[Method: POST, Route: crossvalidation/actioncontact]
in APPPATH\Controllers\CrossValidation.php on line 494.
 1 SYSTEMPATH\CodeIgniter.php(933): App\Controllers\CrossValidation->handleAction()
 2 SYSTEMPATH\CodeIgniter.php(507): CodeIgniter\CodeIgniter->runController(Object(App\Controllers\CrossValidation))
 3 SYSTEMPATH\CodeIgniter.php(354): CodeIgniter\CodeIgniter->handleRequest(null, Object(Config\Cache), false)
 4 SYSTEMPATH\Boot.php(363): CodeIgniter\CodeIgniter->run()
 5 SYSTEMPATH\Boot.php(68): CodeIgniter\Boot::runCodeIgniter(Object(CodeIgniter\CodeIgniter))
 6 FCPATH\index.php(59): CodeIgniter\Boot::bootWeb(Object(Config\Paths))
